01-01 00:00:13.295 I/SystemServiceManager( 1867): Starting com.android.server.BatteryService
01-01 00:00:13.303 W/BatteryStatsImpl( 1867): Couldn't get kernel wake lock stats
01-01 00:00:13.304 W/BatteryStatsImpl( 1867): Couldn't get kernel wake lock stats
01-01 00:00:13.306 I/SystemServiceManager( 1867): Starting com.android.server.usage.UsageStatsService
01-01 00:00:13.319 I/SystemServiceManager( 1867): Starting com.android.server.webkit.WebViewUpdateService
01-01 00:00:13.325 I/SystemServer( 1867): Reading configuration...
01-01 00:00:13.325 I/SystemServer( 1867): Scheduling Policy
01-01 00:00:13.327 I/SystemServiceManager( 1867): Starting com.android.server.telecom.TelecomLoaderService
01-01 00:00:13.328 I/SystemServer( 1867): Telephony Registry
01-01 00:00:13.350 I/SystemServer( 1867): Entropy Mixer
01-01 00:00:13.355 I/EntropyMixer( 1867): Writing entropy...
01-01 00:00:13.364 I/SystemServer( 1867): Account Manager
01-01 00:00:13.374 I/SystemServer( 1867): Content Manager
01-01 00:00:13.381 I/SystemServer( 1867): System Content Providers
01-01 00:00:13.421 I/SystemServer( 1867): Consumer IR Service
01-01 00:00:13.422 E/ConsumerIrService( 1867): Can't open consumer IR HW Module, error: -2
01-01 00:00:13.422 I/SystemServiceManager( 1867): Starting com.android.server.AlarmManagerService
01-01 00:00:13.426 D/AlarmManagerService( 1867): Kernel timezone updated to -480 minutes west of GMT
01-01 00:00:13.432 I/SystemServer( 1867): Init Watchdog
01-01 00:00:13.433 I/SystemServer( 1867): Input Manager
01-01 00:00:13.434 I/InputManager( 1867): Initializing input manager, mUseDevInputEventForAudioJack=false
01-01 00:00:13.439 I/SystemServer( 1867): Window Manager
01-01 00:00:13.483 I/WindowManager( 1867): No existing display settings /data/system/display_settings.xml; starting empty
01-01 00:00:13.488 D/PermissionCache( 1435): checking android.permission.ACCESS_SURFACE_FLINGER for uid=1000 => granted (482 us)
01-01 00:00:13.559 I/InputManager( 1867): Starting input manager
01-01 00:00:13.561 E/EventHub( 1867): could not get driver version for /dev/input/mouse1, Not a typewriter
01-01 00:00:13.563 I/SystemServer( 1867): Bluetooth Manager Service
01-01 00:00:13.574 D/BluetoothManagerService( 1867): Loading stored name and address
01-01 00:00:13.575 D/BluetoothManagerService( 1867): Stored bluetooth Name=Suma,Address=22:22:E2:3E:EA:B4
01-01 00:00:13.575 I/SystemServer( 1867): Input Method Service
01-01 00:00:13.577 I/EventHub( 1867): New device: id=1, fd=69, path='/dev/input/event2', name='qwerty', classes=0x14, configuration='/system/usr/idc/qwerty.idc', keyLayout='', keyCharacterMap='', builtinKeyboard=false, wakeMechanism=EPOLLWAKEUP, usingClockIoctl=true
01-01 00:00:13.578 E/EventHub( 1867): could not get driver version for /dev/input/mouse0, Not a typewriter
01-01 00:00:13.585 D/EventHub( 1867): No input device configuration file found for device 'Hi mouse'.
01-01 00:00:13.585 I/EventHub( 1867): New device: id=2, fd=70, path='/dev/input/event1', name='Hi mouse', classes=0x8, configuration='', keyLayout='', keyCharacterMap='', builtinKeyboard=false, wakeMechanism=EPOLLWAKEUP, usingClockIoctl=true
01-01 00:00:13.585 D/EventHub( 1867): No input device configuration file found for device 'Hi keyboard'.
01-01 00:00:13.594 W/InputMethodManagerService( 1867): Couldn't create dir.: /data/system/inputmethod
01-01 00:00:13.599 W/EventHub( 1867): Unable to disable kernel key repeat for /dev/input/event0: Function not implemented
01-01 00:00:13.599 I/EventHub( 1867): New device: id=3, fd=71, path='/dev/input/event0', name='Hi keyboard', classes=0x63, configuration='', keyLayout='/system/usr/keylayout/Generic.kl', keyCharacterMap='/system/usr/keychars/Generic.kcm', builtinKeyboard=false, wakeMechanism=EPOLLWAKEUP, usingClockIoctl=true
01-01 00:00:13.599 E/EventHub( 1867): could not get driver version for /dev/input/mice, Not a typewriter
01-01 00:00:13.609 W/InputMethodManagerService( 1867): Skipping input method ComponentInfo{com.suma.midware.back/com.suma.midware.back.sanping.input.SoftInputService}: it does not require the permission android.permission.BIND_INPUT_METHOD
01-01 00:00:13.618 I/SystemServer( 1867): Accessibility Manager
01-01 00:00:13.618 I/InputReader( 1867): Device added: id=-1, name='Virtual', sources=0x00000301
01-01 00:00:13.620 I/InputReader( 1867): Device added: id=3, name='Hi keyboard', sources=0x00000701
01-01 00:00:13.628 I/InputReader( 1867): Device added: id=2, name='Hi mouse', sources=0x00002002
01-01 00:00:13.630 I/InputReader( 1867):   Touch device 'qwerty' could not query the properties of its associated display.  The device will be inoperable until the display size becomes available.
01-01 00:00:13.630 I/InputReader( 1867): Device added: id=1, name='qwerty', sources=0x00001002
01-01 00:00:13.631 I/ActivityManager( 1867): Config changes=1df8 {1.0 ?mcc?mnc zh_CN ?layoutDir sw720dp w1280dp h720dp 160dpi xlrg long land ?uimode ?night -touch -keyb/v/h -nav/h s.2}
01-01 00:00:13.646 I/InputReader( 1867): Reconfiguring input devices.  changes=0x00000004
01-01 00:00:13.646 I/InputReader( 1867): Device reconfigured: id=1, name='qwerty', size 1280x720, orientation 0, mode 1, display id 0
01-01 00:00:13.653 I/UsageStatsService( 1867): User[0] Rollover scheduled @ 2014-01-01 08:00:00(1388534400000)
01-01 00:00:13.674 I/ActivityManager( 1867): Config changes=60 {1.0 ?mcc?mnc zh_CN ?layoutDir sw720dp w1280dp h720dp 160dpi xlrg long land ?uimode ?night -touch -keyb/v/h dpad/v s.3}
01-01 00:00:13.676 I/ActivityManager( 1867): Config changes=8 {1.0 ?mcc?mnc zh_CN ?layoutDir sw720dp w1280dp h720dp 160dpi xlrg long land ?uimode ?night finger -keyb/v/h dpad/v s.4}
01-01 00:00:13.678 I/SystemServer( 1867): Mount Service
01-01 00:00:13.689 D/MountService( 1867): got storage path: /storage/sdcard description: USBå­å¨å¨ primary: true removable: false emulated: false mtpReserve: 0 allowMassStorage: false maxFileSize: 0
01-01 00:00:13.691 D/MountService( 1867): addVolumeLocked() StorageVolume:
01-01 00:00:13.691 D/MountService( 1867):     mStorageId=0 mPath=/storage/sdcard mDescriptionId=17040807 mPrimary=true 
01-01 00:00:13.691 D/MountService( 1867):     mRemovable=false mEmulated=false mMtpReserveSpace=0 
01-01 00:00:13.691 D/MountService( 1867):     mAllowMassStorage=false mMaxFileSize=0 mOwner=null mUuid=null 
01-01 00:00:13.691 D/MountService( 1867):     mUserLabel=null mState=null 
01-01 00:00:13.691 D/MountService( 1867): got storage path: /storage/sdcard0 description: USBå­å¨å¨ primary: false removable: false emulated: false mtpReserve: 0 allowMassStorage: false maxFileSize: 0
01-01 00:00:13.691 D/MountService( 1867): addVolumeLocked() StorageVolume:
01-01 00:00:13.691 D/MountService( 1867):     mStorageId=0 mPath=/storage/sdcard0 mDescriptionId=17040807 mPrimary=false 
01-01 00:00:13.691 D/MountService( 1867):     mRemovable=false mEmulated=false mMtpReserveSpace=0 
01-01 00:00:13.691 D/MountService( 1867):     mAllowMassStorage=false mMaxFileSize=0 mOwner=null mUuid=null 
01-01 00:00:13.691 D/MountService( 1867):     mUserLabel=null mState=null 
01-01 00:00:13.692 D/MountService( 1867): got storage path: /storage/sdcard1 description: USBå­å¨å¨ primary: false removable: false emulated: false mtpReserve: 0 allowMassStorage: false maxFileSize: 0
01-01 00:00:13.692 D/MountService( 1867): addVolumeLocked() StorageVolume:
01-01 00:00:13.692 D/MountService( 1867):     mStorageId=0 mPath=/storage/sdcard1 mDescriptionId=17040807 mPrimary=false 
01-01 00:00:13.692 D/MountService( 1867):     mRemovable=false mEmulated=false mMtpReserveSpace=0 
01-01 00:00:13.692 D/MountService( 1867):     mAllowMassStorage=false mMaxFileSize=0 mOwner=null mUuid=null 
01-01 00:00:13.692 D/MountService( 1867):     mUserLabel=null mState=null 
01-01 00:00:13.692 D/MountService( 1867): got storage path: /storage/sdcard2 description: USBå­å¨å¨ primary: false removable: false emulated: false mtpReserve: 0 allowMassStorage: false maxFileSize: 0
01-01 00:00:13.692 D/MountService( 1867): addVolumeLocked() StorageVolume:
01-01 00:00:13.692 D/MountService( 1867):     mStorageId=0 mPath=/storage/sdcard2 mDescriptionId=17040807 mPrimary=false 
01-01 00:00:13.692 D/MountService( 1867):     mRemovable=false mEmulated=false mMtpReserveSpace=0 
01-01 00:00:13.692 D/MountService( 1867):     mAllowMassStorage=false mMaxFileSize=0 mOwner=null mUuid=null 
01-01 00:00:13.692 D/MountService( 1867):     mUserLabel=null mState=null 
01-01 00:00:13.692 D/MountService( 1867): got storage path: /storage/sdcard3 description: USBå­å¨å¨ primary: false removable: false emulated: false mtpReserve: 0 allowMassStorage: false maxFileSize: 0
01-01 00:00:13.692 D/MountService( 1867): addVolumeLocked() StorageVolume:
01-01 00:00:13.692 D/MountService( 1867):     mStorageId=0 mPath=/storage/sdcard3 mDescriptionId=17040807 mPrimary=false 
01-01 00:00:13.692 D/MountService( 1867):     mRemovable=false mEmulated=false mMtpReserveSpace=0 
01-01 00:00:13.692 D/MountService( 1867):     mAllowMassStorage=false mMaxFileSize=0 mOwner=null mUuid=null 
01-01 00:00:13.692 D/MountService( 1867):     mUserLabel=null mState=null 
01-01 00:00:13.693 D/MountService( 1867): got storage path: /storage/sdcard4 description: USBå­å¨å¨ primary: false removable: false emulated: false mtpReserve: 0 allowMassStorage: false maxFileSize: 0
01-01 00:00:13.693 D/MountService( 1867): addVolumeLocked() StorageVolume:
01-01 00:00:13.693 D/MountService( 1867):     mStorageId=0 mPath=/storage/sdcard4 mDescriptionId=17040807 mPrimary=false 
01-01 00:00:13.693 D/MountService( 1867):     mRemovable=false mEmulated=false mMtpReserveSpace=0 
01-01 00:00:13.693 D/MountService( 1867):     mAllowMassStorage=false mMaxFileSize=0 mOwner=null mUuid=null 
01-01 00:00:13.693 D/MountService( 1867):     mUserLabel=null mState=null 
01-01 00:00:13.693 D/MountService( 1867): got storage path: /storage/sdcard5 description: USBå­å¨å¨ primary: false removable: false emulated: false mtpReserve: 0 allowMassStorage: false maxFileSize: 0
01-01 00:00:13.693 D/MountService( 1867): addVolumeLocked() StorageVolume:
01-01 00:00:13.693 D/MountService( 1867):     mStorageId=0 mPath=/storage/sdcard5 mDescriptionId=17040807 mPrimary=false 
01-01 00:00:13.693 D/MountService( 1867):     mRemovable=false mEmulated=false mMtpReserveSpace=0 
01-01 00:00:13.693 D/MountService( 1867):     mAllowMassStorage=false mMaxFileSize=0 mOwner=null mUuid=null 
01-01 00:00:13.693 D/MountService( 1867):     mUserLabel=null mState=null 
01-01 00:00:13.693 D/MountService( 1867): got storage path: /storage/sdcard6 description: USBå­å¨å¨ primary: false removable: false emulated: false mtpReserve: 0 allowMassStorage: false maxFileSize: 0
01-01 00:00:13.693 D/MountService( 1867): addVolumeLocked() StorageVolume:
01-01 00:00:13.693 D/MountService( 1867):     mStorageId=0 mPath=/storage/sdcard6 mDescriptionId=17040807 mPrimary=false 
01-01 00:00:13.693 D/MountService( 1867):     mRemovable=false mEmulated=false mMtpReserveSpace=0 
01-01 00:00:13.693 D/MountService( 1867):     mAllowMassStorage=false mMaxFileSize=0 mOwner=null mUuid=null 
01-01 00:00:13.693 D/MountService( 1867):     mUserLabel=null mState=null 
01-01 00:00:13.693 D/MountService( 1867): got storage path: /storage/sdcard7 description: USBå­å¨å¨ primary: false removable: false emulated: false mtpReserve: 0 allowMassStorage: false maxFileSize: 0
01-01 00:00:13.694 D/MountService( 1867): addVolumeLocked() StorageVolume:
01-01 00:00:13.694 D/MountService( 1867):     mStorageId=0 mPath=/storage/sdcard7 mDescriptionId=17040807 mPrimary=false 
01-01 00:00:13.694 D/MountService( 1867):     mRemovable=false mEmulated=false mMtpReserveSpace=0 
01-01 00:00:13.694 D/MountService( 1867):     mAllowMassStorage=false mMaxFileSize=0 mOwner=null mUuid=null 
01-01 00:00:13.694 D/MountService( 1867):     mUserLabel=null mState=null 
01-01 00:00:13.694 D/MountService( 1867): got storage path: /storage/sdcard8 description: USBå­å¨å¨ primary: false removable: false emulated: false mtpReserve: 0 allowMassStorage: false maxFileSize: 0
01-01 00:00:13.694 D/MountService( 1867): addVolumeLocked() StorageVolume:
01-01 00:00:13.694 D/MountService( 1867):     mStorageId=0 mPath=/storage/sdcard8 mDescriptionId=17040807 mPrimary=false 
01-01 00:00:13.694 D/MountService( 1867):     mRemovable=false mEmulated=false mMtpReserveSpace=0 
01-01 00:00:13.694 D/MountService( 1867):     mAllowMassStorage=false mMaxFileSize=0 mOwner=null mUuid=null 
01-01 00:00:13.694 D/MountService( 1867):     mUserLabel=null mState=null 
01-01 00:00:13.694 D/MountService( 1867): got storage path: /storage/sdcard9 description: USBå­å¨å¨ primary: false removable: false emulated: false mtpReserve: 0 allowMassStorage: false maxFileSize: 0
01-01 00:00:13.694 D/MountService( 1867): addVolumeLocked() StorageVolume:
01-01 00:00:13.694 D/MountService( 1867):     mStorageId=0 mPath=/storage/sdcard9 mDescriptionId=17040807 mPrimary=false 
01-01 00:00:13.694 D/MountService( 1867):     mRemovable=false mEmulated=false mMtpReserveSpace=0 
01-01 00:00:13.694 D/MountService( 1867):     mAllowMassStorage=false mMaxFileSize=0 mOwner=null mUuid=null 
01-01 00:00:13.694 D/MountService( 1867):     mUserLabel=null mState=null 
01-01 00:00:13.694 D/MountService( 1867): got storage path: /storage/sdcard10 description: USBå­å¨å¨ primary: false removable: false emulated: false mtpReserve: 0 allowMassStorage: false maxFileSize: 0
01-01 00:00:13.694 D/MountService( 1867): addVolumeLocked() StorageVolume:
01-01 00:00:13.694 D/MountService( 1867):     mStorageId=0 mPath=/storage/sdcard10 mDescriptionId=17040807 
01-01 00:00:13.694 D/MountService( 1867):     mPrimary=false mRemovable=false mEmulated=false mMtpReserveSpace=0 
01-01 00:00:13.694 D/MountService( 1867):     mAllowMassStorage=false mMaxFileSize=0 mOwner=null mUuid=null 
01-01 00:00:13.694 D/MountService( 1867):     mUserLabel=null mState=null 
01-01 00:00:13.694 D/MountService( 1867): got storage path: /storage/sdcard11 description: USBå­å¨å¨ primary: false removable: false emulated: false mtpReserve: 0 allowMassStorage: false maxFileSize: 0
01-01 00:00:13.695 D/MountService( 1867): addVolumeLocked() StorageVolume:
01-01 00:00:13.695 D/MountService( 1867):     mStorageId=0 mPath=/storage/sdcard11 mDescriptionId=17040807 
01-01 00:00:13.695 D/MountService( 1867):     mPrimary=false mRemovable=false mEmulated=false mMtpReserveSpace=0 
01-01 00:00:13.695 D/MountService( 1867):     mAllowMassStorage=false mMaxFileSize=0 mOwner=null mUuid=null 
01-01 00:00:13.695 D/MountService( 1867):     mUserLabel=null mState=null 
01-01 00:00:13.695 D/MountService( 1867): got storage path: /storage/sdcard12 description: USBå­å¨å¨ primary: false removable: false emulated: false mtpReserve: 0 allowMassStorage: false maxFileSize: 0
01-01 00:00:13.695 D/MountService( 1867): addVolumeLocked() StorageVolume:
01-01 00:00:13.695 D/MountService( 1867):     mStorageId=0 mPath=/storage/sdcard12 mDescriptionId=17040807 
01-01 00:00:13.695 D/MountService( 1867):     mPrimary=false mRemovable=false mEmulated=false mMtpReserveSpace=0 
01-01 00:00:13.695 D/MountService( 1867):     mAllowMassStorage=false mMaxFileSize=0 mOwner=null mUuid=null 
01-01 00:00:13.695 D/MountService( 1867):     mUserLabel=null mState=null 
01-01 00:00:13.695 D/MountService( 1867): got storage path: /storage/sdcard13 description: USBå­å¨å¨ primary: false removable: false emulated: false mtpReserve: 0 allowMassStorage: false maxFileSize: 0
01-01 00:00:13.695 D/MountService( 1867): addVolumeLocked() StorageVolume:
01-01 00:00:13.695 D/MountService( 1867):     mStorageId=0 mPath=/storage/sdcard13 mDescriptionId=17040807 
01-01 00:00:13.695 D/MountService( 1867):     mPrimary=false mRemovable=false mEmulated=false mMtpReserveSpace=0 
01-01 00:00:13.695 D/MountService( 1867):     mAllowMassStorage=false mMaxFileSize=0 mOwner=null mUuid=null 
01-01 00:00:13.695 D/MountService( 1867):     mUserLabel=null mState=null 
01-01 00:00:13.695 D/MountService( 1867): got storage path: /storage/sdcard14 description: USBå­å¨å¨ primary: false removable: false emulated: false mtpReserve: 0 allowMassStorage: false maxFileSize: 0
01-01 00:00:13.696 D/MountService( 1867): addVolumeLocked() StorageVolume:
01-01 00:00:13.696 D/MountService( 1867):     mStorageId=0 mPath=/storage/sdcard14 mDescriptionId=17040807 
01-01 00:00:13.696 D/MountService( 1867):     mPrimary=false mRemovable=false mEmulated=false mMtpReserveSpace=0 
01-01 00:00:13.696 D/MountService( 1867):     mAllowMassStorage=false mMaxFileSize=0 mOwner=null mUuid=null 
01-01 00:00:13.696 D/MountService( 1867):     mUserLabel=null mState=null 
01-01 00:00:13.696 D/MountService( 1867): got storage path: /storage/sdcard15 description: USBå­å¨å¨ primary: false removable: false emulated: false mtpReserve: 0 allowMassStorage: false maxFileSize: 0
01-01 00:00:13.696 D/MountService( 1867): addVolumeLocked() StorageVolume:
01-01 00:00:13.696 D/MountService( 1867):     mStorageId=0 mPath=/storage/sdcard15 mDescriptionId=17040807 
01-01 00:00:13.696 D/MountService( 1867):     mPrimary=false mRemovable=false mEmulated=false mMtpReserveSpace=0 
01-01 00:00:13.696 D/MountService( 1867):     mAllowMassStorage=false mMaxFileSize=0 mOwner=null mUuid=null 
01-01 00:00:13.696 D/MountService( 1867):     mUserLabel=null mState=null 
01-01 00:00:13.704 I/SystemServer( 1867): LockSettingsService
01-01 00:00:13.710 D/MountService( 1867): volume state changed for /storage/sdcard (unmounted -> removed)
01-01 00:00:13.710 D/MountService( 1867): volume state changed for /storage/sdcard0 (unmounted -> removed)
01-01 00:00:13.710 D/MountService( 1867): volume state changed for /storage/sdcard1 (unmounted -> removed)
01-01 00:00:13.710 D/MountService( 1867): volume state changed for /storage/sdcard2 (unmounted -> removed)
01-01 00:00:13.710 D/MountService( 1867): volume state changed for /storage/sdcard3 (unmounted -> removed)
01-01 00:00:13.710 D/MountService( 1867): volume state changed for /storage/sdcard4 (unmounted -> removed)
01-01 00:00:13.710 D/MountService( 1867): volume state changed for /storage/sdcard5 (unmounted -> removed)
01-01 00:00:13.710 D/MountService( 1867): volume state changed for /storage/sdcard6 (unmounted -> removed)
01-01 00:00:13.710 D/MountService( 1867): volume state changed for /storage/sdcard7 (unmounted -> removed)
01-01 00:00:13.710 D/MountService( 1867): volume state changed for /storage/sdcard8 (unmounted -> removed)
01-01 00:00:13.710 D/MountService( 1867): volume state changed for /storage/sdcard9 (unmounted -> removed)
01-01 00:00:13.710 D/MountService( 1867): volume state changed for /storage/sdcard10 (unmounted -> removed)
01-01 00:00:13.710 D/MountService( 1867): volume state changed for /storage/sdcard11 (unmounted -> removed)
01-01 00:00:13.710 D/MountService( 1867): volume state changed for /storage/sdcard12 (unmounted -> removed)
01-01 00:00:13.710 D/MountService( 1867): volume state changed for /storage/sdcard13 (unmounted -> removed)
01-01 00:00:13.710 D/MountService( 1867): volume state changed for /storage/sdcard14 (unmounted -> removed)
01-01 00:00:13.710 D/MountService( 1867): volume state changed for /storage/sdcard15 (unmounted -> removed)
01-01 00:00:13.714 W/MountService( 1867): getSecureContainerList() called when storage not mounted
01-01 00:00:13.714 I/SystemServiceManager( 1867): Starting com.android.server.devicepolicy.DevicePolicyManagerService$Lifecycle
01-01 00:00:13.717 I/PackageManager( 1867): No secure containers found
01-01 00:00:13.718 W/PackageManager( 1867): Unknown permission android.permission.SYSTEM_OVERLAY_WINDOW in package com.suma.midware.back
01-01 00:00:13.718 W/PackageManager( 1867): Unknown permission com.android.launcher.permission.WRITE_SETTINGS in package com.suma.midware.home
01-01 00:00:13.718 W/PackageManager( 1867): Unknown permission com.android.launcher.permission.READ_SETTINGS in package com.suma.midware.home
01-01 00:00:13.718 W/PackageManager( 1867): Not granting permission android.permission.INSTALL_PACKAGES to package com.sumavision.appstore.client2 (protectionLevel=18 flags=0x8be45)
01-01 00:00:13.718 W/PackageManager( 1867): Not granting permission android.permission.DELETE_PACKAGES to package com.sumavision.appstore.client2 (protectionLevel=18 flags=0x8be45)
01-01 00:00:13.718 W/PackageManager( 1867): Not granting permission android.permission.MOUNT_UNMOUNT_FILESYSTEMS to package com.sumavision.appstore.client2 (protectionLevel=18 flags=0x8be45)
01-01 00:00:13.718 W/PackageManager( 1867): Not granting permission android.permission.CLEAR_APP_USER_DATA to package com.sumavision.appstore.client2 (protectionLevel=2 flags=0x8be45)
01-01 00:00:13.718 W/PackageManager( 1867): Unknown permission com.android.launcher.permission.WRITE_SETTINGS in package com.suma.midware.dvb
01-01 00:00:13.718 W/PackageManager( 1867): Unknown permission com.android.launcher.permission.READ_SETTINGS in package com.suma.midware.dvb
01-01 00:00:13.719 W/PackageManager( 1867): Unknown permission android.permission.WRITE_INTERNAL_STORAGE in package com.sumavision.android.media.v
01-01 00:00:13.719 W/PackageManager( 1867): Unknown permission com.android.launcher.permission.WRITE_SETTINGS in package com.suma.midware.factorymenu
01-01 00:00:13.719 W/PackageManager( 1867): Unknown permission com.android.launcher.permission.READ_SETTINGS in package com.suma.midware.factorymenu
01-01 00:00:13.719 W/PackageManager( 1867): Unknown permission com.google.android.googleapps.permission.GOOGLE_AUTH in package com.android.settings
01-01 00:00:13.719 W/PackageManager( 1867): Unknown permission com.android.launcher.permission.READ_SETTINGS in package com.android.settings
01-01 00:00:13.719 W/PackageManager( 1867): Unknown permission com.android.launcher.permission.WRITE_SETTINGS in package com.android.settings
01-01 00:00:13.720 W/PackageManager( 1867): Unknown permission com.android.smspush.WAPPUSH_MANAGER_BIND in package com.android.phone
01-01 00:00:13.720 W/PackageManager( 1867): Unknown permission com.google.android.gallery3d.permission.GALLERY_PROVIDER in package com.android.bluetooth
01-01 00:00:13.721 W/PackageManager( 1867): Unknown permission com.android.gallery3d.permission.GALLERY_PROVIDER in package com.android.bluetooth
01-01 00:00:13.721 W/PackageManager( 1867): Unknown permission android.permission.MMS_SEND_OUTBOX_MSG in package com.android.bluetooth
01-01 00:00:13.721 W/PackageManager( 1867): Unknown permission com.android.launcher.permission.WRITE_SETTINGS in package com.suma.midware.setting
01-01 00:00:13.721 W/PackageManager( 1867): Unknown permission com.android.launcher.permission.READ_SETTINGS in package com.suma.midware.setting
01-01 00:00:13.788 W/MountService( 1867): getSecureContainerList() called when storage not mounted
01-01 00:00:13.788 I/SystemServer( 1867): Status Bar
01-01 00:00:13.793 I/SystemServer( 1867): Clipboard Service
01-01 00:00:13.798 I/SystemServer( 1867): NetworkManagement Service
01-01 00:00:13.804 D/OpenGLRenderer( 1867): Use EGL_SWAP_BEHAVIOR_PRESERVED: true
01-01 00:00:13.809 I/SystemServer( 1867): Text Service Manager Service
01-01 00:00:13.815 W/TextServicesManagerService( 1867): no available spell checker services found
01-01 00:00:13.816 [1231183272 ERROR-HI_VO]:WIN_Freeze[3913]:Window is DISABLE, can't set pause now!
I/SystemServer( 1867): Network Score Service
01-01 00:00:13.821 I/SystemServer( 1867): NetworkStats Service
01-01 00:00:13.838 I/SystemServer( 1867): NetworkPolicy Service
01-01 00:00:13.862 I/SystemServiceManager( 1867): Starting com.android.server.ethernet.EthernetService
01-01 00:00:13.893 I/EthernetServiceImpl( 1867): Creating EthernetConfigStore
01-01 00:00:13.897 E/IpConfigStore( 1867): Error parsing configuration: java.io.FileNotFoundException: /data/misc/ethernet/ipconfig.txt: open failed: ENOENT (No such file or directory)
01-01 00:00:13.897 W/EthernetConfigStore( 1867): No Ethernet configuration found. Using default.
01-01 00:00:13.898 D/EthernetServiceImpl( 1867): getDatabaseInterfaceName() InterfaceName: eth0
01-01 00:00:13.899 I/OpenGLRenderer( 1867): Initialized EGL, version 1.4
01-01 00:00:13.901 D/OpenGLRenderer( 1867): Enabling debug mode 0
01-01 00:00:13.903 I/EthernetJNI( 1867): interface eth0:2 found
01-01 00:00:13.903 D/EthernetJNI( 1867): android_net_ethernet_initEthernetNative exited with success
01-01 00:00:13.903 I/EthernetServiceImpl( 1867): Read stored IP configuration: IP assignment: DHCP
01-01 00:00:13.903 I/EthernetServiceImpl( 1867): Proxy settings: NONE
01-01 00:00:13.905 D/EthernetServiceImpl( 1867): getEthernetPersistedState() ETHERNET_ON:1
01-01 00:00:13.906 D/EthernetServiceImpl( 1867): setWifiDisguise: true
01-01 00:00:13.907 I/EthernetService( 1867): Registering service ethernet
01-01 00:00:13.913 I/SystemServiceManager( 1867): Starting com.android.server.ethernet.HiPppoeService
01-01 00:00:13.913 I/PppoeService( 1867): Registering service pppoe
01-01 00:00:13.925 I/SystemServiceManager( 1867): Starting com.android.server.wifi.p2p.WifiP2pService
01-01 00:00:13.978 I/WifiP2pService( 1867): Registering wifip2p
01-01 00:00:13.981 I/SystemServiceManager( 1867): Starting com.android.server.wifi.WifiService
01-01 00:00:14.004 I/SurfaceFlinger( 1435): Boot is finished (13821 ms)
01-01 00:00:14.031 D/BootAnimation( 1647): release
01-01 00:00:14.031 E/MediaPlayer( 1647): invoke failed: wrong state 1
01-01 00:00:14.272 E/WifiConfigStore( 1867): associatedPartialScanPeriodMilli set to 20000
01-01 00:00:14.299 D/WifiController( 1867): isAirplaneModeOn = false, isWifiEnabled = false, isScanningAvailable = false
01-01 00:00:14.301 I/WifiService( 1867): Registering wifi
01-01 00:00:14.304 I/SystemServiceManager( 1867): Starting com.android.server.wifi.WifiScanningService
01-01 00:00:14.304 I/WifiScanningService( 1867): Creating wifiscanner
01-01 00:00:14.304 I/WifiScanningService( 1867): Starting wifiscanner
01-01 00:00:14.306 I/SystemServiceManager( 1867): Starting com.android.server.wifi.RttService
01-01 00:00:14.306 I/RttService( 1867): Creating rttmanager
01-01 00:00:14.307 I/RttService( 1867): Starting rttmanager
01-01 00:00:14.307 I/SystemServer( 1867): Connectivity Service
01-01 00:00:14.314 D/ConnectivityService( 1867): ConnectivityService starting up
01-01 00:00:14.319 D/ConnectivityService( 1867): wifiOnly=false
01-01 00:00:14.320 E/ConnectivityService( 1867): Ignoring protectedNetwork 10
01-01 00:00:14.320 E/ConnectivityService( 1867): Ignoring protectedNetwork 11
01-01 00:00:14.320 E/ConnectivityService( 1867): Ignoring protectedNetwork 12
01-01 00:00:14.320 E/ConnectivityService( 1867): Ignoring protectedNetwork 14
01-01 00:00:14.320 E/ConnectivityService( 1867): Ignoring protectedNetwork 15
01-01 00:00:14.344 I/SystemServer( 1867): Network Service Discovery Service
01-01 00:00:14.352 D/NsdService( 1867): Network service discovery enabled true
01-01 00:00:14.354 I/SystemServer( 1867): UpdateLock Service
01-01 00:00:14.373 I/art     ( 1867): Background sticky concurrent mark sweep GC freed 9489(662KB) AllocSpace objects, 0(0B) LOS objects, 20% free, 3MB/4MB, paused 5.742ms total 36.883ms
01-01 00:00:14.411 I/SystemServiceManager( 1867): Starting com.android.server.notification.NotificationManagerService
01-01 00:00:14.458 D/ZenLog  ( 1867): set_zen_mode: off,setting
01-01 00:00:14.461 I/SystemServiceManager( 1867): Starting com.android.server.storage.DeviceStorageMonitorService
01-01 00:00:14.465 I/SystemServer( 1867): Location Manager
01-01 00:00:14.474 I/SystemServer( 1867): Country Detector
01-01 00:00:14.475 I/SystemServer( 1867): Search Service
01-01 00:00:14.480 I/SystemServer( 1867): DropBox Service
01-01 00:00:14.484 I/SystemServer( 1867): Wallpaper Service
01-01 00:00:14.492 I/SystemServer( 1867): Audio Service
01-01 00:00:14.496 W/Vibrator( 1867): Failed to vibrate; no vibrator service.
01-01 00:00:14.504 W/TelecomManager( 1867): Telecom Service not found.
01-01 00:00:14.517 I/SystemServiceManager( 1867): Starting com.android.server.DockObserver
01-01 00:00:14.519 W/DockObserver( 1867): This kernel does not have dock station support
01-01 00:00:14.520 I/SystemServer( 1867): Wired Accessory Manager
01-01 00:00:14.526 W/WiredAccessoryManager( 1867): This kernel does not have usb audio support
01-01 00:00:14.527 I/SystemServiceManager( 1867): Starting com.android.server.usb.UsbService$Lifecycle
01-01 00:00:14.537 I/SystemServer( 1867): Serial Service
01-01 00:00:14.538 I/SystemServiceManager( 1867): Starting com.android.server.twilight.TwilightService
01-01 00:00:14.552 I/SystemServiceManager( 1867): Starting com.android.server.UiModeManagerService
01-01 00:00:14.555 I/art     ( 1867): Background sticky concurrent mark sweep GC freed 6936(514KB) AllocSpace objects, 4(64KB) LOS objects, 11% free, 4MB/4MB, paused 5.033ms total 35.651ms
01-01 00:00:14.560 I/SystemServiceManager( 1867): Starting com.android.server.job.JobSchedulerService
01-01 00:00:14.575 I/SystemServiceManager( 1867): Starting com.android.server.backup.BackupManagerService$Lifecycle
01-01 00:00:14.580 I/SystemServiceManager( 1867): Starting com.android.server.appwidget.AppWidgetService
01-01 00:00:14.586 I/SystemServiceManager( 1867): Starting com.android.server.voiceinteraction.VoiceInteractionManagerService
01-01 00:00:14.592 W/SoundTriggerHelper( 1867): listModules status=0, # of modules=0
01-01 00:00:14.592 I/SystemServer( 1867): DiskStats Service
01-01 00:00:14.593 I/SystemServer( 1867): SamplingProfiler Service
01-01 00:00:14.604 I/SystemServer( 1867): NetworkTimeUpdateService
01-01 00:00:14.606 I/SystemServer( 1867): CommonTimeManagementService
01-01 00:00:14.610 I/SystemServer( 1867): CertBlacklister
01-01 00:00:14.612 I/SystemServiceManager( 1867): Starting com.android.server.dreams.DreamManagerService
01-01 00:00:14.623 I/SystemServer( 1867): Assets Atlas Service
01-01 00:00:14.627 I/SystemServiceManager( 1867): Starting com.android.server.print.PrintManagerService
01-01 00:00:14.629 D/AssetAtlas( 1867): Loaded configuration: SliceMinArea (768x768) flags=0x2 count=2
01-01 00:00:14.639 I/SystemServiceManager( 1867): Starting com.android.server.restrictions.RestrictionsManagerService
01-01 00:00:14.643 I/SystemServiceManager( 1867): Starting com.android.server.media.MediaSessionService
01-01 00:00:14.650 D/AssetAtlas( 1867): Rendered atlas in 9.10ms (0.37+8.72ms)
01-01 00:00:14.656 I/SystemServer( 1867): Media Router Service
01-01 00:00:14.658 I/SystemServiceManager( 1867): Starting com.android.server.trust.TrustManagerService
01-01 00:00:14.663 I/SystemServiceManager( 1867): Starting com.android.server.fingerprint.FingerprintService
01-01 00:00:14.664 V/Fingerprint-JNI( 1867): nativeInit()
01-01 00:00:14.665 V/Fingerprint-JNI( 1867): nativeOpenHal()
01-01 00:00:14.666 E/Fingerprint-JNI( 1867): Can't open fingerprint HW Module, error: -2
01-01 00:00:14.666 I/SystemServer( 1867): BackgroundDexOptService
01-01 00:00:14.671 I/SystemServiceManager( 1867): Starting com.android.server.pm.LauncherAppsService
01-01 00:00:14.675 I/SystemServiceManager( 1867): Starting com.android.server.media.projection.MediaProjectionManagerService
01-01 00:00:14.696 I/art     ( 1867): Background partial concurrent mark sweep GC freed 5504(395KB) AllocSpace objects, 1(16KB) LOS objects, 33% free, 4MB/6MB, paused 5.808ms total 79.889ms
01-01 00:00:14.702 I/WindowManager( 1867): SAFE MODE not enabled
01-01 00:00:14.702 W/Vibrator( 1867): Failed to vibrate; no vibrator service.
01-01 00:00:14.709 E/SQLiteLog( 1867): (283) recovered 16 frames from WAL file /data/system/locksettings.db-wal
01-01 00:00:14.723 E/LockSettingsStorage( 1867): Cannot read file java.io.FileNotFoundException: /data/system/password.key: open failed: ENOENT (No such file or directory)
01-01 00:00:14.723 E/LockSettingsStorage( 1867): Cannot read file java.io.FileNotFoundException: /data/system/gesture.key: open failed: ENOENT (No such file or directory)
01-01 00:00:14.723 I/SystemServiceManager( 1867): Starting phase 480
01-01 00:00:14.735 I/SystemServiceManager( 1867): Starting phase 500
01-01 00:00:14.735 I/EthernetServiceImpl( 1867): Starting Ethernet service
01-01 00:00:14.739 D/Ethernet( 1867): Registering NetworkFactory
01-01 00:00:14.740 D/ConnectivityService( 1867): Got NetworkFactory Messenger for Ethernet
01-01 00:00:14.740 D/Ethernet( 1867): got request NetworkRequest [ id=1, legacyType=-1, [ Capabilities: INTERNET&NOT_RESTRICTED&TRUSTED&NOT_VPN] ] with score 0
01-01 00:00:14.741 D/EthernetServiceImpl( 1867): getDatabaseInterfaceName() InterfaceName: eth0
01-01 00:00:14.741 D/EthernetNetworkFactory( 1867): reconnect() Check PHY Linkstatus!
01-01 00:00:14.741 D/EthernetNetworkFactory( 1867): mIface: eth0
01-01 00:00:14.741 D/EthernetNetworkFactory( 1867): mLinkUp: false
01-01 00:00:14.741 D/EthernetNetworkFactory( 1867): mConnectStatus: 4
01-01 00:00:14.741 E/NetUtils( 1867): Interface eth0 LinkDown!
01-01 00:00:14.741 I/EthernetNetworkFactory( 1867): postNotification aciton android.net.ethernet.ETHERNET_STATE_CHANGE  key :ethernet_state  event:19
01-01 00:00:14.742 E/EthernetNetworkFactory( 1867): Physical Connection ERROR! please check your wire
01-01 00:00:14.742 D/EthernetServiceImpl( 1867): getIpv6PersistedState(): 0
01-01 00:00:14.742 I/HiPppoeService( 1867): Starting Pppoe service
01-01 00:00:14.743 D/Ethernet( 1867): Registering NetworkFactory
01-01 00:00:14.744 D/ConnectivityService( 1867): Got NetworkFactory Messenger for Ethernet
01-01 00:00:14.744 D/EthernetServiceImpl( 1867): getDatabaseInterfaceName() InterfaceName: eth0
01-01 00:00:14.744 D/EthernetNetworkFactory( 1867): reconnect() Check PHY Linkstatus!
01-01 00:00:14.744 D/EthernetNetworkFactory( 1867): mIface: eth0
01-01 00:00:14.744 D/EthernetNetworkFactory( 1867): mLinkUp: false
01-01 00:00:14.744 D/EthernetNetworkFactory( 1867): mConnectStatus: 6
01-01 00:00:14.744 D/Ethernet( 1867): got request NetworkRequest [ id=1, legacyType=-1, [ Capabilities: INTERNET&NOT_RESTRICTED&TRUSTED&NOT_VPN] ] with score 0
01-01 00:00:14.744 E/NetUtils( 1867): Interface eth0 LinkDown!
01-01 00:00:14.744 I/EthernetNetworkFactory( 1867): postNotification aciton android.net.ethernet.ETHERNET_STATE_CHANGE  key :ethernet_state  event:19
01-01 00:00:14.744 E/EthernetNetworkFactory( 1867): Physical Connection ERROR! please check your wire
01-01 00:00:14.744 I/WifiService( 1867): WifiService starting up with Wi-Fi disabled
01-01 00:00:14.758 D/WifiService( 1867): New client listening to asynchronous messages
01-01 00:00:14.763 I/WifiScanningService( 1867): Registering wifiscanner
01-01 00:00:14.773 D/WifiScanningService( 1867): New client, channel: null messenger: null
01-01 00:00:14.776 I/RttService( 1867): Registering rttmanager
01-01 00:00:14.776 D/WifiChangeStateMachine( 1867): Entering IdleState
01-01 00:00:14.776 D/WifiScanningService( 1867): DefaultState
01-01 00:00:14.783 I/ActivityManager( 1867): Config changes=200 {1.0 ?mcc?mnc zh_CN ?layoutDir sw720dp w1280dp h720dp 160dpi xlrg long land finger -keyb/v/h dpad/v s.5}
01-01 00:00:14.799 V/BackupManagerService( 1867): No ancestral data
01-01 00:00:14.804 D/BackupManagerService( 1867): Now staging backup of android
01-01 00:00:14.816 D/BackupManagerService( 1867): Now staging backup of com.android.providers.settings
01-01 00:00:14.820 D/BackupManagerService( 1867): Now staging backup of com.android.sharedstoragebackup
01-01 00:00:14.824 V/BackupManagerService( 1867): Starting with transport android/com.android.internal.backup.LocalTransport
01-01 00:00:14.824 V/BackupManagerService( 1867): Found transports: 1
01-01 00:00:14.825 I/BackupManagerService( 1867): Binding to transport host ComponentInfo{android/com.android.internal.backup.LocalTransportService}
01-01 00:00:14.832 I/BackupManagerService( 1867): Found stale backup journal, scheduling
01-01 00:00:14.867 W/BatteryStatsImpl( 1867): Couldn't get kernel wake lock stats
01-01 00:00:14.877 D/SurfaceFlinger( 1435): Set power mode=2, type=0 flinger=0xb6082000
01-01 00:00:14.877 D/SurfaceFlinger( 1435): Screen type=0 is already mode=2
01-01 00:00:14.883 I/AppOps  ( 1867): Pruning old package media/1013: new uid=-1
01-01 00:00:14.883 I/ActivityManager( 1867): System now ready
01-01 00:00:14.918 I/DisplayManagerService( 1867): Display device changed: DisplayDeviceInfo{"åç½®å±å¹": uniqueId="local:0", 1280 x 720, 60.000004 fps, supportedRefreshRates [60.000004], density 160, 160.15764 x 160.42105 dpi, appVsyncOff 0, presDeadline 17666666, touch INTERNAL, rotation 0, type BUILT_IN, state ON, FLAG_DEFAULT_DISPLAY, FLAG_ROTATES_WITH_CONTENT, FLAG_SECURE, FLAG_SUPPORTS_PROTECTED_BUFFERS}
01-01 00:00:14.959 I/SystemServer( 1867): Making services ready
01-01 00:00:14.959 I/SystemServiceManager( 1867): Starting phase 550
01-01 00:00:14.966 I/SystemServer( 1867): WebViewFactory preparation
01-01 00:00:14.969 I/Zygote  ( 1867): Process: zygote socket opened, supported ABIS: armeabi-v7a,armeabi
01-01 00:00:14.969 D/UsbHostManager( 1867): Added device UsbDevice[mName=/dev/bus/usb/005/002,mVendorId=3034,mProductId=377,mClass=0,mSubclass=0,mProtocol=0,mManufacturerName=Realtek,mProductName=802.11n NIC,mSerialNumber=00E04C0001,mConfigurations=[
01-01 00:00:14.969 D/UsbHostManager( 1867): UsbConfiguration[mId=1,mName=null,mAttributes=160,mMaxPower=250,mInterfaces=[
01-01 00:00:14.969 D/UsbHostManager( 1867): UsbInterface[mId=0,mAlternateSetting=0,mName=null,mClass=255,mSubclass=255,mProtocol=255,mEndpoints=[
01-01 00:00:14.969 D/UsbHostManager( 1867): UsbEndpoint[mAddress=129,mAttributes=2,mMaxPacketSize=512,mInterval=0]
01-01 00:00:14.969 D/UsbHostManager( 1867): UsbEndpoint[mAddress=2,mAttributes=2,mMaxPacketSize=512,mInterval=0]
01-01 00:00:14.969 D/UsbHostManager( 1867): UsbEndpoint[mAddress=3,mAttributes=2,mMaxPacketSize=512,mInterval=0]]]]
01-01 00:00:14.971 W/ContextImpl( 1867): Calling a method in the system process without a qualified user: android.app.ContextImpl.sendBroadcast:1344 com.android.server.usb.UsbSettingsManager.deviceAttached:741 com.android.server.usb.UsbHostManager.endUsbDeviceAdded:224 com.android.server.usb.UsbHostManager.monitorUsbHostBus:-2 com.android.server.usb.UsbHostManager.access$000:42 
01-01 00:00:14.993 E/libprocessgroup( 1954): failed to make and chown /acct/uid_1037: Read-only file system
01-01 00:00:14.993 W/Zygote  ( 1954): createProcessGroup failed, kernel missing CONFIG_CGROUP_CPUACCT?
01-01 00:00:15.000 I/ActivityManager( 1867): Start proc 1954:WebViewLoader-armeabi-v7a/1037 [android.webkit.WebViewFactory$RelroFileCreator] for 
01-01 00:00:15.001 D/NetworkManagementService( 1867): enabling bandwidth control
01-01 00:00:15.011 V/WebViewFactory( 1954): RelroFileCreator (64bit = false),  32-bit lib: /system/app/webview/lib/arm/libwebviewchromium.so, 64-bit lib: 
01-01 00:00:15.171 I/art     ( 1954): System.exit called, status: 0
01-01 00:00:15.171 I/AndroidRuntime( 1954): VM exiting with result code 0, cleanup skipped.
01-01 00:00:15.411 D/PermissionMonitor( 1867): Monitoring
01-01 00:00:15.413 D/PermissionMonitor( 1867): Users: 1, Apps: 27
01-01 00:00:15.417 I/SystemServiceManager( 1867): Starting phase 600
01-01 00:00:15.418 D/BluetoothManagerService( 1867): Message: 20
01-01 00:00:15.418 D/BluetoothManagerService( 1867): Added callback: android.bluetooth.BluetoothAdapter$1@308819c:true
01-01 00:00:15.419 D/BluetoothManagerService( 1867): Message: 30
01-01 00:00:15.419 D/BluetoothManagerService( 1867): Trying to bind to profile: 1, while Bluetooth was disabled
01-01 00:00:15.420 D/BluetoothManagerService( 1867): Message: 30
01-01 00:00:15.422 I/BackupManagerService( 1867): Backup enabled => false
01-01 00:00:15.422 I/BackupManagerService( 1867): Opting out of backup
01-01 00:00:15.442 E/WVMExtractor( 1440): Failed to open libwvm.so: dlopen failed: library "libwvm.so" not found
01-01 00:00:15.463 E/libprocessgroup( 2022): failed to make and chown /acct/uid_10007: Read-only file system
01-01 00:00:15.463 W/Zygote  ( 2022): createProcessGroup failed, kernel missing CONFIG_CGROUP_CPUACCT?
01-01 00:00:15.463 D/NuPlayerDriver( 1440): start(0xb54d7160)
01-01 00:00:15.463 I/GenericSource( 1440): start
01-01 00:00:15.470 I/ActivityManager( 1867): Start proc 2022:com.android.systemui/u0a7 for service com.android.systemui/.ImageWallpaper
01-01 00:00:15.473 E/InputMethodManagerService( 1867): Ignoring setImeWindowStatus due to an invalid token. uid:1000 token:null
01-01 00:00:15.480 W/InputMethodManagerService( 1867): Skipping input method ComponentInfo{com.suma.midware.back/com.suma.midware.back.sanping.input.SoftInputService}: it does not require the permission android.permission.BIND_INPUT_METHOD
01-01 00:00:15.509 E/libprocessgroup( 2057): failed to make and chown /acct/uid_10018: Read-only file system
01-01 00:00:15.509 W/Zygote  ( 2057): createProcessGroup failed, kernel missing CONFIG_CGROUP_CPUACCT?
01-01 00:00:15.514 I/ActivityManager( 1867): Start proc 2057:com.amlogic.inputmethod.remote/u0a18 for service com.amlogic.inputmethod.remote/.RemoteIME
01-01 00:00:15.514 V/InputMethodManagerService( 1867): Adding window token: android.os.Binder@29aa2eef
01-01 00:00:15.535 D/GpsLocationProvider( 1867): Reset GPS properties, previous size = 0
01-01 00:00:15.536 D/GpsLocationProvider( 1867): GpsParamsResource: SUPL_HOST=supl.google.com
01-01 00:00:15.536 D/GpsLocationProvider( 1867): GpsParamsResource: SUPL_PORT=7275
01-01 00:00:15.536 D/GpsLocationProvider( 1867): GpsParamsResource: NTP_SERVER=north-america.pool.ntp.org
01-01 00:00:15.536 D/GpsLocationProvider( 1867): GpsParamsResource: SUPL_VER=0x20000
01-01 00:00:15.536 D/GpsLocationProvider( 1867): GpsParamsResource: SUPL_MODE=1
01-01 00:00:15.536 W/GpsLocationProvider( 1867): Could not open GPS configuration file /etc/gps.conf
01-01 00:00:15.536 D/GpsLocationProvider( 1867): GPS properties reloaded, size = 5
01-01 00:00:15.536 E/GpsLocationProvider( 1867): no AGPS interface in set_agps_server
01-01 00:00:15.538 E/GpsLocationProvider( 1867): no GPS configuration interface in configuraiton_update
01-01 00:00:15.538 D/GpsLocationProvider( 1867): final config = #Wed Jan 01 00:00:15 GMT+08:00 2014
01-01 00:00:15.538 D/GpsLocationProvider( 1867): SUPL_VER=0x20000
01-01 00:00:15.538 D/GpsLocationProvider( 1867): SUPL_HOST=supl.google.com
01-01 00:00:15.538 D/GpsLocationProvider( 1867): NTP_SERVER=north-america.pool.ntp.org
01-01 00:00:15.538 D/GpsLocationProvider( 1867): SUPL_PORT=7275
01-01 00:00:15.538 D/GpsLocationProvider( 1867): SUPL_MODE=1
01-01 00:00:15.554 W/LocationManagerService( 1867): no network location provider found
01-01 00:00:15.561 E/LocationManagerService( 1867): no geocoder provider found
01-01 00:00:15.563 E/FlpHardwareProvider( 1867): Error hw_get_module 'flp': -2
01-01 00:00:15.563 E/LocationManagerService( 1867): FLP HAL not supported
01-01 00:00:15.572 E/LocationManagerService( 1867): Unable to bind FLP Geofence proxy.
01-01 00:00:15.573 E/ActivityRecognitionHardware( 1867): Error hw_get_module: -2
01-01 00:00:15.573 E/LocationManagerService( 1867): Hardware Activity-Recognition not supported.
01-01 00:00:15.577 W/OMXNodeInstance( 1440): [f:google.mpeg4.decoder] component does not support metadata mode; using fallback
01-01 00:00:15.580 W/OMXNodeInstance( 1440): [10:google.h263.decoder] component does not support metadata mode; using fallback
01-01 00:00:15.586 I/CommonTimeManagementService( 1867): No common time service detected on this platform.  Common time services will be unavailable.
01-01 00:00:15.592 I/InputReader( 1867): Reconfiguring input devices.  changes=0x00000020
01-01 00:00:15.594 D/RemoteIME( 2057): onCreate.
01-01 00:00:15.595 W/VoiceInteractionManagerService( 1867): no available voice interaction services found for user 0
01-01 00:00:15.596 W/VoiceInteractionManagerService( 1867): no available voice recognition services found for user 0
01-01 00:00:15.600 I/InputReader( 1867): Reconfiguring input devices.  changes=0x00000010
01-01 00:00:15.601 W/OMXNodeInstance( 1440): [11:google.h264.decoder] component does not support metadata mode; using fallback
01-01 00:00:15.611 D/SoftHEVC( 1440): Number of CPU cores: 4
01-01 00:00:15.611 D/SoftHEVC( 1440): Initializing decoder
01-01 00:00:15.613 D/SoftHEVC( 1440): Set number of cores to 4
01-01 00:00:15.613 D/SoftHEVC( 1440): Ittiam decoder version number: @(#)Id:HEVCDEC_production Ver:04.01 Released by ITTIAM Build: Feb 21 2016 @ 11:08:57
01-01 00:00:15.614 W/OMXNodeInstance( 1440): [12:google.hevc.decoder] component does not support metadata mode; using fallback
01-01 00:00:15.614 D/SoftHEVC( 1440): Freeing codec memory
01-01 00:00:15.615 D/SoftHEVC( 1440): Number of CPU cores: 4
01-01 00:00:15.615 D/SoftHEVC( 1440): Initializing decoder
01-01 00:00:15.615 D/SoftHEVC( 1440): Set number of cores to 4
01-01 00:00:15.615 D/SoftHEVC( 1440): Ittiam decoder version number: @(#)Id:HEVCDEC_production Ver:04.01 Released by ITTIAM Build: Feb 21 2016 @ 11:08:57
01-01 00:00:15.615 D/SoftHEVC( 1440): In SoftHEVC::~SoftHEVC
01-01 00:00:15.615 D/SoftHEVC( 1440): Freeing codec memory
01-01 00:00:15.625 W/OMXNodeInstance( 1440): [13:google.vp8.decoder] component does not support metadata mode; using fallback
01-01 00:00:15.630 W/OMXNodeInstance( 1440): [14:google.vp9.decoder] component does not support metadata mode; using fallback
01-01 00:00:15.636 I/SoftMPEG4Encoder( 1440): Construct SoftMPEG4Encoder
01-01 00:00:15.636 W/ACodec  ( 1440): do not know color format 0x7f000789 = 2130708361
01-01 00:00:15.640 E/libprocessgroup( 2106): failed to make and chown /acct/uid_1000: Read-only file system
01-01 00:00:15.640 W/Zygote  ( 2106): createProcessGroup failed, kernel missing CONFIG_CGROUP_CPUACCT?
01-01 00:00:15.643 I/SoftAVCEncoder( 1440): Construct SoftAVCEncoder
01-01 00:00:15.644 W/ACodec  ( 1440): do not know color format 0x7f000789 = 2130708361
01-01 00:00:15.647 I/SoftMPEG4Encoder( 1440): Construct SoftMPEG4Encoder
01-01 00:00:15.647 W/ACodec  ( 1440): do not know color format 0x7f000789 = 2130708361
01-01 00:00:15.648 I/ActivityManager( 1867): Start proc 2106:com.suma.midware.back/1000 for added application com.suma.midware.back
01-01 00:00:15.657 W/ACodec  ( 1440): do not know color format 0x7f000789 = 2130708361
01-01 00:00:15.683 D/NuPlayerDriver( 1440): reset(0xb54d7160)
01-01 00:00:15.688 D/NuPlayerDriver( 1440): notifyResetComplete(0xb54d7160)
01-01 00:00:15.691 E/libprocessgroup( 2133): failed to make and chown /acct/uid_1001: Read-only file system
01-01 00:00:15.692 W/Zygote  ( 2133): createProcessGroup failed, kernel missing CONFIG_CGROUP_CPUACCT?
01-01 00:00:15.700 I/ActivityManager( 1867): Start proc 2133:com.android.phone/1001 for added application com.android.phone
01-01 00:00:15.701 I/ActivityManager( 1867): START u0 {act=android.intent.action.MAIN cat=[android.intent.category.HOME] flg=0x10000000 cmp=com.suma.midware.home/.localset.view.third.Main3DActivity} from uid 0 on display 0
01-01 00:00:15.713 V/WindowManager( 1867): addAppToken: AppWindowToken{94d59f token=Token{92fe33e ActivityRecord{2dc437f9 u0 com.suma.midware.home/.localset.view.third.Main3DActivity t6}}} to stack=0 task=6 at 0
01-01 00:00:15.721 D/NuPlayerDriver( 1440): start(0xb48311c0)
01-01 00:00:15.722 I/GenericSource( 1440): start
01-01 00:00:15.743 E/libprocessgroup( 2159): failed to make and chown /acct/uid_1000: Read-only file system
01-01 00:00:15.743 W/Zygote  ( 2159): createProcessGroup failed, kernel missing CONFIG_CGROUP_CPUACCT?
01-01 00:00:15.749 D/NuPlayerDriver( 1440): reset(0xb48311c0)
01-01 00:00:15.752 I/ActivityManager( 1867): Start proc 2159:com.suma.midware.home/1000 for activity com.suma.midware.home/.localset.view.third.Main3DActivity
01-01 00:00:15.753 D/NuPlayerDriver( 1440): notifyResetComplete(0xb48311c0)
01-01 00:00:15.755 I/SystemServer( 1867): Enabled StrictMode for system server main thread.
01-01 00:00:15.756 V/ActivityManager( 1867): Display changed displayId=0
01-01 00:00:15.760 D/WifiScanningService( 1867): SCAN_AVAILABLE : 1
01-01 00:00:15.761 D/WifiScanningService( 1867): DefaultState got{ when=-1ms what=160007 target=com.android.internal.util.StateMachine$SmHandler }
01-01 00:00:15.761 D/RttService( 1867): SCAN_AVAILABLE : 1
01-01 00:00:15.762 D/RttService( 1867): DefaultState got{ when=0 what=160513 target=com.android.internal.util.StateMachine$SmHandler }
01-01 00:00:15.776 W/ActivityManager( 1867): Unable to start service Intent { cmp=com.android.printspooler/.model.PrintSpoolerService } U=0: not found
01-01 00:00:15.777 I/Choreographer( 1867): Skipped 55 frames!  The application may be doing too much work on its main thread.
01-01 00:00:15.803 D/NuPlayerDriver( 1440): start(0xb54d7280)
01-01 00:00:15.803 I/GenericSource( 1440): start
01-01 00:00:15.825 D/NuPlayerDriver( 1440): reset(0xb54d7280)
01-01 00:00:15.828 D/NuPlayerDriver( 1440): notifyResetComplete(0xb54d7280)
01-01 00:00:15.839 V/ActivityManager( 1867): Display changed displayId=0
01-01 00:00:15.857 D/NuPlayerDriver( 1440): start(0xb54d7160)
01-01 00:00:15.857 I/GenericSource( 1440): start
01-01 00:00:15.889 D/NuPlayerDriver( 1440): reset(0xb54d7160)
01-01 00:00:15.892 I/Telecom ( 1867): TelecomGlobals: TelecomGlobals initializing
01-01 00:00:15.895 D/NuPlayerDriver( 1440): notifyResetComplete(0xb54d7160)
01-01 00:00:15.898 E/ActivityThread( 1867): Failed to find provider info for call_log
01-01 00:00:15.902 I/foo     ( 2057): Dict: start=719324, length=1068442, fd={ParcelFileDescriptor: FileDescriptor[17]}
01-01 00:00:15.929 D/NuPlayerDriver( 1440): start(0xb48311c0)
01-01 00:00:15.929 I/GenericSource( 1440): start
01-01 00:00:15.944 D/BluetoothManagerService( 1867): Trying to bind to profile: 1, while Bluetooth was disabled
01-01 00:00:15.944 D/BluetoothManagerService( 1867): Message: 30
01-01 00:00:15.964 D/Main3DActivity( 2159): BOOTTIME - starttime = 19385
01-01 00:00:15.970 D/NuPlayerDriver( 1440): reset(0xb48311c0)
01-01 00:00:15.973 D/NuPlayerDriver( 1440): notifyResetComplete(0xb48311c0)
01-01 00:00:15.978 I/Telecom ( 1867): TelecomGlobals: CallsManager initialized
