01-01 00:00:15.980 W/ContextImpl( 1867): Calling a method in the system process without a qualified user: android.app.ContextImpl.startService:1709 android.content.ContextWrapper.startService:516 com.android.server.telecom.BluetoothPhoneService.start:440 com.android.server.telecom.TelecomGlobals.initialize:93 com.android.server.telecom.TelecomService.onCreate:164 
01-01 00:00:15.986 D/ZenLog  ( 1867): downtime: Autotrigger skipped: not in downtime
01-01 00:00:15.998 W/ResourcesManager( 1867): Asset path '/system/framework/com.android.location.provider.jar' does not exist or contains no resources.
01-01 00:00:16.003 D/NuPlayerDriver( 1440): start(0xb54d7280)
01-01 00:00:16.004 I/GenericSource( 1440): start
01-01 00:00:16.013 D/GpsNetInitiatedHandler( 1867): location enabled :false
01-01 00:00:16.014 V/WiredAccessoryManager( 1867): init()
01-01 00:00:16.023 V/WiredAccessoryManager( 1867): newName=hdmi newState=16 headsetState=16 prev headsetState=0
01-01 00:00:16.024 D/FileIOUtil( 2106): forceCreateFile filePath=/dvbdata/mainapp/databases/,isDir=true
01-01 00:00:16.024 D/FileIOUtil( 2106): forceCreateFile file=/dvbdata/mainapp/databases,isDir=true
01-01 00:00:16.031 D/FileIOUtil( 2106): checkPath path=/dvbdata/mainapp/,isFile=false
01-01 00:00:16.031 D/FileIOUtil( 2106): checkFile file=/dvbdata/mainapp,isFile=false
01-01 00:00:16.038 D/BaseApplication( 2106): onCreate time=19459
01-01 00:00:16.042 D/FileIOUtil( 2106): forceCreateFile filePath=/dvbdata/mainapp/,isDir=true
01-01 00:00:16.042 D/FileIOUtil( 2106): forceCreateFile file=/dvbdata/mainapp,isDir=true
01-01 00:00:16.042 D/BackApplication( 2106): onCreate savePath=/dvbdata/mainapp/
01-01 00:00:16.043 D/NuPlayerDriver( 1440): reset(0xb54d7280)
01-01 00:00:16.048 D/NuPlayerDriver( 1440): notifyResetComplete(0xb54d7280)
01-01 00:00:16.078 W/AppWidgetServiceImpl( 1867): Failed to read state: java.io.FileNotFoundException: /data/system/users/0/appwidgets.xml: open failed: ENOENT (No such file or directory)
01-01 00:00:16.078 V/AppWidgetServiceImpl( 1867): Upgrading widget database from 0 to 1
01-01 00:00:16.081 D/BluetoothManagerService( 1867): Message: 300
01-01 00:00:16.081 D/BluetoothManagerService( 1867): MESSAGE_USER_SWITCHED
01-01 00:00:16.088 D/PermissionCache( 1435): checking android.permission.HARDWARE_TEST for uid=1000 => granted (220 us)
01-01 00:00:16.111 V/BackupManagerService( 1867): Connected to transport ComponentInfo{android/com.android.internal.backup.LocalTransportService}
01-01 00:00:16.112 V/BackupManagerService( 1867): Registering transport android/com.android.internal.backup.LocalTransportService::android/com.android.internal.backup.LocalTransport = android.app.backup.BackupTransport$TransportImpl@3b1a7557
01-01 00:00:16.116 V/ActivityManager( 1867): Display changed displayId=0
01-01 00:00:16.141 D/BluetoothManagerService( 1867): Trying to bind to profile: 1, while Bluetooth was disabled
01-01 00:00:16.141 D/BluetoothManagerService( 1867): Message: 30
01-01 00:00:16.143 V/WiredAccessoryManager( 1867): device hdmi connected
01-01 00:00:16.146 D/AudioPolicyManager( 1440): setDeviceConnectionState() could not find HW module for device 00000400
01-01 00:00:16.196 D/skia    ( 2022): ---- fAsset->read(1024) returned 0
01-01 00:00:16.196 D/skia    ( 2022): ---- fAsset->read(1024) returned 0
01-01 00:00:16.214 D/TelephonyProvider( 2133): dbh.onOpen: ok, queried table=siminfo
01-01 00:00:16.215 D/TelephonyProvider( 2133): dbh.onOpen: ok, queried table=carriers
01-01 00:00:16.252 E/libprocessgroup( 2212): failed to make and chown /acct/uid_10013: Read-only file system
01-01 00:00:16.252 W/Zygote  ( 2212): createProcessGroup failed, kernel missing CONFIG_CGROUP_CPUACCT?
01-01 00:00:16.253 I/ActivityManager( 1867): Start proc 2212:com.android.music/u0a13 for broadcast com.android.music/.MediaButtonIntentReceiver
01-01 00:00:16.294 I/EthernetNetworkFactory( 1867): interfaceAdded up is true
01-01 00:00:16.294 D/EthernetNetworkFactory( 1867): the iface is :eth0 the mIface is :eth0
01-01 00:00:16.294 D/EthernetNetworkFactory( 1867): updateInterface eth0 link up
01-01 00:00:16.294 D/EthernetNetworkFactory( 1867): ehe iface is :eth0 the mface is :eth0 the mLinkUP is :true pLinkUp is false mContust:6
01-01 00:00:16.294 I/EthernetNetworkFactory( 1867): PHY Link Up, send EthernetManager.EVENT_PHY_LINK_UP
01-01 00:00:16.294 I/EthernetNetworkFactory( 1867): postNotification aciton android.net.ethernet.ETHERNET_STATE_CHANGE  key :ethernet_state  event:18
01-01 00:00:16.295 D/Ethernet( 1867): Registering NetworkFactory
01-01 00:00:16.295 D/ConnectivityService( 1867): Got NetworkFactory Messenger for Ethernet
01-01 00:00:16.296 D/Ethernet( 1867): got request NetworkRequest [ id=1, legacyType=-1, [ Capabilities: INTERNET&NOT_RESTRICTED&TRUSTED&NOT_VPN] ] with score 0
01-01 00:00:16.296 D/EthernetServiceImpl( 1867): getDatabaseInterfaceName() InterfaceName: eth0
01-01 00:00:16.296 D/EthernetNetworkFactory( 1867): reconnect() Check PHY Linkstatus!
01-01 00:00:16.296 D/EthernetNetworkFactory( 1867): mIface: eth0
01-01 00:00:16.296 D/EthernetNetworkFactory( 1867): mLinkUp: true
01-01 00:00:16.296 D/EthernetNetworkFactory( 1867): mConnectStatus: 6
01-01 00:00:16.297 E/NetUtils( 1867): Interface eth0 LinkUp!
01-01 00:00:16.297 D/EthernetServiceImpl( 1867): get EthernetState: 1
01-01 00:00:16.297 D/EthernetServiceImpl( 1867): getEthernetPersistedState() ETHERNET_ON:1
01-01 00:00:16.297 I/EthernetNetworkFactory( 1867): configure ethernet by dhcpcd, run runDchp()
01-01 00:00:16.299 D/EthernetServiceImpl( 1867): getIpv6PersistedState(): 0
01-01 00:00:16.299 I/EthernetNetworkFactory( 1867): DHCPV6 not enabled!
01-01 00:00:16.299 I/EthernetNetworkFactory( 1867): begin to updateAgent
01-01 00:00:16.299 I/EthernetNetworkFactory( 1867): begin to start network
01-01 00:00:16.301 D/Ethernet( 1867): Registering NetworkFactory
01-01 00:00:16.302 D/EthernetServiceImpl( 1867): getDatabaseInterfaceName() InterfaceName: eth0
01-01 00:00:16.302 D/EthernetNetworkFactory( 1867): reconnect() Check PHY Linkstatus!
01-01 00:00:16.302 D/EthernetNetworkFactory( 1867): mIface: eth0
01-01 00:00:16.302 D/EthernetNetworkFactory( 1867): mLinkUp: true
01-01 00:00:16.302 D/EthernetNetworkFactory( 1867): mConnectStatus: 7
01-01 00:00:16.302 D/EthernetServiceImpl( 1867): setWifiDisguise: true
01-01 00:00:16.302 D/ConnectivityService( 1867): Got NetworkFactory Messenger for Ethernet
01-01 00:00:16.303 D/Ethernet( 1867): got request NetworkRequest [ id=1, legacyType=-1, [ Capabilities: INTERNET&NOT_RESTRICTED&TRUSTED&NOT_VPN] ] with score 0
01-01 00:00:16.303 D/EthernetServiceImpl( 1867): getDhcpOption60State: 0
01-01 00:00:16.303 D/EthernetServiceImpl( 1867): getDhcpOption60Login: null
01-01 00:00:16.303 D/EthernetServiceImpl( 1867): getDhcpOption60Password: null
01-01 00:00:16.303 D/EthernetServiceImpl( 1867): getDhcpOption125State: 0
01-01 00:00:16.303 D/EthernetServiceImpl( 1867): getDhcpOption125Info: null
01-01 00:00:16.305 D/        ( 1867): [dhcp_do_request] daemon_cmd = dhcpcd_eth0:-f /system/etc/dhcpcd/dhcpcd.conf -h android-bb35bd24907a574f eth0
01-01 00:00:16.317 E/DcSwitchStateMachine-0( 2133): DctController is not ready
01-01 00:00:16.333 E/ConnectivityService( 1867): Failed to find Messenger in unregisterNetworkFactory
01-01 00:00:16.336 D/ConnectivityService( 1867): Got NetworkFactory Messenger for Telephony
01-01 00:00:16.348 I/dhcpcd  ( 2237): version 5.5.6 starting
01-01 00:00:16.350 E/dhcpcd  ( 2237): get_duid: Read-only file system
01-01 00:00:16.419 D/BluetoothManagerService( 1867): Message: 20
01-01 00:00:16.420 D/BluetoothManagerService( 1867): Added callback: android.bluetooth.IBluetoothManagerCallback$Stub$Proxy@17199027:true
01-01 00:00:16.423 D/BluetoothManagerService( 1867): Message: 30
01-01 00:00:16.424 D/BluetoothManagerService( 1867): Trying to bind to profile: 1, while Bluetooth was disabled
01-01 00:00:16.439 E/libprocessgroup( 2244): failed to make and chown /acct/uid_10002: Read-only file system
01-01 00:00:16.439 W/Zygote  ( 2244): createProcessGroup failed, kernel missing CONFIG_CGROUP_CPUACCT?
01-01 00:00:16.440 I/ActivityManager( 1867): Start proc 2244:android.process.media/u0a2 for content provider com.android.providers.media/.MediaProvider
01-01 00:00:16.441 E/ActivityThread( 2133): Failed to find provider info for com.android.contacts
01-01 00:00:16.441 W/CallerInfoCache( 2133): cursor is null
01-01 00:00:16.470 I/art     ( 1444): Explicit concurrent mark sweep GC freed 702(30KB) AllocSpace objects, 0(0B) LOS objects, 92% free, 80KB/1104KB, paused 382us total 29.218ms
01-01 00:00:16.473 I/Telephony( 2133): TtyManager: updateUiTtyMode -1 -> 0
01-01 00:00:16.495 I/art     ( 1444): Explicit concurrent mark sweep GC freed 7(240B) AllocSpace objects, 0(0B) LOS objects, 92% free, 80KB/1104KB, paused 375us total 22.005ms
01-01 00:00:16.511 D/TelephonyDebugService( 2133): TelephonyDebugService()
01-01 00:00:16.523 I/art     ( 1444): Explicit concurrent mark sweep GC freed 5(160B) AllocSpace objects, 0(0B) LOS objects, 92% free, 80KB/1104KB, paused 395us total 26.287ms
01-01 00:00:16.539 I/art     ( 2159): Background partial concurrent mark sweep GC freed 176(29KB) AllocSpace objects, 0(0B) LOS objects, 32% free, 8MB/12MB, paused 10.418ms total 41.504ms
01-01 00:00:16.554 D/skia    ( 2022): ---- fAsset->read(1024) returned 0
01-01 00:00:16.555 D/skia    ( 2022): ---- fAsset->read(1024) returned 0
01-01 00:00:16.556 D/BootupPanel( 2159): stbVersion:0
01-01 00:00:16.573 D/Main3DActivity( 2159): initRes videoWidth:1280:videoHeight:720:outMetrics:DisplayMetrics{density=1.0, width=1280, height=720, scaledDensity=1.0, xdpi=160.15764, ydpi=160.42105}
01-01 00:00:16.574 I/Main3DActivity( 2159): start PropManagerInit : 19996
01-01 00:00:16.579 D/PropManager( 2159): init startTime:20000:versionTime:2016-08-27 11:00:verifyVersion:4.9
01-01 00:00:16.580 D/PropManager( 2159): init time:20001:binder:null:initState:1:isAsy:false:pkgName:com.suma.midware.home:sdkVersion:22
01-01 00:00:16.593 I/dhcpcd  ( 2237): eth0: rebinding lease of 192.166.66.91
01-01 00:00:16.606 W/ContextImpl( 2159): Calling a method in the system process without a qualified user: android.app.ContextImpl.bindService:1773 android.content.ContextWrapper.bindService:539 com.suma.midware.prop.i.c:-1 com.suma.midware.prop.i.a:-1 com.suma.midware.home.localset.view.third.Main3DActivity.onCreate:-1 
01-01 00:00:16.642 E/System  ( 2106): Ignoring attempt to set property "file.encoding" to value "GB18030".
01-01 00:00:16.655 D/BackService( 2106): onCreate time=20077,versionTime=2016-08-27 11:00,verifyVersion=4.9
01-01 00:00:16.662 D/BackService( 2106): initServices time=20083
01-01 00:00:16.667 E/ClassUtil( 2106): loadClass android.net.ethernet.EthernetManager java.lang.ClassNotFoundException
01-01 00:00:16.679 W/dhcpcd  ( 2237): eth0: NAK: via 192.166.66.44
01-01 00:00:16.679 W/Settings( 2106): Setting device_provisioned has moved from android.provider.Settings.Secure to android.provider.Settings.Global.
01-01 00:00:16.681 D/SystemUtil( 2106): operateDeviceProvision deviceValue=1
01-01 00:00:16.682 D/BackService( 2106): initServices endTime=20103
01-01 00:00:16.689 D/FileIOUtil( 2106): deleteFile filePath=/data/data/com.suma.midware.back/files/tmp/,containRootDir=false
01-01 00:00:16.689 D/FileIOUtil( 2106): deleteFile file=/data/data/com.suma.midware.back/files/tmp,containRootDir=false
01-01 00:00:16.695 D/ServiceBoot( 2106): readConfig time=20115
01-01 00:00:16.706 D/ServiceBoot( 2106): readConfig time=20127,config=[Config@e56a5b21]appVersion[30D1F591742DF105]configVersion[214]isThird[false]isNgbVersion[true]isPrint[true]isServiceCheck[true]isAppRuleStart[true]defaultLaunchApp[com.suma.midware.home/.localset.view.third.Main3DActivity]isSanpingStart[true]version[4]androidVersion[0]isIvideoStart[false]appRuleProviderID[1]appRuleAuthID[100]appVerifySign[1]appUpdateAddr[http://update.sumavision.cc:90/dp-12/update/hubei/xianning/]ivideoRegion[]ivideoServerIP[192.166.62.25]ivideoPort[8080]esgType[0]esgCheckUrl[]isDlnaStart[true]isDlnaTimeAdjust[false]cutPictureQuality[100]maxCutPictureSize[0]isCutPictureSaveOnly[false]ipLoaderUpdateUrl[http://update.sumavision.cc:90/dp-12/iploader/hubei/xianning/]terminalManagerUrl[http://192.166.162.222/drm/]terminalManagerType[-1]terminalType[1],params={
01-01 00:00:16.706 D/ServiceBoot( 2106):   "app_version": "30D1F591742DF105",
01-01 00:00:16.706 D/ServiceBoot( 2106):   "configVersion": 214,
01-01 00:00:16.706 D/ServiceBoot( 2106):   "isNgbVersion": true,
01-01 00:00:16.706 D/ServiceBoot( 2106):   "isPrint": true,
01-01 00:00:16.706 D/ServiceBoot( 2106):   "isServiceCheck": true,
01-01 00:00:16.706 D/ServiceBoot( 2106):   "version": 4,
01-01 00:00:16.706 D/ServiceBoot( 2106):   "androidVersion": 0,
01-01 00:00:16.706 D/ServiceBoot( 2106):   "isAppRuleStart": true,
01-01 00:00:16.706 D/ServiceBoot( 2106):   "appRuleProviderID": 1,
01-01 00:00:16.706 D/ServiceBoot( 2106):   "appRuleAuthID": 100,
01-01 00:00:16.706 D/ServiceBoot( 2106):   "appVerifySign": 1,
01-01 00:00:16.706 D/ServiceBoot( 2106):   "appUpdateAddr": "http:\/\/update.sumavision.cc:90\/dp-12\/update\/hubei\/xianning\/",
01-01 00:00:16.706 D/ServiceBoot( 2106):   "defaultLaunchApp": "com.suma.midware.home\/.localset.view.third.Main3DActivity",
01-01 00:00:16.706 D/ServiceBoot( 2106):   "isSanpingStart": true,
01-01 00:00:16.706 D/ServiceBoot( 2106):   "isIvideoStart": false,
01-01 00:00:16.706 D/ServiceBoot( 2106):   "ivideoRegion": "",
01-01 00:00:16.706 D/ServiceBoot( 2106):   "ivideoServerIP": "192.166.62.25",
01-01 00:00:16.706 D/ServiceBoot( 2106):   "ivideoPort": "8080",
01-01 00:00:16.706 D/ServiceBoot( 2106):   "ivideoVars": "\/PortalServer-App\/services\/PortalServer4Client?wsdl",
01-01 00:00:16.706 D/ServiceBoot( 2106):   "esgType": 0,
01-01 00:00:16.706 D/ServiceBoot( 2106):   "esgCheckUrl": "",
01-01 00:00:16.706 D/ServiceBoot( 2106):   "isDlnaStart": true,
01-01 00:00:16.706 D/ServiceBoot( 2106):   "isDlnaTimeAdjust": false,
01-01 00:00:16.706 D/ServiceBoot( 2106):   "appSettingValue": {
01-01 00:00:16.706 D/ServiceBoot( 2106):     "appConfigVersion": 2,
01-01 00:00:16.706 D/ServiceBoot( 2106):     "port": 0,
01-01 00:00:16.706 D/ServiceBoot( 2106):     "yOffset": 0,
01-01 00:00:16.706 D/ServiceBoot( 2106):     "others": [],
01-01 00:00:16.706 D/ServiceBoot( 2106):     "maxPlayerNum": 1,
01-01 00:00:16.706 D/ServiceBoot( 2106):     "heightZoom": 100,
01-01 00:00:16.706 D/ServiceBoot( 2106):     "serverAddr": "",
01-01 00:00:16.706 D/ServiceBoot( 2106):     "widthZoom": 100,
01-01 00:00:16.706 D/ServiceBoot( 2106):     "xOffset": 0,
01-01 00:00:16.706 D/ServiceBoot( 2106):     "channelChangeMode": 0,
01-01 00:00:16.706 D/ServiceBoot( 2106):     "sleepTime": 900000,
01-01 00:00:16.706 D/ServiceBoot( 2106):     "disappearTime": 5000,
01-01 00:00:16.706 D/ServiceBoot( 2106):     "isGlobalTrack": false,
01-01 00:00:16.706 D/ServiceBoot( 2106):     "isGlobalVolume": true,
01-01 00:00:16.706 D/ServiceBoot( 2106):     "stbNameType": 1,
01-01 00:00:16.706 D/ServiceBoot( 2106):     "securitySwitch": 0
01-01 00:00:16.706 D/ServiceBoot( 2106):   },
01-01 00:00:16.706 D/ServiceBoot( 2106):   "isThird": false,
01-01 00:00:16.706 D/ServiceBoot( 2106):   "cutPictureQuality": 100,
01-01 00:00:16.706 D/ServiceBoot( 2106):   "maxCutPictureSize": 0,
01-01 00:00:16.706 D/ServiceBoot( 2106):   "isCutPictureSaveOnly": false,
01-01 00:00:16.706 D/ServiceBoot( 2106):   "ipLoaderUpdateUrl": "http:\/\/update.sumavision.cc:90\/dp-12\/iploader\/hubei\/xianning\/",
01-01 00:00:16.706 D/ServiceBoot( 2106):   "terminalManagerUrl": "http:\/\/192.166.162.222\/drm\/",
01-01 00:00:16.706 D/ServiceBoot( 2106):   "terminalManagerType": -1,
01-01 00:00:16.706 D/ServiceBoot( 2106):   "terminalType": 1
01-01 00:00:16.706 D/ServiceBoot( 2106): }
01-01 00:00:16.716 D/ServiceBoot( 2106): readConfig time=20138,tempConfig=[Config@e56a5b21]appVersion[30D1F591742DF105]configVersion[214]isThird[false]isNgbVersion[true]isPrint[true]isServiceCheck[true]isAppRuleStart[true]defaultLaunchApp[com.suma.midware.home/.localset.view.third.Main3DActivity]isSanpingStart[true]version[4]androidVersion[0]isIvideoStart[false]appRuleProviderID[1]appRuleAuthID[100]appVerifySign[1]appUpdateAddr[http://update.sumavision.cc:90/dp-12/update/hubei/xianning/]ivideoRegion[]ivideoServerIP[192.166.62.25]ivideoPort[8080]esgType[0]esgCheckUrl[]isDlnaStart[true]isDlnaTimeAdjust[false]cutPictureQuality[100]maxCutPictureSize[0]isCutPictureSaveOnly[false]ipLoaderUpdateUrl[http://update.sumavision.cc:90/dp-12/iploader/hubei/xianning/]terminalManagerUrl[http://192.166.162.222/drm/]terminalManagerType[-1]terminalType[1]
01-01 00:00:16.743 I/art     ( 2106): Background sticky concurrent mark sweep GC freed 3392(278KB) AllocSpace objects, 2(32KB) LOS objects, 34% free, 721KB/1104KB, paused 5.877ms total 34.272ms
01-01 00:00:16.744 I/System.out( 2106): [DEBUG CAManager] startCAEventMonitorNative 000000000000000 --- 0
01-01 00:00:16.746 I/System.out( 2106): [DEBUG CAEventMonitor]  statrtCAEventMonitor 000000000000000
01-01 00:00:16.746 I/System.out( 2106): [DEBUG CAEventMonitor]  statrtCAEventMonitor over
01-01 00:00:16.746 I/System.out( 2106): [DEBUG CAManager] startCAEventMonitorNative over  ---1
01-01 00:00:16.751 D/ServiceBoot( 2106): initScreenParam time=20172
01-01 00:00:16.753 D/ServiceBoot( 2106): initScreenParam endTime=20174,dm=DisplayMetrics{density=1.0, width=1280, height=720, scaledDensity=1.0, xdpi=160.15764, ydpi=160.42105},point=Point(1280, 720),densityDpi=160
01-01 00:00:16.753 D/ServiceBoot( 2106): dealConfig time=20174,isInit=true,tempConfig=[Config@e56a5b21]appVersion[30D1F591742DF105]configVersion[214]isThird[false]isNgbVersion[true]isPrint[true]isServiceCheck[true]isAppRuleStart[true]defaultLaunchApp[com.suma.midware.home/.localset.view.third.Main3DActivity]isSanpingStart[true]version[4]androidVersion[0]isIvideoStart[false]appRuleProviderID[1]appRuleAuthID[100]appVerifySign[1]appUpdateAddr[http://update.sumavision.cc:90/dp-12/update/hubei/xianning/]ivideoRegion[]ivideoServerIP[192.166.62.25]ivideoPort[8080]esgType[0]esgCheckUrl[]isDlnaStart[true]isDlnaTimeAdjust[false]cutPictureQuality[100]maxCutPictureSize[0]isCutPictureSaveOnly[false]ipLoaderUpdateUrl[http://update.sumavision.cc:90/dp-12/iploader/hubei/xianning/]terminalManagerUrl[http://192.166.162.222/drm/]terminalManagerType[-1]terminalType[1]
01-01 00:00:16.801 D/CAManagerNative( 2106): [CAEvent_log]--[CAManager--JNI]:		start1
01-01 00:00:16.804 D/CAManagerNative( 2106): [CAEvent_log]--[CAManager--JNI]:		start
01-01 00:00:16.810 V/SUMA    ( 1443): [resman-s][onTransact 216]code[0x12000001] client pid = 2106
01-01 00:00:16.810 V/SUMA    ( 1443): [resman-s][onTransact 228]init m_client[0].cpid = 0
01-01 00:00:16.810 V/SUMA    ( 1443): [resman-s][onTransact 245]dvbs## TRANS_CODE_RESMAN_INIT leave client inx=0 pid=2106 tid=1443
01-01 00:00:16.810 V/SUMA    ( 1443): [resman-s][onTransact 1559]leave transact client pid = 2106
01-01 00:00:16.810 V/SUMA    ( 2106): [resman-c][Roc_ResourceManager_Init 584]ok !!! s_resman_client_hinx = 0
01-01 00:00:16.811 V/SUMA    ( 1443): [resman-s][onTransact 216]code[0x12000105] client pid = 2106
01-01 00:00:16.811 V/SUMA    ( 1443): [resman-s][onTransact 1559]leave transact client pid = 2106
01-01 00:00:16.811 V/SUMA    ( 2106): [resman-c][Roc_Tuner_GetNumber 933]leave !!!
01-01 00:00:16.817 V/SUMA    ( 1443): [resman-s][onTransact 216]code[0x1200010a] client pid = 2106
01-01 00:00:16.817 V/SUMA    ( 1443): [resman-s][onTransact 1559]leave transact client pid = 2106
01-01 00:00:16.817 V/SUMA    ( 2106): [resman-c][Roc_Tuner_GetType 1104]leave !!!
01-01 00:00:16.818 I/System.out( 2106): [DEBUG sidbMan] Database Length=1
01-01 00:00:16.820 D/FileIOUtil( 2106): readContentFromFile file=/dvbdata/mainapp/nit.dat,forceCreate=false,offset=0,len=-1
01-01 00:00:16.826 D/FileIOUtil( 2106): readContentFromFile isExist=false,isFile=false
01-01 00:00:16.828 D/TableMonitorNgbDealer( 2106): startMonitor type=533
01-01 00:00:16.828 D/TableMonitorNgbDealer( 2106): checkListener isStart=true,type=533
01-01 00:00:16.831 I/System.out( 2106): [DEBUG Database3] Database Length=1
01-01 00:00:16.838 D/SIDatabase( 2106): ^^^^registering SI monitor....type=53504, key=1190, channel=0
01-01 00:00:16.839 V/SUMA    ( 1443): [si-s][onTransact 171][onTransact 171] code[0x10000001]
01-01 00:00:16.839 V/SUMA    ( 1443): [dvb_si_sch_cbk_enreg] ok handle=0x238e1f00!!!
01-01 00:00:16.839 V/SUMA    ( 1443): [dvb_si_mnt_cbk_enreg] channel=0x0,handle=0xcd msg=0xd600 !!!
01-01 00:00:16.839 V/SUMA    ( 1443): [dvb_si_mnt_cbk_enreg] channel=0x0,handle=0x100ba msg=0xd700 !!!
01-01 00:00:16.839 V/SUMA    ( 1443): [dvb_si_mnt_cbk_enreg] channel=0x0,handle=0x200ab msg=0xd800 !!!
01-01 00:00:16.839 V/SUMA    ( 1443): [dvb_si_mnt_cbk_enreg] channel=0x0,handle=0x300f2 msg=0xd900 !!!
01-01 00:00:16.839 V/SUMA    ( 1443): [dvb_si_mnt_cbk_enreg] channel=0x0,handle=0x400fb msg=0xd500 !!!
01-01 00:00:16.839 V/SUMA    ( 1443): [dvb_si_mnt_cbk_enreg] channel=0x0,handle=0x500e3 msg=0xda00 !!!
01-01 00:00:16.839 V/SUMA    ( 1443): [dvb_si_mnt_cbk_enreg] channel=0x0,handle=0x60046 msg=0xd100 !!!
01-01 00:00:16.839 V/SUMA    ( 1443): [dvb_si_mnt_cbk_enreg] channel=0x0,handle=0x7007c msg=0xd200 !!!
01-01 00:00:16.839 V/SUMA    ( 1443): [dvb_si_mnt_cbk_enreg] channel=0x0,handle=0x800c2 msg=0xd300 !!!
01-01 00:00:16.839 V/SUMA    ( 1443): [dvb_si_mnt_cbk_enreg] channel=0x0,handle=0x90054 msg=0xd400 !!!
01-01 00:00:16.839 V/SUMA    ( 1443): [dvb_si_mnt_cbk_enreg] channel=0x0,handle=0xa00f8 msg=0xdb00 !!!
01-01 00:00:16.839 V/SUMA    ( 1443): [eit] dvb_si_evt_cbk_enreg() leave handle=0xe200001b !!!
01-01 00:00:16.839 V/SUMA    ( 1443): [eit] dvb_si_evt_cbk_enreg() leave handle=0xe30010e8 !!!
01-01 00:00:16.839 V/SUMA    ( 1443): [eit] dvb_si_evt_cbk_enreg() leave handle=0xe50020e7 !!!
01-01 00:00:16.839 V/SUMA    ( 1443): [eit] dvb_si_evt_cbk_enreg() leave handle=0xe600308d !!!
01-01 00:00:16.839 V/SUMA    ( 1443): [eit] dvb_si_evt_cbk_enreg() leave handle=0xe1004076 !!!
01-01 00:00:16.839 V/SUMA    ( 1443): [si-s][onTransact 181]dvbs# TRANS_CODE_SI_INIT enter 
01-01 00:00:16.840 V/SUMA    ( 1443): [si-s][onTransact 197]dvbs# TRANS_CODE_SI_INIT leave client inx=0 pid=2106
01-01 00:00:16.840 V/SUMA    ( 2106): [si-c][dvb_si_init 981]ok !!! s_si_client_hinx = 0
01-01 00:00:16.840 V/SUMA    ( 2106): [si-c][dvb_si_init 982]leave !!!
01-01 00:00:16.840 V/SUMA    ( 1443): [si-s][onTransact 171][onTransact 171] code[0x10000010]
01-01 00:00:16.840 V/SUMA    ( 2106): [si-c][dvb_si_mnt_cbk_enreg 1450]leave !!!
01-01 00:00:16.840 D/SIDatabase( 2106): ^^^^registering SI monitor....type=54016, key=27538, channel=0
01-01 00:00:16.841 V/SUMA    ( 1443): [si-s][onTransact 171][onTransact 171] code[0x10000010]
01-01 00:00:16.841 V/SUMA    ( 2106): [si-c][dvb_si_mnt_cbk_enreg 1450]leave !!!
01-01 00:00:16.841 D/SIDatabase( 2106): ^^^^registering SI monitor....type=54528, key=10697, channel=0
01-01 00:00:16.842 D/JNIEventManager( 2106): ^^^^^^^initMsgQueue
01-01 00:00:16.842 V/SUMA    ( 1443): [si-s][onTransact 171][onTransact 171] code[0x10000010]
01-01 00:00:16.842 V/SUMA    ( 2106): [si-c][dvb_si_mnt_cbk_enreg 1450]leave !!!
01-01 00:00:16.842 D/SIDatabase( 2106): ^^^^registering SI monitor....type=55808, key=19827, channel=0
01-01 00:00:16.843 V/SUMA    ( 1443): [si-s][onTransact 171][onTransact 171] code[0x10000010]
01-01 00:00:16.843 V/SUMA    ( 2106): [si-c][dvb_si_mnt_cbk_enreg 1450]leave !!!
01-01 00:00:16.851 D/SanpingHandler( 2106): configUpdate config=[Config@e56a5b21]appVersion[30D1F591742DF105]configVersion[214]isThird[false]isNgbVersion[true]isPrint[true]isServiceCheck[true]isAppRuleStart[true]defaultLaunchApp[com.suma.midware.home/.localset.view.third.Main3DActivity]isSanpingStart[true]version[4]androidVersion[0]isIvideoStart[false]appRuleProviderID[1]appRuleAuthID[100]appVerifySign[1]appUpdateAddr[http://update.sumavision.cc:90/dp-12/update/hubei/xianning/]ivideoRegion[]ivideoServerIP[192.166.62.25]ivideoPort[8080]esgType[0]esgCheckUrl[]isDlnaStart[true]isDlnaTimeAdjust[false]cutPictureQuality[100]maxCutPictureSize[0]isCutPictureSaveOnly[false]ipLoaderUpdateUrl[http://update.sumavision.cc:90/dp-12/iploader/hubei/xianning/]terminalManagerUrl[http://192.166.162.222/drm/]terminalManagerType[-1]terminalType[1]
01-01 00:00:16.851 D/SanpingHandler( 2106): start udpState=0,sensorState=0
01-01 00:00:16.861 D/CMDParser( 2106): clearTempFile path=/data/data/com.suma.midware.back/files/tmp/sanping/
01-01 00:00:16.862 D/FileIOUtil( 2106): deleteFile filePath=/data/data/com.suma.midware.back/files/tmp/sanping/,containRootDir=false
01-01 00:00:16.862 D/FileIOUtil( 2106): deleteFile file=/data/data/com.suma.midware.back/files/tmp/sanping,containRootDir=false
01-01 00:00:16.864 D/CMDParser( 2106): clearTempFile result=false
01-01 00:00:16.884 D/DlnaHandler( 2106): configUpdate config=[Config@e56a5b21]appVersion[30D1F591742DF105]configVersion[214]isThird[false]isNgbVersion[true]isPrint[true]isServiceCheck[true]isAppRuleStart[true]defaultLaunchApp[com.suma.midware.home/.localset.view.third.Main3DActivity]isSanpingStart[true]version[4]androidVersion[0]isIvideoStart[false]appRuleProviderID[1]appRuleAuthID[100]appVerifySign[1]appUpdateAddr[http://update.sumavision.cc:90/dp-12/update/hubei/xianning/]ivideoRegion[]ivideoServerIP[192.166.62.25]ivideoPort[8080]esgType[0]esgCheckUrl[]isDlnaStart[true]isDlnaTimeAdjust[false]cutPictureQuality[100]maxCutPictureSize[0]isCutPictureSaveOnly[false]ipLoaderUpdateUrl[http://update.sumavision.cc:90/dp-12/iploader/hubei/xianning/]terminalManagerUrl[http://192.166.162.222/drm/]terminalManagerType[-1]terminalType[1]
01-01 00:00:16.886 D/DlnaHandler( 2106): dealStart cp=null
01-01 00:00:16.895 D/EsgBaseDealer( 2106): static init ROOT_PATH=/dvbdata/mainapp/esg/
01-01 00:00:16.896 I/art     ( 2106): Background partial concurrent mark sweep GC freed 2194(251KB) AllocSpace objects, 0(0B) LOS objects, 54% free, 870KB/1894KB, paused 5.030ms total 39.201ms
01-01 00:00:16.899 D/FileIOUtil( 2106): readContentFromFile file=/dvbdata/mainapp/esg/version.dat,forceCreate=true,offset=0,len=-1
01-01 00:00:16.902 D/FileIOUtil( 2106): readContentFromFile isExist=true,isFile=true
01-01 00:00:16.908 D/EsgRunner( 2106): notifyUpdateEnd ads=null
01-01 00:00:16.911 D/EsgSumaDealer( 2106): formatAdList path=/dvbdata/mainapp/esg/data1/,version=ãEsgVersion@25b0f17eãcurEsgVersionsã[F@3b5f66dfãisEsgDataPath1ãtrueãchannelNumã0ãisAndroidABootOKãfalseãisAndroidBBootOKãfalseã
01-01 00:00:16.911 D/FileIOUtil( 2106): readContentFromFile file=/dvbdata/mainapp/esg/data1/esg_config.dat,forceCreate=false,offset=0,len=-1
01-01 00:00:16.913 D/FileIOUtil( 2106): readContentFromFile isExist=false,isFile=false
01-01 00:00:16.914 D/FileIOUtil( 2106): deleteFile filePath=/dvbdata/mainapp/esg/data1/,containRootDir=false
01-01 00:00:16.914 D/FileIOUtil( 2106): deleteFile file=/dvbdata/mainapp/esg/data1,containRootDir=false
01-01 00:00:16.914 D/EsgBaseDealer( 2106): init advDatas=[]
01-01 00:00:16.914 D/EsgHandler( 2106): configUpdate config=[Config@e56a5b21]appVersion[30D1F591742DF105]configVersion[214]isThird[false]isNgbVersion[true]isPrint[true]isServiceCheck[true]isAppRuleStart[true]defaultLaunchApp[com.suma.midware.home/.localset.view.third.Main3DActivity]isSanpingStart[true]version[4]androidVersion[0]isIvideoStart[false]appRuleProviderID[1]appRuleAuthID[100]appVerifySign[1]appUpdateAddr[http://update.sumavision.cc:90/dp-12/update/hubei/xianning/]ivideoRegion[]ivideoServerIP[192.166.62.25]ivideoPort[8080]esgType[0]esgCheckUrl[]isDlnaStart[true]isDlnaTimeAdjust[false]cutPictureQuality[100]maxCutPictureSize[0]isCutPictureSaveOnly[false]ipLoaderUpdateUrl[http://update.sumavision.cc:90/dp-12/iploader/hubei/xianning/]terminalManagerUrl[http://192.166.162.222/drm/]terminalManagerType[-1]terminalType[1]
01-01 00:00:16.914 D/EsgBaseDealer( 2106): stopEsgService
01-01 00:00:16.915 I/System.out( 2106): [INFO  00:00:16.914 HTTPServer] open socket with port : 8058:addr:
01-01 00:00:16.920 D/IVideoHandler( 2106): resetIvideoParam type=0
01-01 00:00:16.924 D/IVideoHandler( 2106): configUpdate config=[Config@e56a5b21]appVersion[30D1F591742DF105]configVersion[214]isThird[false]isNgbVersion[true]isPrint[true]isServiceCheck[true]isAppRuleStart[true]defaultLaunchApp[com.suma.midware.home/.localset.view.third.Main3DActivity]isSanpingStart[true]version[4]androidVersion[0]isIvideoStart[false]appRuleProviderID[1]appRuleAuthID[100]appVerifySign[1]appUpdateAddr[http://update.sumavision.cc:90/dp-12/update/hubei/xianning/]ivideoRegion[]ivideoServerIP[192.166.62.25]ivideoPort[8080]esgType[0]esgCheckUrl[]isDlnaStart[true]isDlnaTimeAdjust[false]cutPictureQuality[100]maxCutPictureSize[0]isCutPictureSaveOnly[false]ipLoaderUpdateUrl[http://update.sumavision.cc:90/dp-12/iploader/hubei/xianning/]terminalManagerUrl[http://192.166.162.222/drm/]terminalManagerType[-1]terminalType[1]
01-01 00:00:16.924 D/IVideoHandler( 2106): resetIvideoParam type=1
01-01 00:00:16.929 D/StbAndroidDealer( 2106): init info=[StbInfo@28fd6df5]oui[null]serialNum[null]hardVersion[null]softVersion[null]loaderVersion[null]driverVersion[null]factoryName[null]factoryID[0]machineType[null]caVersion[null]browserVersion[null]hardwareID[null]osVersion[null]regionCode[null]batchNum[null]originalSerialNum[null]loaderSerialNum[null]
01-01 00:00:16.944 V/PT>     ( 1443): sw_info->sw_version=02.00.00.01 
01-01 00:00:16.947 I/System.out( 2106): [DEBUG StringUtil] init CHARSET_NAME=UTF-8,ANDROID_CHASET=GB18030,VERSION=22
01-01 00:00:16.951 V/PT>     ( 1443): sw_info->sw_version=02.00.00.01 
01-01 00:00:16.951 V/PT>     ( 1443): sw_info->sw_version=02.00.00.01 
01-01 00:00:16.952 V/PT>     ( 1443): sw_info->sw_version=02.00.00.01 
01-01 00:00:16.953 V/PT>     ( 1443): sw_info->sw_version=02.00.00.01 
01-01 00:00:16.954 V/PT>     ( 1443): sw_info->sw_version=02.00.00.01 
01-01 00:00:16.955 V/PT>     ( 1443): sw_info->sw_version=02.00.00.01 
01-01 00:00:16.955 V/PT>     ( 1443): sw_info->sw_version=02.00.00.01 
01-01 00:00:16.956 V/PT>     ( 1443): sw_info->sw_version=02.00.00.01 
01-01 00:00:16.957 V/PT>     ( 1443): sw_info->sw_version=02.00.00.01 
01-01 00:00:16.958 V/PT>     ( 1443): sw_info->sw_version=02.00.00.01 
01-01 00:00:16.958 V/PT>     ( 1443): sw_info->sw_version=02.00.00.01 
01-01 00:00:16.959 V/PT>     ( 1443): sw_info->sw_version=02.00.00.01 
01-01 00:00:16.960 V/PT>     ( 1443): sw_info->sw_version=02.00.00.01 
01-01 00:00:16.961 D/StbNgbDealer( 2106): init info=[StbInfo@2be6a78a]oui[346]serialNum[0201130016300000001]hardVersion[02.01.01.00]softVersion[02.00.00.01]loaderVersion[02.00.00.01]driverVersion[STAPI_SDK-REL_36.2]factoryName[02]factoryID[-1]machineType[13]caVersion[05.02.01]browserVersion[null]hardwareID[Hi3796Mv100]osVersion[2.6.35.7]regionCode[00]batchNum[1630]originalSerialNum[0000001]loaderSerialNum[01]
01-01 00:00:16.961 V/PT>     ( 1443): sw_info->sw_version=02.00.00.01 
01-01 00:00:16.962 V/PT>     ( 1443): sw_info->sw_version=02.00.00.01 
01-01 00:00:16.963 V/PT>     ( 1443): sw_info->sw_version=02.00.00.01 
01-01 00:00:16.964 V/PT>     ( 1443): sw_info->sw_version=02.00.00.01 
01-01 00:00:16.965 V/PT>     ( 1443): sw_info->sw_version=02.00.00.01 
01-01 00:00:16.966 V/PT>     ( 1443): sw_info->sw_version=02.00.00.01 
01-01 00:00:16.967 V/PT>     ( 1443): sw_info->sw_version=02.00.00.01 
01-01 00:00:16.967 V/PT>     ( 1443): sw_info->sw_version=02.00.00.01 
01-01 00:00:16.968 V/PT>     ( 1443): sw_info->sw_version=02.00.00.01 
01-01 00:00:16.969 V/PT>     ( 1443): sw_info->sw_version=02.00.00.01 
01-01 00:00:16.970 V/PT>     ( 1443): sw_info->sw_version=02.00.00.01 
01-01 00:00:16.970 V/PT>     ( 1443): sw_info->sw_version=02.00.00.01 
01-01 00:00:16.971 V/PT>     ( 1443): sw_info->sw_version=02.00.00.01 
01-01 00:00:16.971 V/PT>     ( 1443): sw_info->sw_version=02.00.00.01 
01-01 00:00:16.972 D/IVideoHandler( 2106): resetIvideoParam stbInfo=[StbInfo@16fd91fb]oui[346]serialNum[0201130016300000001]hardVersion[02.01.01.00]softVersion[02.00.00.01]loaderVersion[02.00.00.01]driverVersion[STAPI_SDK-REL_36.2]factoryName[02]factoryID[-1]machineType[13]caVersion[05.02.01]browserVersion[null]hardwareID[Hi3796Mv100]osVersion[2.6.35.7]regionCode[00]batchNum[1630]originalSerialNum[0000001]loaderSerialNum[01]
01-01 00:00:16.979 I/System.out( 2106): [DEBUG CAManager] getCAManager  --- 0
01-01 00:00:16.979 I/System.out( 2106): [DEBUG CAManager] The register CAEventListener 
01-01 00:00:16.979 I/System.out( 2106): [DEBUG CAManager] The register CAEventListener suceess
01-01 00:00:16.982 V/SUMA    ( 2106): [cas-c][CA_Manager_RegisterChannelCallback 2310]enter !!!
01-01 00:00:16.983 V/SUMA    ( 2106): [cas-c][CA_Manager_Init 421]cas client pid = 2106 
01-01 00:00:16.983 V/SUMA    ( 1443): [cas-s][onTransact 207]m_client[0].cpid = 0
01-01 00:00:16.983 V/SUMA    ( 1443): [cas-s][dvb_server_cas_deathnotifier 44]cas server new deathnotifier, pid = 2106
01-01 00:00:16.983 V/SUMA    ( 1443): [cas-s][onTransact 224]TRANS_CODE_CAS_INIT leave client inx=0 pid=2106 tid=1443
01-01 00:00:16.983 V/SUMA    ( 2106): [cas-c][CA_Manager_Init 431]ok ! s_cas_client_hinx = 0
01-01 00:00:16.983 V/SUMA    ( 1443): [cas-s][onTransact 1029]CASService register channel Callback m_client[0].cpid = 2106
01-01 00:00:16.983 V/SUMA    ( 1443): [cas-s][onTransact 1034]CASService register channel Callback m_client[0].eventHds[0]
01-01 00:00:16.983 V/SUMA    ( 1443): [CAM] CA_Manager_RegisterChannelCallback() leave ret=0 hEventHandle=0x19370001
01-01 00:00:16.984 V/SUMA    ( 2106): [cas-c][CA_Manager_RegisterChannelCallback 2337]leave !!!
01-01 00:00:16.984 D/CAManagerNative( 2106): [CAManager-JNI] registerCallback ,result is 0,heventHandle is 423034881
01-01 00:00:16.984 I/System.out( 2106): [DEBUG CAManager] CAManager register is true
01-01 00:00:16.984 D/CaNgbDealer( 2106): getCaCardInfo res=[I@2f93d218,isCache=false
01-01 00:00:16.987 D/CAManagerNative( 2106): getCardInfo CA_Manager_GetManufactureInfo result  is -1
01-01 00:00:16.987 E/CaNgbDealer( 2106): getCaCardInfo card null
01-01 00:00:16.987 D/IVideoDataReq( 2106): resetIvideoUser cardInfo=null
01-01 00:00:16.987 D/IVideoHandler( 2106): stop state=0
01-01 00:00:16.989 D/ServiceBoot( 2106): dealConfig endTime=20410
01-01 00:00:16.989 D/ServiceBoot( 2106): initNormalStart startTime=20410
01-01 00:00:16.991 W/ContextImpl( 2106): Calling a method in the system process without a qualified user: android.app.ContextImpl.startService:1709 android.content.ContextWrapper.startService:516 com.suma.midware.back.boot.ServiceBoot.initNormalStart:778 com.suma.midware.back.boot.ServiceBoot.init:682 com.suma.midware.back.BackService.onCreate:108 
01-01 00:00:17.001 D/ServiceBoot( 2106): initNormalStart endTime=20422
01-01 00:00:17.001 D/BackBootDealer( 2106): start time:20422
01-01 00:00:17.003 D/BackBootDealer( 2106): start end time:20424
01-01 00:00:17.003 V/PT>     ( 1443): sw_info->sw_version=02.00.00.01 
01-01 00:00:17.005 V/PT>     ( 1443): sw_info->sw_version=02.00.00.01 
01-01 00:00:17.005 V/PT>     ( 1443): sw_info->sw_version=02.00.00.01 
01-01 00:00:17.006 V/PT>     ( 1443): sw_info->sw_version=02.00.00.01 
01-01 00:00:17.007 V/PT>     ( 1443): sw_info->sw_version=02.00.00.01 
01-01 00:00:17.008 V/PT>     ( 1443): sw_info->sw_version=02.00.00.01 
01-01 00:00:17.010 V/PT>     ( 1443): sw_info->sw_version=02.00.00.01 
01-01 00:00:17.015 V/PT>     ( 1443): sw_info->sw_version=02.00.00.01 
01-01 00:00:17.016 V/PT>     ( 1443): sw_info->sw_version=02.00.00.01 
01-01 00:00:17.016 D/DirectDataBaseXianNing( 2106): readAttrs
01-01 00:00:17.016 D/FileIOUtil( 2106): readContentFromFile file=/dvbdata/mainapp/channel_private.dat,forceCreate=true,offset=0,len=-1
01-01 00:00:17.017 D/FileIOUtil( 2106): readContentFromFile isExist=true,isFile=true
01-01 00:00:17.018 V/PT>     ( 1443): sw_info->sw_version=02.00.00.01 
01-01 00:00:17.019 V/PT>     ( 1443): sw_info->sw_version=02.00.00.01 
01-01 00:00:17.020 V/PT>     ( 1443): sw_info->sw_version=02.00.00.01 
01-01 00:00:17.021 V/PT>     ( 1443): sw_info->sw_version=02.00.00.01 
01-01 00:00:17.022 V/PT>     ( 1443): sw_info->sw_version=02.00.00.01 
01-01 00:00:17.022 D/DirectDataBaseXianNing( 2106): readOtherAtts:exp:  expList size:104
01-01 00:00:17.036 V/SUMA    ( 1443): [si-s][onTransact 171][onTransact 171] code[0x10000020]
01-01 00:00:17.036 V/SUMA    ( 1443): [dvb_si_attt_get]IDS_NIT:[0x10],[0x40],[0x41]
01-01 00:00:17.036 V/SUMA    ( 1443): [dvb_si_attr_get] 0x0 get ok
01-01 00:00:17.036 V/SUMA    ( 2106): [si-c][dvb_si_attr_get 1977]leave !!!
01-01 00:00:17.036 V/SUMA    ( 1443): [si-s][onTransact 171][onTransact 171] code[0x10000020]
01-01 00:00:17.036 V/SUMA    ( 1443): [dvb_si_attt_get]IDS_BAT:[0x11],[0x4a]
01-01 00:00:17.036 V/SUMA    ( 1443): [dvb_si_attr_get] 0x2 get ok
01-01 00:00:17.036 V/SUMA    ( 2106): [si-c][dvb_si_attr_get 1977]leave !!!
01-01 00:00:17.037 V/SUMA    ( 1443): [si-s][onTransact 171][onTransact 171] code[0x10000020]
01-01 00:00:17.037 V/SUMA    ( 1443): [dvb_si_attt_get]IDS_SDT:[0x11],[0x42],[0x46]
01-01 00:00:17.037 V/SUMA    ( 1443): [dvb_si_attr_get] 0x1 get ok
01-01 00:00:17.037 V/SUMA    ( 2106): [si-c][dvb_si_attr_get 1977]leave !!!
01-01 00:00:17.037 D/AppNgbSetting( 2106): init screenWidth=1280,screenHeight=720
01-01 00:00:17.038 D/DirectDataBase( 2106): doBoot
01-01 00:00:17.038 D/FileIOUtil( 2106): readContentFromFile file=/dvbdata/mainapp/direct/channel.dat,forceCreate=true,offset=0,len=-1
01-01 00:00:17.039 D/FileIOUtil( 2106): readContentFromFile isExist=true,isFile=true
01-01 00:00:17.041 D/UserNgbSetting( 2106): initUsers users={"adminPassword":"1234","StoragePath":"\/data\/ngb\/adv\/","CAProvider":0,"projectSerial":"00000000000000000000000000000000"}
01-01 00:00:17.042 D/BackBootDealer( 2106): updateProjectSerial,serialNum02011300163000000010000000000000:projectSerialNum:00000000000000000000000000000000
01-01 00:00:17.050 D/FreqsNgbSetting( 2106): initFreqs mainFreqsInfo=[{"deliveryType":0,"deliveryParams":[{"frequency":411000,"symbolRate":6875,"modulation":3,"polarization":1}]},{"deliveryType":1,"deliveryParams":[{"frequency":443000,"symbolRate":6875,"modulation":3}]},{"deliveryType":12,"deliveryParams":[{"frequency":411000,"symbolRate":6875,"modulation":3}]}]
01-01 00:00:17.052 D/sysTool ( 2106): set property key :UserInfo
01-01 00:00:17.052 D/sysTool ( 2106): set property value :{"adminPassword":"1234"}
01-01 00:00:17.052 D/FreqsNgbSetting( 2106): initFreqs vodAddrObj={"MD5":"5A8B6493","VODParams":[{"frequency":634000,"symbolRate":6875,"modulation":3,"QAMName":1060},{"frequency":642000,"symbolRate":6875,"modulation":3,"QAMName":16},{"frequency":650000,"symbolRate":6875,"modulation":3,"QAMName":16}]}
01-01 00:00:17.052 I/System.out( 2106): [DEBUG DataAccess] set property the result is : 0
01-01 00:00:17.053 I/art     ( 2106): Background sticky concurrent mark sweep GC freed 4862(420KB) AllocSpace objects, 0(0B) LOS objects, 12% free, 1652KB/1894KB, paused 5.885ms total 43.236ms
01-01 00:00:17.053 D/sysTool ( 2106): set property key :AdvInfo
01-01 00:00:17.053 D/sysTool ( 2106): set property value :{"StoragePath":"\/data\/ngb\/adv\/"}
01-01 00:00:17.053 I/System.out( 2106): [DEBUG DataAccess] set property the result is : 0
01-01 00:00:17.054 D/sysTool ( 2106): set property key :CasInfo
01-01 00:00:17.054 D/sysTool ( 2106): set property value :{"CAProvider":0}
01-01 00:00:17.054 I/System.out( 2106): [DEBUG DataAccess] set property the result is : 0
01-01 00:00:17.055 D/sysTool ( 2106): set property key :CustomInfo
01-01 00:00:17.055 D/sysTool ( 2106): set property value :{"projectSerial":"02011300163000000010000000000000"}
01-01 00:00:17.056 I/System.out( 2106): [DEBUG DataAccess] set property the result is : 0
01-01 00:00:17.057 D/FreqsSetting( 2106): forceEffectAll time=20478
01-01 00:00:17.057 I/System.out( 2106): [DEBUG QueryRequest] execute doQuery
01-01 00:00:17.058 D/AVNgbSetting( 2106): initAV videoObj={"videoStandard":27400,"OSDAlpha":0,"matchMode":4,"brightness":50,"contrast":50,"saturation":50,"transparency":0,"aspectRation":6}
01-01 00:00:17.064 D/SIDatabase( 2106): =====get all services in the db.
01-01 00:00:17.068 V/SUMA    ( 2106): [dbs-c][dvb_si_dbs_init 110]ok !!!
01-01 00:00:17.068 D/KeyEventNgbDealer( 2106): start eventManager=org.ngb.event.EventManager@3d46be65
01-01 00:00:17.069 D/ServiceBoot( 2106): dealJumpInit time=20490
01-01 00:00:17.069 V/PT>     ( 1443): sw_info->sw_version=02.00.00.01 
01-01 00:00:17.071 V/SUMA    ( 1443): roc_ss_get_item:get ROC_SYSSET_DENC OK 
01-01 00:00:17.074 D/NGBEvent( 2106): [NGBEvent_log]--[EventManager--JNI]:		start1
01-01 00:00:17.077 D/AVNgbSetting( 2106): initAV sdMode=6
01-01 00:00:17.078 I/art     ( 2106): Background sticky concurrent mark sweep GC freed 421(32KB) AllocSpace objects, 0(0B) LOS objects, 11% free, 1673KB/1894KB, paused 5.889ms total 24.937ms
01-01 00:00:17.079 V/SUMA    ( 1443): roc_ss_get_item:get ROC_SYSSET_RESOLUTION OK 
01-01 00:00:17.079 D/AVNgbSetting( 2106): initAV hdMode=50
01-01 00:00:17.079 D/AVNgbSetting( 2106): initAV videoStandard=50
01-01 00:00:17.080 V/SUMA    ( 1443): [sysset-s][SyssetServiceDeathNotifier 24]new SyssetServiceDeathNotifier pid = 2106 
01-01 00:00:17.080 V/SUMA    ( 2106): [resman-c][Roc_ResMan_RegisterEvent 627]enter !!!
01-01 00:00:17.081 V/SUMA    ( 1443): [resman-s][onTransact 216]code[0x12000003] client pid = 2106
01-01 00:00:17.081 V/SUMA    ( 1443): [resman-s][onTransact 280]registerevent m_client[0].cpid = 2106
01-01 00:00:17.081 V/SUMA    ( 1443): >> ROC ResMan Register Index = 0x0, Equip_Name = 0x20, Event = 0x210004 
01-01 00:00:17.081 V/SUMA    ( 1443): 
01-01 00:00:17.081 V/SUMA    ( 1443): [resman-s][onTransact 1559]leave transact client pid = 2106
01-01 00:00:17.082 V/SUMA    ( 2106): [resman-c][Roc_ResMan_RegisterEvent 660]event_id=0x20000001 ret=0 i=0
01-01 00:00:17.083 D/NGBEvent( 2106): register cable00 disconnect0 event with ret:0
01-01 00:00:17.083 V/SUMA    ( 2106): [resman-c][Roc_ResMan_RegisterEvent 627]enter !!!
01-01 00:00:17.083 V/SUMA    ( 1443): [resman-s][onTransact 216]code[0x12000003] client pid = 2106
01-01 00:00:17.083 V/SUMA    ( 1443): [resman-s][onTransact 280]registerevent m_client[0].cpid = 2106
01-01 00:00:17.083 V/SUMA    ( 1443): >> Roc Res Err : ROC_RES_ERR_PARAMETER_INVALID 
01-01 00:00:17.083 V/SUMA    ( 1443): [resman-s][onTransact 1559]leave transact client pid = 2106
01-01 00:00:17.083 V/SUMA    ( 2106): [resman-c][Roc_ResMan_RegisterEvent 660]event_id=0x0 ret=-4 i=1
01-01 00:00:17.083 D/NGBEvent( 2106): register cable00 disconnect1 event with ret:-4
01-01 00:00:17.084 V/SUMA    ( 2106): [resman-c][Roc_ResMan_RegisterEvent 627]enter !!!
01-01 00:00:17.084 V/SUMA    ( 1443): [resman-s][onTransact 216]code[0x12000003] client pid = 2106
01-01 00:00:17.084 V/SUMA    ( 1443): [resman-s][onTransact 280]registerevent m_client[0].cpid = 2106
01-01 00:00:17.084 V/SUMA    ( 1443): >> ROC ResMan Register Index = 0x0, Equip_Name = 0x20, Event = 0x210005 
01-01 00:00:17.084 V/SUMA    ( 1443): 
01-01 00:00:17.084 V/SUMA    ( 1443): [resman-s][onTransact 1559]leave transact client pid = 2106
01-01 00:00:17.084 V/SUMA    ( 2106): [resman-c][Roc_ResMan_RegisterEvent 660]event_id=0x20000002 ret=0 i=1
01-01 00:00:17.084 D/NGBEvent( 2106): register cable connect0 event with ret:0
01-01 00:00:17.084 V/SUMA    ( 2106): [resman-c][Roc_ResMan_RegisterEvent 627]enter !!!
01-01 00:00:17.084 V/SUMA    ( 1443): [resman-s][onTransact 216]code[0x12000003] client pid = 2106
01-01 00:00:17.084 V/SUMA    ( 1443): [resman-s][onTransact 280]registerevent m_client[0].cpid = 2106
01-01 00:00:17.084 V/SUMA    ( 1443): >> Roc Res Err : ROC_RES_ERR_PARAMETER_INVALID 
01-01 00:00:17.084 V/SUMA    ( 1443): [resman-s][onTransact 1559]leave transact client pid = 2106
01-01 00:00:17.084 V/SUMA    ( 2106): [resman-c][Roc_ResMan_RegisterEvent 660]event_id=0x0 ret=-4 i=2
01-01 00:00:17.084 D/NGBEvent( 2106): register cable connect1 event with ret:-4
01-01 00:00:17.084 D/NGBEvent( 2106): [NGBEvent_log]--[EventManager--JNI]:		start
01-01 00:00:17.086 V/PT>     ( 1443): sw_info->sw_version=02.00.00.01 
01-01 00:00:17.087 D/AVNgbSetting( 2106): initAV audioObj={"enableGlobalVolume":0,"outputVolume":6,"spdifMode":"PCM","soundMode":1}
01-01 00:00:17.087 V/PT>     ( 1443): sw_info->sw_version=02.00.00.01 
01-01 00:00:17.088 V/PT>     ( 1443): sw_info->sw_version=02.00.00.01 
01-01 00:00:17.089 V/PT>     ( 1443): sw_info->sw_version=02.00.00.01 
01-01 00:00:17.089 V/PT>     ( 1443): sw_info->sw_version=02.00.00.01 
01-01 00:00:17.090 V/PT>     ( 1443): sw_info->sw_version=02.00.00.01 
01-01 00:00:17.091 V/PT>     ( 1443): sw_info->sw_version=02.00.00.01 
01-01 00:00:17.092 V/PT>     ( 1443): sw_info->sw_version=02.00.00.01 
01-01 00:00:17.093 V/PT>     ( 1443): sw_info->sw_version=02.00.00.01 
01-01 00:00:17.093 V/SUMA    ( 1443): SYSSET_VIDEO_GetAllInterface 2686:video interface num=3
01-01 00:00:17.093 V/SUMA    ( 1443): SYSSET_VIDEO_GetAllInterface 2692:video interface newtype=0xc8, oldtype=0xc8, enablestate=0xffffffff
01-01 00:00:17.094 V/PT>     ( 1443): sw_info->sw_version=02.00.00.01 
01-01 00:00:17.094 E/AVNgbSetting( 2106): initAV interfaceName=HDMI_0
01-01 00:00:17.094 E/AVNgbSetting( 2106): initAV interfaceName=YCBCR_0
01-01 00:00:17.094 E/AVNgbSetting( 2106): initAV interfaceName=S_VIDEO_0
01-01 00:00:17.094 D/AVNgbSetting( 2106): forceEffectAll time=20515
01-01 00:00:17.094 V/PT>     ( 1443): sw_info->sw_version=02.00.00.01 
01-01 00:00:17.095 V/PT>     ( 1443): sw_info->sw_version=02.00.00.01 
01-01 00:00:17.096 V/PT>     ( 1443): sw_info->sw_version=02.00.00.01 
01-01 00:00:17.097 W/ServiceBoot( 2106): dealFactory illegal serialNum=0201130016300000001
01-01 00:00:17.097 D/SIDatabase( 2106): nGetNetworkId freq  443000, type 68,onid 16,tsID 272 
01-01 00:00:17.099 D/SIDatabase( 2106): nGetNetworkId freq  443000, type 68,onid 16,tsID 272 
01-01 00:00:17.101 D/SIDatabase( 2106): nGetNetworkId freq  443000, type 68,onid 16,tsID 272 
01-01 00:00:17.101 V/PT>     ( 1443): SET brightness_level = 50 
01-01 00:00:17.101 V/SUMA    ( 1443): roc_ss_set_item:set ROC_SYSSET_BRIGHTNESS OK 
01-01 00:00:17.102 D/SIDatabase( 2106): nGetNetworkId freq  443000, type 68,onid 16,tsID 272 
01-01 00:00:17.104 D/SIDatabase( 2106): nGetNetworkId freq  443000, type 68,onid 16,tsID 272 
01-01 00:00:17.105 V/PT>     ( 1443): SET saturation_level = 50 
01-01 00:00:17.105 V/SUMA    ( 1443): roc_ss_set_item:set ROC_SYSSET_SATURATION OK 
01-01 00:00:17.105 D/SIDatabase( 2106): nGetNetworkId freq  443000, type 68,onid 16,tsID 272 
01-01 00:00:17.107 D/SIDatabase( 2106): nGetNetworkId freq  451000, type 68,onid 16,tsID 288 
01-01 00:00:17.109 D/SIDatabase( 2106): nGetNetworkId freq  451000, type 68,onid 16,tsID 288 
01-01 00:00:17.110 V/PT>     ( 1443): SET contrast_level = 50 
01-01 00:00:17.110 V/SUMA    ( 1443): roc_ss_set_item:set ROC_SYSSET_CONTRAST OK 
01-01 00:00:17.110 D/SIDatabase( 2106): nGetNetworkId freq  451000, type 68,onid 16,tsID 288 
01-01 00:00:17.113 D/SIDatabase( 2106): nGetNetworkId freq  451000, type 68,onid 16,tsID 288 
01-01 00:00:17.114 V/SUMA    ( 1443): roc_ss_set_item:get PLANE number = 16 
01-01 00:00:17.114 V/SUMA    ( 1443): roc_ss_set_item:set ROC_SYSSET_VIDEO_ALPHA OK 
01-01 00:00:17.114 V/PT>     ( 1443): SET saturation_level = 50 
01-01 00:00:17.114 V/SUMA    ( 1443): roc_ss_set_item:set ROC_SYSSET_SATURATION OK 
01-01 00:00:17.116 D/SIDatabase( 2106): nGetNetworkId freq  451000, type 68,onid 16,tsID 288 
01-01 00:00:17.119 V/SUMA    ( 1443): >> Roc_Video_Set_VOUT_Standard vout_type=0  vid_formt=213
01-01 00:00:17.119 V/PT>     ( 1443): vout_type=0 vid_formt (213)
01-01 00:00:17.119 V/SUMA    ( 1443): roc_ss_set_item:set ROC_SYSSET_DENC OK 
01-01 00:00:17.119 V/SUMA    ( 1443): >> Roc_Video_Set_VOUT_Standard vout_type=1  vid_formt=27400
01-01 00:00:17.119 V/PT>     ( 1443): vout_type=1 vid_formt (27400)
01-01 00:00:17.120 V/PT>     ( 1443): slm enEncFmtNow=6 enEncFmt=6 error=(0x0)
01-01 00:00:17.120 V/SUMA    ( 1443): roc_ss_set_item:set ROC_SYSSET_RESOLUTION OK 
01-01 00:00:17.120 D/SIDatabase( 2106): nGetNetworkId freq  451000, type 68,onid 16,tsID 288 
01-01 00:00:17.122 D/SIDatabase( 2106): nGetNetworkId freq  459000, type 68,onid 16,tsID 304 
01-01 00:00:17.124 D/SIDatabase( 2106): nGetNetworkId freq  459000, type 68,onid 16,tsID 304 
01-01 00:00:17.126 D/ServiceBoot( 2106): dealJumpInit endTime=20547
01-01 00:00:17.126 D/PlayerHandler( 2106): getPlayBaseDealer className=com.suma.midware.back.play.PlayAndroidDealer
01-01 00:00:17.126 D/SIDatabase( 2106): nGetNetworkId freq  459000, type 68,onid 16,tsID 304 
01-01 00:00:17.126 D/BackService( 2106): onCreate endTime=20548
01-01 00:00:17.127 D/TableMonitorNgbDealer( 2106): dealBoot nitState=0,monitorType=533
01-01 00:00:17.130 D/SIDatabase( 2106): nGetNetworkId freq  459000, type 68,onid 16,tsID 304 
01-01 00:00:17.132 D/SIDatabase( 2106): nGetNetworkId freq  459000, type 68,onid 16,tsID 304 
01-01 00:00:17.135 D/SIDatabase( 2106): nGetNetworkId freq  459000, type 68,onid 16,tsID 304 
01-01 00:00:17.136 D/PropManager( 2159): initProp startTime:20557:pkgName:com.suma.midware.home
01-01 00:00:17.137 D/SIDatabase( 2106): nGetNetworkId freq  474000, type 68,onid 16,tsID 320 
01-01 00:00:17.137 I/Main3DActivity( 2159): end PropManagerInit : 20559
01-01 00:00:17.137 I/Main3DActivity( 2159): start initListener : 20559
01-01 00:00:17.138 D/FileIOUtil( 2106): readContentFromFile file=/dvbdata/mainapp/appinfo.dat,forceCreate=false,offset=0,len=-1
01-01 00:00:17.138 D/FileIOUtil( 2106): readContentFromFile isExist=true,isFile=true
01-01 00:00:17.139 D/SIDatabase( 2106): nGetNetworkId freq  474000, type 68,onid 16,tsID 320 
01-01 00:00:17.140 I/Main3DActivity( 2159): end initListener : 20562
01-01 00:00:17.144 D/SIDatabase( 2106): nGetNetworkId freq  474000, type 68,onid 16,tsID 320 
01-01 00:00:17.145 D/PropManager( 2159): getBaseManager className:SettingManager:pkgName:com.suma.midware.home
