01-01 00:00:04.537 I/art     ( 1444): Explicit concurrent mark sweep GC freed 525(63KB) AllocSpace objects, 0(0B) LOS objects, 41% free, 1419KB/2MB, paused 375us total 12.267ms
01-01 00:00:04.538 W/Resources( 1444): Preloaded drawable resource #0x10804be (android:drawable/list_selector_disabled_holo_light) that varies with configuration!!
01-01 00:00:04.539 W/Resources( 1444): Preloaded drawable resource #0x10804be (android:drawable/list_selector_disabled_holo_light) that varies with configuration!!
01-01 00:00:04.540 W/Resources( 1444): Preloaded drawable resource #0x108049d (android:drawable/list_pressed_holo_light) that varies with configuration!!
01-01 00:00:04.540 W/Resources( 1444): Preloaded drawable resource #0x108049b (android:drawable/list_longpressed_holo_light) that varies with configuration!!
01-01 00:00:04.540 W/Resources( 1444): Preloaded drawable resource #0x10804bb (android:drawable/list_selector_background_transition_holo_light) that varies with configuration!!
01-01 00:00:04.541 W/Resources( 1444): Preloaded drawable resource #0x108049d (android:drawable/list_pressed_holo_light) that varies with configuration!!
01-01 00:00:04.541 W/Resources( 1444): Preloaded drawable resource #0x108049b (android:drawable/list_longpressed_holo_light) that varies with configuration!!
01-01 00:00:04.541 W/Resources( 1444): Preloaded drawable resource #0x10804bb (android:drawable/list_selector_background_transition_holo_light) that varies with configuration!!
01-01 00:00:04.542 W/Resources( 1444): Preloaded drawable resource #0x1080495 (android:drawable/list_focused_holo) that varies with configuration!!
01-01 00:00:04.542 W/Resources( 1444): Preloaded drawable resource #0x108044f (android:drawable/item_background_holo_light) that varielowmemorykiller: lowmem_shrink: convert oom_adj to oom_score_adj:
s with configuralowmemorykiller: oom_adj 0 => oom_score_adj 0
tion!!
01-01 00lowmemorykiller: oom_adj 1 => oom_score_adj 58
:00:04.543 W/Reslowmemorykiller: oom_adj 2 => oom_score_adj 117
ources( 1444): Plowmemorykiller: oom_adj 3 => oom_score_adj 176
reloaded drawabllowmemorykiller: oom_adj 9 => oom_score_adj 529
e resource #0x10lowmemorykiller: oom_adj 15 => oom_score_adj 1000
802f2 (android:drawable/fastscroll_thumb_pressed_holo) that varies with configuration!!
01-01 00:00:04.544 W/Resources( 1444): Preloaded drawable resource #0x10802ef (android:drawable/fastscroll_thumb_default_holo) that varies with configuration!!
01-01 00:00:04.544 W/Resources( 1444): Preloaded drawable resource #0x10802f0 (android:drawable/fastscroll_thumb_holo) that varies with configuration!!
01-01 00:00:04.544 W/Resources( 1444): Preloaded drawable resource #0x10802f2 (android:drawable/fastscroll_thumb_pressed_holo) that varies with configuration!!
01-01 00:00:04.558 I/art     ( 1444): Explicit concurrent mark sweep GC freed 539(56KB) AllocSpace objects, 0(0B) LOS objects, 41% free, 1414KB/2MB, paused 345us total 12.108ms
01-01 00:00:04.559 W/Resources( 1444): Preloaded drawable resource #0x10802ef (android:drawable/fastscroll_thumb_default_holo) that varies with configuration!!
01-01 00:00:04.560 W/Resources( 1444): Preloaded drawable resource #0x10802f8 (android:drawable/fastscroll_track_pressed_holo_dark) that varies with configuration!!
01-01 00:00:04.560 W/Resources( 1444): Preloaded drawable resource #0x10802f3 (android:drawable/fastscroll_track_default_holo_dark) that varies with configuration!!
01-01 00:00:04.561 W/Resources( 1444): Preloaded drawable resource #0x10802f5 (android:drawable/fastscroll_track_holo_dark) that varies with configuration!!
01-01 00:00:04.561 W/Resources( 1444): Preloaded drawable resource #0x10802f8 (android:drawable/fastscroll_track_pressed_holo_dark) that varies with configuration!!
01-01 00:00:04.561 W/Resources( 1444): Preloaded drawable resource #0x10802f3 (android:drawable/fastscroll_track_default_holo_dark) that varies with configuration!!
01-01 00:00:04.562 W/Resources( 1444): Preloaded drawable resource #0x10802e9 (android:drawable/fastscroll_label_left_holo_dark) that varies with configuration!!
01-01 00:00:04.564 W/Resources( 1444): Preloaded drawable resource #0x10802ec (android:drawable/fastscroll_label_right_holo_dark) that varies with configuration!!
01-01 00:00:04.576 I/art     ( 1444): Explicit concurrent mark sweep GC freed 307(41KB) AllocSpace objects, 0(0B) LOS objects, 41% free, 1437KB/2MB, paused 353us total 11.997ms
01-01 00:00:04.578 W/Resources( 1444): Preloaded drawable resource #0x10802f9 (android:drawable/fastscroll_track_pressed_holo_light) that varies with configuration!!
01-01 00:00:04.578 W/Resources( 1444): Preloaded drawable resource #0x10802f4 (android:drawable/fastscroll_track_default_holo_light) that varies with configuration!!
01-01 00:00:04.579 W/Resources( 1444): Preloaded drawable resource #0x10802f6 (android:drawable/fastscroll_track_holo_light) that varies with configuration!!
01-01 00:00:04.579 W/Resources( 1444): Preloaded drawable resource #0x10802f9 (android:drawable/fastscroll_track_presIPv6: ADDRCONF(NETDEV_UP): eth0: link is not ready
sed_holo_light) nf_conntrack: automatic helper assignment is deprecated and it will be removed soon. Use the iptables CT target to attach helpers instead.
that varies with configuration!!
01-01 00:00:04.580 W/Resources( 1444): Preloaded drawable resource #0x10802f4 (android:drawable/fastscroll_track_default_holo_light) that varies with configuration!!
01-01 00:00:04.581 W/Resources( 1444): Preloaded drawable resource #0x10802ea (android:drawable/fastscroll_label_left_holo_light) that varies with configuration!!
01-01 00:00:04.582 W/Resources( 1444): Preloaded drawable resource #0x10802ed (android:drawable/fastscroll_label_right_holo_light) that varies with configuration!!
01-01 00:00:04.594 I/art     ( 1444): Explicit concurrent mark sweep GC freed 235(62KB) AllocSpace objects, 0(0B) LOS objects, 41% free, 1431KB/2MB, paused 345us total 11.948ms
01-01 00:00:04.598 W/Resources( 1444): Preloaded drawable resource #0x10802ca (android:drawable/editbox_dropdown_background_dark) that varies with configuration!!
01-01 00:00:04.599 W/Resources( 1444): Preloaded drawable resource #0x1080738 (android:drawable/textfield_search_selected_holo_dark) that varies with configuration!!
01-01 00:00:04.599 W/Resources( 1444): Preloaded drawable resource #0x108072a (android:drawable/textfield_search_default_holo_dark) that varies with configuration!!
01-01 00:00:04.599 W/Resources( 1444): Preloaded drawable resource #0x108073a (android:drawable/textfield_searchview_holo_dark) that varies with configuration!!
01-01 00:00:04.600 W/Resources( 1444): Preloaded drawable resource #0x1080735 (android:drawable/textfield_search_right_selected_holo_dark) that varies with configuration!!
01-01 00:00:04.601 W/Resources( 1444): Preloaded drawable resource #0x1080733 (android:drawable/textfield_search_right_default_holo_dark) that varies with configuration!!
01-01 00:00:04.601 W/Resources( 1444): Preloaded drawable resource #0x108073c (android:drawable/textfield_searchview_right_holo_dark) that varies with configuration!!
01-01 00:00:04.602 W/Resources( 1444): Preloaded drawable resource #0x1080739 (android:drawable/textfield_search_selected_holo_light) that varies with configuration!!
01-01 00:00:04.602 W/Resources( 1444): Preloaded drawable resource #0x108072b (android:drawable/textfield_search_default_holo_light) that varies with configuration!!
01-01 00:00:04.602 W/Resources( 1444): Preloaded drawable resource #0x108073b (android:drawable/textfield_searchview_holo_light) that varies with configuration!!
01-01 00:00:04.603 W/Resources( 1444): Preloaded drawable resource #0x1080736 (android:drawable/textfield_search_right_selected_holo_light) that varies with configuration!!
01-01 00:00:04.604 W/Resources( 1444): Preloaded drawable resource #0x1080734 (android:drawable/textfield_search_right_default_holo_light) that varies with configuration!!
01-01 00:00:04.604 W/Resources( 1444): Preloaded drawable resource #0x108073d (android:drawable/textfield_searchview_right_holo_light) that varies with configuration!!
01-01 00:00:04.604 W/Resources( 1444): Preloaded drawable resource #0x1080738 (android:drawable/textfield_search_selected_holo_dark) that varies with configuration!!
01-01 00:00:04.605 W/Resources( 1444): Preloaded drawable resource #0x108072a (android:drawable/textfield_search_default_holo_dark) that varies with configuration!!
01-01 00:00:04.605 W/Resources( 1444): Preloaded drawable resource #0x1080735 (android:drawable/textfield_search_right_selected_holo_dark) that varies with configuration!!
01-01 00:00:04.605 W/Resources( 1444): Preloaded drawable resource #0x1080733 (android:drawable/textfield_search_right_default_holo_dark) that varies with configuration!!
01-01 00:00:04.606 W/Resources( 1444): Preloaded drawable resource #0x1080739 (android:drawable/textfield_search_selected_holo_light) that varies with configuration!!
01-01 00:00:04.606 W/Resources( 1444): Preloaded drawable resource #0x108072b (android:drawable/textfield_search_default_holo_light) that varies with configuration!!
01-01 00:00:04.606 W/Resources( 1444): Preloaded drawable resource #0x1080736 (android:drawable/textfield_search_right_selected_holo_light) that varies with configuration!!
01-01 00:00:04.607 W/Resources( 1444): Preloaded drawable resource #0x1080734 (android:drawable/textfield_search_right_default_holo_light) that varies with configuration!!
01-01 00:00:04.621 I/art     ( 1444): Explicit concurrent mark sweep GC freed 509(76KB) AllocSpace objects, 0(0B) LOS objects, 42% free, 1405KB/2MB, paused 374us total 12.235ms
01-01 00:00:04.622 W/Resources( 1444): Preloaded drawable resource #0x10806f4 (android:drawable/tab_unselected_holo) that varies with configuration!!
01-01 00:00:04.625 W/Resources( 1444): Preloaded drawable resource #0x10806ef (android:drawable/tab_selected_holo) that varies with configuration!!
01-01 00:00:04.626 W/Resources( 1444): Preloaded drawable resource #0x10806f3 (android:drawable/tab_unselected_focused_holo) that varies with configuration!!
01-01 00:00:04.626 W/Resources( 1444): Preloaded drawable resource #0x10806ee (android:drawable/tab_selected_focused_holo) that varies with configuration!!
01-01 00:00:04.627 W/Resources( 1444): Preloaded drawable resource #0x10806f5 (android:drawable/tab_unselected_pressed_holo) that varies with configuration!!
01-01 00:00:04.627 W/Resources( 1444): Preloaded drawable resource #0x10806f0 (android:drawable/tab_selected_pressed_holo) that varies with configuration!!
01-01 00:00:04.628 W/Resources( 1444): Preloaded drawable resource #0x10806f5 (android:drawable/tab_unselected_pressed_holo) that varies with configuration!!
01-01 00:00:04.628 W/Resources( 1444): Preloaded drawable resource #0x10806f0 (android:drawable/tab_selected_pressed_holo) that varies with configuration!!
01-01 00:00:04.628 W/Resources( 1444): Preloaded drawable resource #0x10806e1 (android:drawable/tab_indicator_holo) that varies with configuration!!
01-01 00:00:04.629 W/Resources( 1444): Preloaded drawable resource #0x10806f4 (android:drawable/tab_unselected_holo) that varies with configuration!!
01-01 00:00:04.629 W/Resources( 1444): Preloaded drawable resource #0x10806ef (android:drawable/tab_selected_holo) that varies with configuration!!
01-01 00:00:04.629 W/Resources( 1444): Preloaded drawable resource #0x10806f3 (android:drawable/tab_unselected_focused_holo) that varies with configuration!!
01-01 00:00:04.630 W/Resources( 1444): Preloaded drawable resource #0x10806ee (android:drawable/tab_selected_focused_holo) that varies with configuration!!
01-01 00:00:04.630 W/Resources( 1444): Preloaded drawable resource #0x10806f5 (android:drawable/tab_unselected_pressed_holo) that varies with configuration!!
01-01 00:00:04.631 W/Resources( 1444): Preloaded drawable resource #0x10806f0 (android:drawable/tab_selected_pressed_holo) that varies with configuration!!
01-01 00:00:04.632 W/Resources( 1444): Preloaded drawable resource #0x1080596 (android:drawable/quickcontact_badge_overlay_pressed_dark) that varies with configuration!!
01-01 00:00:04.633 W/Resources( 1444): Preloaded drawable resource #0x108058d (android:drawable/quickcontact_badge_overlay_focused_dark) that varies with configuration!!
01-01 00:00:04.633 W/Resources( 1444): Preloaded drawable resource #0x1080592 (android:drawable/quickcontact_badge_overlay_normal_dark) that varies with configuration!!
01-01 00:00:04.634 W/Resources( 1444): Preloaded drawable resource #0x108058c (android:drawable/quickcontact_badge_overlay_dark) that varies with configuration!!
01-01 00:00:04.634 W/Resources( 1444): Preloaded drawable resource #0x1080592 (android:drawable/quickcontact_badge_overlay_normal_dark) that varies with configuration!!
01-01 00:00:04.647 I/art     ( 1444): Explicit concurrent mark sweep GC freed 676(45KB) AllocSpace objects, 0(0B) LOS objects, 42% free, 1411KB/2MB, paused 353us total 12.290ms
01-01 00:00:04.649 W/Resources( 1444): Preloaded drawable resource #0x1080596 (android:drawable/quickcontact_badge_overlay_pressed_dark) that varies with configuration!!
01-01 00:00:04.651 W/Resources( 1444): Preloaded drawable resource #0x1080598 (android:drawable/quickcontact_badge_overlay_pressed_light) that varies with configuration!!
01-01 00:00:04.651 W/Resources( 1444): Preloaded drawable resource #0x108058f (android:drawable/quickcontact_badge_overlay_focused_light) that varies with configuration!!
01-01 00:00:04.652 W/Resources( 1444): Preloaded drawable resource #0x1080594 (android:drawable/quickcontact_badge_overlay_normal_light) that varies with configuration!!
01-01 00:00:04.653 W/Resources( 1444): Preloaded drawable resource #0x1080591 (android:drawable/quickcontact_badge_overlay_light) that varies with configuration!!
01-01 00:00:04.653 W/Resources( 1444): Preloaded drawable resource #0x1080594 (android:drawable/quickcontact_badge_overlay_normal_light) that varies with configuration!!
01-01 00:00:04.654 W/Resources( 1444): Preloaded drawable resource #0x1080598 (android:drawable/quickcontact_badge_overlay_pressed_light) that varies with configuration!!
01-01 00:00:04.658 W/Resources( 1444): Preloaded drawable resource #0x10800b5 (android:drawable/ab_share_pack_material) that varies with configuration!!
01-01 00:00:04.661 W/Resources( 1444): Preloaded drawable resource #0x10800ba (android:drawable/ab_solid_shadow_material) that varies with configuration!!
01-01 00:00:04.664 W/Resources( 1444): Preloaded drawable resource #0x10800db (android:drawable/btn_cab_done_material) that varies with configuration!!
01-01 00:00:04.687 W/Resources( 1444): Preloaded drawable resource #0x10800e5 (android:drawable/btn_check_material_anim) that varies with configuration!!
01-01 00:00:04.703 I/art     ( 1444): Explicit concurrent mark sweep GC freed 980(61KB) AllocSpace objects, 0(0B) LOS objects, 39% free, 1581KB/2MB, paused 381us total 12.770ms
01-01 00:00:04.725 W/Resources( 1444): Preloaded drawable resource #0x10801a1 (android:drawable/btn_radio_material_anim) that varies with configuration!!
01-01 00:00:04.739 I/art     ( 1444): Explicit concurrent mark sweep GC freed 955(205KB) AllocSpace objects, 0(0B) LOS objects, 39% free, 1562KB/2MB, paused 352us total 12.696ms
01-01 00:00:04.743 W/Resources( 1444): Preloaded drawable resource #0x1080215 (android:drawable/btn_star_material) that varies with configuration!!
01-01 00:00:04.746 W/Resources( 1444): Preloaded drawable resource #0x1080248 (android:drawable/btn_toggle_material) that varies with configuration!!
01-01 00:00:04.747 W/Resources( 1444): Preloaded drawable resource #0x1080271 (android:drawable/cab_background_bottom_material) that varies with configuration!!
01-01 00:00:04.748 W/Resources( 1444): Preloaded drawable resource #0x1080275 (android:drawable/cab_background_top_material) that varies with configuration!!
01-01 00:00:04.751 W/Resources( 1444): Preloaded drawable resource #0x108028e (android:drawable/dialog_background_shadow_material) that varies with configuration!!
01-01 00:00:04.751 I/ServiceManager( 1440): Waiting for service batterystats...
01-01 00:00:04.764 I/art     ( 1444): Explicit concurrent mark sweep GC freed 527(170KB) AllocSpace objects, 0(0B) LOS objects, 40% free, 1486KB/2MB, paused 348us total 12.754ms
01-01 00:00:04.767 W/Resources( 1444): Preloaded drawable resource #0x10802c7 (android:drawable/edit_text_material) that varies with configuration!!
01-01 00:00:04.769 W/Resources( 1444): Preloaded drawable resource #0x10802e3 (android:drawable/expander_group_material) that varies with configuration!!
01-01 00:00:04.777 W/Resources( 1444): Preloaded drawable resource #0x1080343 (android:drawable/ic_commit_search_api_material) that varies with configuration!!
01-01 00:00:04.791 I/art     ( 1444): Explicit concurrent mark sweep GC freed 679(97KB) AllocSpace objects, 0(0B) LOS objects, 41% free, 1441KB/2MB, paused 345us total 12.883ms
01-01 00:00:04.794 W/Resources( 1444): Preloaded drawable resource #0x108035b (android:drawable/ic_find_next_material) that varies with configuration!!
01-01 00:00:04.795 W/Resources( 1444): Preloaded drawable resource #0x108035f (android:drawable/ic_find_previous_material) that varies with configuration!!
01-01 00:00:04.799 W/Resources( 1444): Preloaded drawable resource #0x10803ab (android:drawable/ic_media_route_connecting_material) that varies with configuration!!
01-01 00:00:04.802 W/Resources( 1444): Preloaded drawable resource #0x10803ab (android:drawable/ic_media_route_connecting_material) that varies with configuration!!
01-01 00:00:04.804 W/Resources( 1444): Preloaded drawable resource #0x10803b1 (android:drawable/ic_media_route_material) that varies with configuration!!
01-01 00:00:04.817 I/art     ( 1444): Explicit concurrent mark sweep GC freed 565(40KB) AllocSpace objects, 0(0B) LOS objects, 40% free, 1479KB/2MB, paused 358us total 12.761ms
01-01 00:00:04.823 W/Resources( 1444): Preloaded drawable resource #0x10803dd (android:drawable/ic_menu_find_material) that varies with configuration!!
01-01 00:00:04.836 I/art     ( 1444): Explicit concurrent mark sweep GC freed 1244(97KB) AllocSpace objects, 0(0B) LOS objects, 41% free, 1434KB/2MB, paused 418us total 12.796ms
01-01 00:00:04.840 W/Resources( 1444): Preloaded drawable resource #0x10803f8 (android:drawable/ic_menu_search_material) that varies with configuration!!
01-01 00:00:04.856 I/art     ( 1444): Explicit concurrent mark sweep GC freed 1518(55KB) AllocSpace objects, 0(0B) LOS objects, 41% free, 1446KB/2MB, paused 378us total 12.943ms
01-01 00:00:04.874 I/art     ( 1444): Explicit concurrent mark sweep GC freed 1386(51KB) AllocSpace objects, 0(0B) LOS objects, 41% free, 1449KB/2MB, paused 381us total 13.046ms
01-01 00:00:04.876 W/Resources( 1444): Preloaded drawable resource #0x1080493 (android:drawable/list_divider_material) that varies with configuration!!
01-01 00:00:04.877 W/Resources( 1444): Preloaded drawable resource #0x10804a0 (android:drawable/list_section_divider_material) that varies with configuration!!
01-01 00:00:04.881 W/Resources( 1444): Preloaded drawable resource #0x1080564 (android:drawable/progress_horizontal_material) that varies with configuration!!
01-01 00:00:04.914 I/art     ( 1444): Explicit concurrent mark sweep GC freed 1523(61KB) AllocSpace objects, 0(0B) LOS objects, 40% free, 1489KB/2MB, paused 385us total 16.510ms
01-01 00:00:04.924 W/Resources( 1444): Preloaded drawable resource #0x10805ba (android:drawable/ratingbar_full_empty_material) that varies with configuration!!
01-01 00:00:04.938 I/art     ( 1444): Explicit concurrent mark sweep GC freed 684(32KB) AllocSpace objects, 0(0B) LOS objects, 40% free, 1525KB/2MB, paused 353us total 13.510ms
01-01 00:00:04.945 W/Resources( 1444): Preloaded drawable resource #0x10805be (android:drawable/ratingbar_full_filled_material) that varies with configuration!!
01-01 00:00:04.947 W/Resources( 1444): Preloaded drawable resource #0x10805ba (android:drawable/ratingbar_full_empty_material) that varies with configuration!!
01-01 00:00:04.949 W/Resources( 1444): Preloaded drawable resource #0x10805ba (android:drawable/ratingbar_full_empty_material) that varies with configuration!!
01-01 00:00:04.951 W/Resources( 1444): Preloaded drawable resource #0x10805be (android:drawable/ratingbar_full_filled_material) that varies with configuration!!
01-01 00:00:04.951 W/Resources( 1444): Preloaded drawable resource #0x10805c1 (android:drawable/ratingbar_full_material) that varies with configuration!!
01-01 00:00:04.964 I/art     ( 1444): Explicit concurrent mark sweep GC freed 411(40KB) AllocSpace oblibphy: himii:01 - Link is Down
jects, 0(0B) LOS objects, 39% free, 1573KB/2MB, paused 469us total 13.317ms
01-01 00:00:04.975 W/Resources( 1444): Preloaded drawable resource #0x10805db (android:drawable/scrubber_control_material_anim) that varies with configuration!!
01-01 00:00:04.977 W/Resources( 1444): Preloaded drawable resource #0x10805e3 (android:drawable/scrubber_control_selector_material) that varies with configuration!!
01-01 00:00:04.990 I/art     ( 1444): Explicit concurrent mark sweep GC freed 367(96KB) AllocSpace objects, 0(0B) LOS objects, 40% free, 1531KB/2MB, paused 378us total 13.388ms
01-01 00:00:04.995 W/Resources( 1444): Preloaded drawable resource #0x10805ee (android:drawable/scrubber_progress_horizontal_material) that varies with configuration!!
01-01 00:00:04.997 W/Resources( 1444): Preloaded drawable resource #0x1080626 (android:drawable/spinner_background_material) that varies with configuration!!
01-01 00:00:05.000 W/Resources( 1444): Preloaded drawable resource #0x1080643 (android:drawable/spinner_textfield_background_material) that varies with configuration!!
01-01 00:00:05.019 W/Resources( 1444): Preloaded drawable resource #0x10806b3 (android:drawable/switch_thumb_material_anim) that varies with configuration!!
01-01 00:00:05.033 I/art     ( 1444): Explicit concurrent mark sweep GC freed 880(60KB) AllocSpace objects, 0(0B) LOS objects, 40% free, 1624KB/2MB, paused 383us total 13.700ms
01-01 00:00:05.040 W/Resources( 1444): Preloaded drawable resource #0x10806b8 (android:drawable/switch_track_material) that varies with configuration!!
01-01 00:00:05.042 W/Resources( 1444): Preloaded drawable resource #0x10806e2 (android:drawable/tab_indicator_material) that varies with configuration!!
01-01 00:00:05.042 W/Resources( 1444): Preloaded drawable resource #0x10806f9 (android:drawable/text_cursor_material) that varies with configuration!!
01-01 00:00:05.045 W/Resources( 1444): Preloaded drawable resource #0x1080731 (android:drawable/textfield_search_material) that varies with configuration!!
01-01 00:00:05.046 W/Resources( 1444): Preloaded drawable resource #0x10806ff (android:drawable/text_select_handle_left_material) that varies with configuration!!
01-01 00:00:05.047 W/Resources( 1444): Preloaded drawable resource #0x1080702 (android:drawable/text_select_handle_middle_material) that varies with configuration!!
01-01 00:00:05.048 W/Resources( 1444): Preloaded drawable resource #0x1080705 (android:drawable/text_select_handle_right_material) that varies with configuration!!
01-01 00:00:05.050 I/Zygote  ( 1444): ...preloaded 343 resources in 1371ms.
01-01 00:00:05.064 I/art     ( 1444): Explicit concurrent mark sweep GC freed 1207(157KB) AllocSpace objects, 0(0B) LOS objects, 40% free, 1526KB/2MB, paused 409us total 13.643ms
01-01 00:00:05.078 I/Zygote  ( 1444): ...preloaded 41 resources in 28ms.
01-01 00:00:05.078 I/art     ( 1444): Counter: 0
01-01 00:00:05.080 D/libEGL  ( 1444): loaded /system/lib/egl/libGLES_mali.so
01-01 00:00:05.162 I/Zygote  ( 1444): Preloading shared libraries...
01-01 00:00:05.178 D/Zygote  ( 1444): end preload
01-01 00:00:05.191 I/art     ( 1444): Explicit concurrent mark sweep GC freed 581(39KB) AllocSpace objects, 0(0B) LOS objects, 40% free, 1525KB/2MB, paused 340us total 13.570ms
01-01 00:00:05.207 I/art     ( 1444): Explicit concurrent mark sweep GC freed 389(16KB) AllocSpace objects, 0(0B) LOS objects, 40% free, 1509KB/2MB, paused 338us total 13.090ms
01-01 00:00:05.220 I/art     ( 1444): Explicit concurrent mark sweep GC freed 5(160B) AllocSpace objects, 0(0B) LOS objects, 40% free, 1509KB/2MB, paused 416us total 12.770ms
01-01 00:00:05.301 I/Zygote  ( 1444): System server process 1867 has been created
01-01 00:00:05.306 I/Zygote  ( 1444): Accepting command socket connections
01-01 00:00:05.335 I/InstallerConnection( 1867): disconnecting...
01-01 00:00:05.382 I/SystemServer( 1867): Entered the Android system server!
01-01 00:00:05.461 V/Fingerprint-JNI( 1867): FingerprintManager JNI ready.
01-01 00:00:05.462 D/SensorService( 1867): nuSensorService starting...
01-01 00:00:05.462 E/SensorService( 1867): couldn't load sensors module (No such file or directory)
01-01 00:00:05.478 I/SystemServiceManager( 1867): Starting com.android.server.pm.Installer
01-01 00:00:05.486 I/Installer( 1867): Waiting for installd to be ready.
01-01 00:00:05.487 I/InstallerConnection( 1867): connecting...
01-01 00:00:05.488 I/installd( 1441): new connection
01-01 00:00:05.489 I/SystemServiceManager( 1867): Starting com.android.server.am.ActivityManagerService$Lifecycle
01-01 00:00:05.541 I/ActivityManager( 1867): Memory class: 96
01-01 00:00:05.544 I/ServiceThread( 1867): Enabled StrictMode logging for ActivityManager looper.
01-01 00:00:05.580 W/BatteryStatsImpl( 1867): Couldn't get kernel wake lock stats
01-01 00:00:05.673 I/IntentFirewall( 1867): Read new rules (A:0 B:0 S:0)
01-01 00:00:05.685 I/ServiceThread( 1867): Enabled StrictMode logging for android.ui looper.
01-01 00:00:05.688 I/ServiceThread( 1867): Enabled StrictMode logging for android.display looper.
01-01 00:00:05.694 D/AppOps  ( 1867): AppOpsService published
01-01 00:00:05.695 I/SystemServiceManager( 1867): Starting com.android.server.power.PowerManagerService
01-01 00:00:05.700 I/ServiceThread( 1867): Enabled StrictMode logging for PowerManagerService looper.
01-01 00:00:05.707 W/libsuspend( 1867): Error writing 'on' to /sys/power/state: Invalid argument
01-01 00:00:05.707 I/libsuspend( 1867): Selected wakeup count
01-01 00:00:05.713 I/SystemServiceManager( 1867): Starting com.android.server.display.DisplayManagerService
01-01 00:00:05.713 E/BatteryStatsService( 1867): Failed to open /sys/kernel/wakeup_reasons/last_resume_reason
01-01 00:00:05.723 I/SystemServiceManager( 1867): Starting phase 100
01-01 00:00:05.732 I/DisplayManagerService( 1867): Display device added: DisplayDeviceInfo{"åç½®å±å¹": uniqueId="local:0", 1280 x 720, 60.000004 fps, supportedRefreshRates [60.000004], density 160, 160.15764 x 160.42105 dpi, appVsyncOff 0, presDeadline 17666666, touch INTERNAL, rotation 0, type BUILT_IN, state UNKNOWN, FLAG_DEFAULT_DISPLAY, FLAG_ROTATES_WITH_CONTENT, FLAG_SECURE, FLAG_SUPPORTS_PROTECTED_BUFFERS}
01-01 00:00:05.733 I/SystemServer( 1867): Package Manager
01-01 00:00:05.751 I/CameraService( 1440): CameraService started (pid=1440)
01-01 00:00:05.786 I/CameraService( 1440): Loaded "Hi3716c Camera module" camera module
01-01 00:00:05.786 I/CameraModule( 1440): [CAMERA_HAL] camera_get_number_of_cameras = 0
01-01 00:00:05.787 I/AudioPolicyService( 1440): AudioPolicyService CSTOR in new mode
01-01 00:00:05.790 I/AudioPolicyManager( 1440): loadAudioPolicyConfig() loaded /system/etc/audio_policy.conf
01-01 00:00:05.791 W/SystemConfig( 1867): No directory /system/etc/sysconfig, skipping
01-01 00:00:05.810 V/AudioHardwareALSA( 1440): Mixer: master 'Master' found.
01-01 00:00:05.810 V/AudioHardwareALSA( 1440): Mixer: route 'PCM' not found.
01-01 00:00:05.810 V/AudioHardwareALSA( 1440): Mixer: route 'Earpiece' not found.
01-01 00:00:05.810 V/AudioHardwareALSA( 1440): Mixer: route 'Speaker' not found.
01-01 00:00:05.810 V/AudioHardwareALSA( 1440): Mixer: route 'Headphone' not found.
01-01 00:00:05.810 V/AudioHardwareALSA( 1440): Mixer: route 'Bluetooth' not found.
01-01 00:00:05.810 V/AudioHardwareALSA( 1440): Mixer: route 'Bluetooth A2DP' not found.
01-01 00:00:05.810 V/AudioHardwareALSA( 1440): Mixer: master 'Capture' not found.
01-01 00:00:05.810 V/AudioHardwareALSA( 1440): Mixer: route 'PGA' found.
01-01 00:00:05.810 V/AudioHardwareALSA( 1440): Mixer: route 'Capture' not found.
01-01 00:00:05.810 V/AudioHardwareALSA( 1440): Mixer: route '' not found.
01-01 00:00:05.810 V/AudioHardwareALSA( 1440): Mixer: route 'Capture' not found.
01-01 00:00:05.810 V/AudioHardwareALSA( 1440): Mixer: route 'Bluetooth Capture' not found.
01-01 00:00:05.810 V/AudioHardwareALSA( 1440): Mixer: route 'Bluetooth A2DP Capture' not found.
01-01 00:00:05.810 V/AudioHardwareALSA( 1440): mixer initialized.
01-01 00:00:05.814 I/ALSAModule( 1440): S_DEVICE_OPEN
01-01 00:00:05.814 I/ALSAModule( 1440): S_DEVICE_OPEN OVER
01-01 00:00:05.815 I/AudioFlinger( 1440): loadHwModule() Loaded primary audio interface from LEGACY Audio HW HAL (audio) handle 1
01-01 00:00:05.815 D/AudioHardwareALSA( 1440): openOutputStream called for devices: 0x00000002
01-01 00:00:05.815 D/ALSAModule( 1440): open called for devices 00000002 in mode 0...
01-01 00:00:05.815 I/ALSAModule( 1440): device name is AndroidPlayback_Speaker_normal
01-01 00:00:05.833 V/ALSAModule( 1440): Set PLAYBACK PCM format to S16_LE (Signed 16 bit Little Endian)
01-01 00:00:05.833 V/ALSAModule( 1440): Using 2 channels for PLAYBACK.
01-01 00:00:05.833 V/ALSAModule( 1440): Set sample rate to 48000 HZ
01-01 00:00:05.834 V/ALSAModule( 1440): Buffer size: 2048
01-01 00:00:05.834 V/ALSAModule( 1440): Latency: 42666
01-01 00:00:05.835 I/ALSAModule( 1440): Initialized ALSA device 2
01-01 00:00:05.835 I/AudioHardwareALSA( 1440): ALSAStreamOps::sampleRate 48000
01-01 00:00:05.835 I/AudioFlinger( 1440): HAL output buffer size 2048 frames, normal sink buffer size 2048 frames
01-01 00:00:05.849 I/AudioMixer( 1440): found effect "Multichannel Downmix To Stereo" from The Android Open Source Project
01-01 00:00:05.849 I/AudioHardwareALSA( 1440): ALSAStreamOps::sampleRate 48000
01-01 00:00:05.849 I/AudioFlinger( 1440): Using module 1 has the primary audio interface
01-01 00:00:05.850 I/AudioFlinger( 1440): AudioFlinger's thread 0xb54d8000 ready to run
01-01 00:00:05.851 D/ALSAModule( 1440): route called for devices 00000002 in mode 0...
01-01 00:00:05.851 D/ALSAModule( 1440): open called for devices 00000002 in mode 0...
01-01 00:00:05.851 I/ALSAModule( 1440): device name is AndroidPlayback_Speaker_normal
01-01 00:00:05.856 V/ALSAModule( 1440): Set PLAYBACK PCM format to S16_LE (Signed 16 bit Little Endian)
01-01 00:00:05.856 V/ALSAModule( 1440): Using 2 channels for PLAYBACK.
01-01 00:00:05.857 V/ALSAModule( 1440): Set sample rate to 48000 HZ
01-01 00:00:05.857 V/ALSAModule( 1440): Buffer size: 2048
01-01 00:00:05.857 V/ALSAModule( 1440): Latency: 42666
01-01 00:00:05.858 I/ALSAModule( 1440): Initialized ALSA device 2
01-01 00:00:05.859 I/legacy_audio_hw_hal( 1440): adev_open_input_stream 40000
01-01 00:00:05.859 D/ALSAModule( 1440): open called for devices 00040000 in mode 0...
01-01 00:00:05.859 I/ALSAModule( 1440): device name is AndroidCapture_Ai0_normal
01-01 00:00:05.862 V/ALSAModule( 1440): Set CAPTURE PCM format to S16_LE (Signed 16 bit Little Endian)
01-01 00:00:05.862 V/ALSAModule( 1440): Using 1 channel for CAPTURE.
01-01 00:00:05.862 V/ALSAModule( 1440): Set sample rate to 48000 HZ
01-01 00:00:05.862 V/ALSAModule( 1440): Buffer size: 2048
01-01 00:00:05.862 V/ALSAModule( 1440): Latency: 42666
01-01 00:00:05.866 I/ALSAModule( 1440): Initialized ALSA device 40000
01-01 00:00:05.866 I/AudioHardwareALSA( 1440): ALSAStreamOps::sampleRate 48000
01-01 00:00:05.866 I/AudioHardwareALSA( 1440): ALSAStreamOps::sampleRate 48000
01-01 00:00:05.866 I/AudioFlinger( 1440): AudioFlinger's thread 0xb5529000 ready to run
01-01 00:00:05.867 E/AudioFlinger( 1440): int android::load_audio_interface(const char*, audio_hw_device_t**) couldn't load audio hw module audio.r_submix (No such file or directory)
01-01 00:00:05.867 I/AudioFlinger( 1440): loadHwModule() error -2 loading module r_submix 
01-01 00:00:05.867 W/AudioPolicyManager( 1440): could not open HW module r_submix
01-01 00:00:05.869 I/audio_a2dp_hw( 1440): adev_open:  adev_open in A2dp_hw module
01-01 00:00:05.869 I/AudioFlinger( 1440): loadHwModule() Loaded a2dp audio interface from A2DP Audio HW HAL (audio) handle 5
01-01 00:00:05.869 W/AudioPolicyManager( 1440): Input device 80000100 unreachable
01-01 00:00:05.870 E/SoundTriggerHwService( 1440libphy: himii:01 - Link is Up - 100/Full
): couldn't loadIPv6: ADDRCONF(NETDEV_CHANGE): eth0: link becomes ready
 sound trigger module sound_trigger.primary (No such file or directory)
01-01 00:00:05.873 D/SELinuxMMAC( 1867): Using policy file /system/etc/security/mac_permissions.xml
01-01 00:00:05.874 W/Binder  ( 1867): Caught a RuntimeException from the binder stub implementation.
01-01 00:00:05.874 W/Binder  ( 1867): java.lang.NullPointerException: Attempt to invoke interface method 'int android.app.IActivityManager.checkPermission(java.lang.String, int, int)' on a null object reference
01-01 00:00:05.874 W/Binder  ( 1867): 	at android.app.ContextImpl.checkPermission(ContextImpl.java:1882)
01-01 00:00:05.874 W/Binder  ( 1867): 	at android.app.ContextImpl.checkCallingOrSelfPermission(ContextImpl.java:1923)
01-01 00:00:05.874 W/Binder  ( 1867): 	at android.app.ContextImpl.enforceCallingOrSelfPermission(ContextImpl.java:1960)
01-01 00:00:05.874 W/Binder  ( 1867): 	at com.android.server.power.PowerManagerService$BinderService.acquireWakeLock(PowerManagerService.java:2828)
01-01 00:00:05.874 W/Binder  ( 1867): 	at android.os.IPowerManager$Stub.onTransact(IPowerManager.java:66)
01-01 00:00:05.874 W/Binder  ( 1867): 	at android.os.Binder.execTransact(Binder.java:446)
01-01 00:00:05.874 E/StrictMode( 1867): A resource was acquired at attached stack trace but never released. See java.io.Closeable for information on avoiding resource leaks.
01-01 00:00:05.874 E/StrictMode( 1867): java.lang.Throwable: Explicit termination method 'close' not called
01-01 00:00:05.874 E/StrictMode( 1867): 	at dalvik.system.CloseGuard.open(CloseGuard.java:184)
01-01 00:00:05.874 E/StrictMode( 1867): 	at java.io.FileInputStream.<init>(FileInputStream.java:78)
01-01 00:00:05.874 E/StrictMode( 1867): 	at java.io.FileInputStream.<init>(FileInputStream.java:103)
01-01 00:00:05.874 E/StrictMode( 1867): 	at com.android.server.pm.PackageManagerService.loadAppStoreSignature(PackageManagerService.java:2841)
01-01 00:00:05.874 E/StrictMode( 1867): 	at com.android.server.pm.PackageManagerService.<clinit>(PackageManagerService.java:277)
01-01 00:00:05.874 E/StrictMode( 1867): 	at com.android.server.SystemServer.startBootstrapServices(SystemServer.java:359)
01-01 00:00:05.874 E/StrictMode( 1867): 	at com.android.server.SystemServer.run(SystemServer.java:256)
01-01 00:00:05.874 E/StrictMode( 1867): 	at com.android.server.SystemServer.main(SystemServer.java:172)
01-01 00:00:05.874 E/StrictMode( 1867): 	at java.lang.reflect.Method.invoke(Native Method)
01-01 00:00:05.874 E/StrictMode( 1867): 	at java.lang.reflect.Method.invoke(Method.java:372)
01-01 00:00:05.874 E/StrictMode( 1867): 	at com.android.internal.os.ZygoteInit$MethodAndArgsCaller.run(ZygoteInit.java:903)
01-01 00:00:05.874 E/StrictMode( 1867): 	at com.android.internal.os.ZygoteInit.main(ZygoteInit.java:698)
01-01 00:00:05.875 W/Binder  ( 1867): Caught a RuntimeException from the binder stub implementation.
01-01 00:00:05.875 W/Binder  ( 1867): java.lang.NullPointerException: Attempt to invoke interface method 'int android.app.IActivityManager.checkPermission(java.lang.String, int, int)' on a null object reference
01-01 00:00:05.875 W/Binder  ( 1867): 	at android.app.ContextImpl.checkPermission(ContextImpl.java:1882)
01-01 00:00:05.875 W/Binder  ( 1867): 	at android.app.ContextImpl.checkCallingOrSelfPermission(ContextImpl.java:1923)
01-01 00:00:05.875 W/Binder  ( 1867): 	at android.app.ContextImpl.enforceCallingOrSelfPermission(ContextImpl.java:1960)
01-01 00:00:05.875 W/Binder  ( 1867): 	at com.android.server.power.PowerManagerService$BinderService.releaseWakeLock(PowerManagerService.java:2856)
01-01 00:00:05.875 W/Binder  ( 1867): 	at android.os.IPowerManager$Stub.onTransact(IPowerManager.java:94)
01-01 00:00:05.875 W/Binder  ( 1867): 	at android.os.Binder.execTransact(Binder.java:446)
01-01 00:00:05.876 D/StrictMode( 1867): No activity manager; failed to Dropbox violation.
01-01 00:00:05.876 W/Binder  ( 1867): Caught a RuntimeException from the binder stub implementation.
01-01 00:00:05.876 W/Binder  ( 1867): java.lang.NullPointerException: Attempt to invoke interface method 'int android.app.IActivityManager.checkPermission(java.lang.String, int, int)' on a null object reference
01-01 00:00:05.876 W/Binder  ( 1867): 	at android.app.ContextImpl.checkPermission(ContextImpl.java:1882)
01-01 00:00:05.876 W/Binder  ( 1867): 	at android.app.ContextImpl.checkCallingOrSelfPermission(ContextImpl.java:1923)
01-01 00:00:05.876 W/Binder  ( 1867): 	at android.app.ContextImpl.enforceCallingOrSelfPermission(ContextImpl.java:1960)
01-01 00:00:05.876 W/Binder  ( 1867): 	at com.android.server.power.PowerManagerService$BinderService.acquireWakeLock(PowerManagerService.java:2828)
01-01 00:00:05.876 W/Binder  ( 1867): 	at android.os.IPowerManager$Stub.onTransact(IPowerManager.java:66)
01-01 00:00:05.876 W/Binder  ( 1867): 	at android.os.Binder.execTransact(Binder.java:446)
01-01 00:00:05.877 W/Binder  ( 1867): Caught a RuntimeException from the binder stub implementation.
01-01 00:00:05.877 W/Binder  ( 1867): java.lang.NullPointerException: Attempt to invoke interface method 'int android.app.IActivityManager.checkPermission(java.lang.String, int, int)' on a null object reference
01-01 00:00:05.877 W/Binder  ( 1867): 	at android.app.ContextImpl.checkPermission(ContextImpl.java:1882)
01-01 00:00:05.877 W/Binder  ( 1867): 	at android.app.ContextImpl.checkCallingOrSelfPermission(ContextImpl.java:1923)
01-01 00:00:05.877 W/Binder  ( 1867): 	at android.app.ContextImpl.enforceCallingOrSelfPermission(ContextImpl.java:1960)
01-01 00:00:05.877 W/Binder  ( 1867): 	at com.android.server.power.PowerManagerService$BinderService.updateWakeLockWorkSource(PowerManagerService.java:2887)
01-01 00:00:05.877 W/Binder  ( 1867): 	at com.android.server.power.PowerManagerService$BinderService.updateWakeLockUids(PowerManagerService.java:2878)
01-01 00:00:05.877 W/Binder  ( 1867): 	at android.os.IPowerManager$Stub.onTransact(IPowerManager.java:105)
01-01 00:00:05.877 W/Binder  ( 1867): 	at android.os.Binder.execTransact(Binder.java:446)
01-01 00:00:05.910 W/System.err( 1867): java.io.FileNotFoundException: /system/etc/acc_filter: open failed: ENOENT (No such file or directory)
01-01 00:00:05.912 W/System.err( 1867): 	at libcore.io.IoBridge.open(IoBridge.java:456)
01-01 00:00:05.912 W/System.err( 1867): 	at java.io.FileInputStream.<init>(FileInputStream.java:76)
01-01 00:00:05.912 W/System.err( 1867): 	at java.io.FileInputStream.<init>(FileInputStream.java:103)
01-01 00:00:05.912 W/System.err( 1867): 	at android.content.pm.PackageParser.initAccFilterList(PackageParser.java:128)
01-01 00:00:05.912 W/System.err( 1867): 	at android.content.pm.PackageParser.<clinit>(PackageParser.java:122)
01-01 00:00:05.912 W/System.err( 1867): 	at com.android.server.pm.KeySetManagerService.readPublicKeyLPw(KeySetManagerService.java:706)
01-01 00:00:05.912 W/System.err( 1867): 	at com.android.server.pm.KeySetManagerService.readKeysLPw(KeySetManagerService.java:669)
01-01 00:00:05.912 W/System.err( 1867): 	at com.android.server.pm.KeySetManagerService.readKeySetsLPw(KeySetManagerService.java:647)
01-01 00:00:05.912 W/System.err( 1867): 	at com.android.server.pm.Settings.readLPw(Settings.java:2271)
01-01 00:00:05.912 W/System.err( 1867): 	at com.android.server.pm.PackageManagerService.<init>(PackageManagerService.java:1416)
01-01 00:00:05.913 W/System.err( 1867): 	at com.android.server.pm.PackageManagerService.main(PackageManagerService.java:1276)
01-01 00:00:05.913 W/System.err( 1867): 	at com.android.server.SystemServer.startBootstrapServices(SystemServer.java:359)
01-01 00:00:05.913 W/System.err( 1867): 	at com.android.server.SystemServer.run(SystemServer.java:256)
01-01 00:00:05.913 W/System.err( 1867): 	at com.android.server.SystemServer.main(SystemServer.java:172)
01-01 00:00:05.913 W/System.err( 1867): 	at java.lang.reflect.Method.invoke(Native Method)
01-01 00:00:05.913 W/System.err( 1867): 	at java.lang.reflect.Method.invoke(Method.java:372)
01-01 00:00:05.913 W/System.err( 1867): 	at com.android.internal.os.ZygoteInit$MethodAndArgsCaller.run(ZygoteInit.java:903)
01-01 00:00:05.913 W/System.err( 1867): 	at com.android.internal.os.ZygoteInit.main(ZygoteInit.java:698)
01-01 00:00:05.913 W/System.err( 1867): Caused by: android.system.ErrnoException: open failed: ENOENT (No such file or directory)
01-01 00:00:05.913 W/System.err( 1867): 	at libcore.io.Posix.open(Native Method)
01-01 00:00:05.913 W/System.err( 1867): 	at libcore.io.BlockGuardOs.open(BlockGuardOs.java:186)
01-01 00:00:05.913 W/System.err( 1867): 	at libcore.io.IoBridge.open(IoBridge.java:442)
01-01 00:00:05.913 W/System.err( 1867): 	... 17 more
01-01 00:00:06.001 D/PackageManager( 1867): No files in app dir /vendor/overlay
01-01 00:00:06.516 W/ResourceType( 1867): Failure getting entry for 0x7f08026f (t=7 e=623) (error -75)
01-01 00:00:06.538 W/PackageParser( 1867): Unknown element under <intent-filter>: android at /system/priv-app/Telecom/Telecom.apk Binary XML file line #232
01-01 00:00:06.606 W/PackageParser( 1867): No actions in intent filter at /system/app/Bluetooth/Bluetooth.apk Binary XML file line #209
01-01 00:00:06.900 W/ResourceType( 1867): ResTable_typeSpec entry count inconsistent: given 1, previously 1238
01-01 00:00:06.902 W/ResourceType( 1867): ResTable_typeSpec entry count inconsistent: given 1, previously 1238
01-01 00:00:06.925 D/PackageManager( 1867): No files in app dir /system/vendor/app
01-01 00:00:06.925 D/PackageManager( 1867): No files in app dir /oem/app
01-01 00:00:06.946 D/PackageManager( 1867): No files in app dir /data/app-private
01-01 00:00:06.947 I/PackageManager( 1867): Adjusting ABI for : com.sumavision.browser to armeabi-v7a
01-01 00:00:06.947 I/PackageManager( 1867): Adjusting ABI for : com.suma.midware.setting to armeabi-v7a
01-01 00:00:06.947 I/PackageManager( 1867): Adjusting ABI for : com.suma.midware.back to armeabi-v7a
01-01 00:00:06.948 I/PackageManager( 1867): Adjusting ABI for : com.android.keychain to armeabi-v7a
01-01 00:00:06.948 I/PackageManager( 1867): Adjusting ABI for : com.android.settings to armeabi-v7a
01-01 00:00:06.948 I/PackageManager( 1867): Adjusting ABI for : com.android.inputdevices to armeabi-v7a
01-01 00:00:06.948 I/PackageManager( 1867): Adjusting ABI for : com.android.providers.settings to armeabi-v7a
01-01 00:00:06.949 I/PackageManager( 1867): Adjusting ABI for : com.suma.midware.factorymenu to armeabi-v7a
01-01 00:00:06.949 I/PackageManager( 1867): Running dexopt on: /data/app/suma_app_factorymenu.apk pkg=com.suma.midware.factorymenu isa=arm vmSafeMode=false
01-01 00:00:07.005 E/cutils-trace( 1906): Error opening trace file: No such file or directory (2)
01-01 00:00:07.005 I/dex2oat ( 1906): /system/bin/dex2oat --zip-fd=5 --zip-location=/data/app/suma_app_factorymenu.apk --oat-fd=6 --oat-location=/data/dalvik-cache/arm/data@app@suma_app_factorymenu.apk@classes.dex --instruction-set=arm --instruction-set-features=default --runtime-arg -Xms64m --runtime-arg -Xmx512m --compiler-filter=speed --swap-fd=7
01-01 00:00:07.243 E/HI_TUNER( 1443): [1231170635 ERROR-HI_TUNER]:HI_UNF_TUNER_GetBER[3776]:SIGNAL DROP
01-01 00:00:07.243 V/PT>     ( 1443): rocme_porting_tuner_get_signal_info HI_UNF_TUNER_GetBER ret = 0x804a0012
01-01 00:00:07.245 E/HI_TUNER( 1443): [1231170637 ERROR-HI_TUNER]:HI_UNF_TUNER_GetSNR[3960]:SIGNAL DROP
01-01 00:00:07.245 V/PT>     ( 1443): rocme_porting_tuner_get_signal_info HI_UNF_TUNER_GetSNR ret = 0x804a0012
01-01 00:00:07.248 E/HI_TUNER( 1443): [1231170640 ERROR-HI_TUNER]:HI_UNF_TUNER_GetSignalStrength[4165]:SIGNAL DROP
01-01 00:00:07.248 V/PT>     ( 1443): rocme_porting_tuner_get_signal_info HI_UNF_TUNER_GetSignalStrength ret = 0x804a0012
01-01 00:00:07.248 V/PT>     ( 1443): u32SNR = 0x0,u32SignalStrength = 0x0
01-01 00:00:07.248 V/PT>     ( 1443): base_integer = 0x0,base_decimal = 0x0,exponent = 0x7
01-01 00:00:07.251 V/SUMA    ( 1443): >>> Roc Tuner[0] is non-lock state. 
01-01 00:00:07.558 I/dex2oat ( 1906): Decided to run without swap.
01-01 00:00:08.860 W/Binder  ( 1867): Caught a RuntimeException from the binder stub implementation.
01-01 00:00:08.860 W/Binder  ( 1867): java.lang.NullPointerException: Attempt to invoke interface method 'int android.app.IActivityManager.checkPermission(java.lang.String, int, int)' on a null object reference
01-01 00:00:08.860 W/Binder  ( 1867): 	at android.app.ContextImpl.checkPermission(ContextImpl.java:1882)
01-01 00:00:08.860 W/Binder  ( 1867): 	at android.app.ContextImpl.checkCallingOrSelfPermission(ContextImpl.java:1923)
01-01 00:00:08.860 W/Binder  ( 1867): 	at android.app.ContextImpl.enforceCallingOrSelfPermission(ContextImpl.java:1960)
01-01 00:00:08.860 W/Binder  ( 1867): 	at com.android.server.power.PowerManagerService$BinderService.releaseWakeLock(PowerManagerService.java:2856)
01-01 00:00:08.860 W/Binder  ( 1867): 	at android.os.IPowerManager$Stub.onTransact(IPowerManager.java:94)
01-01 00:00:08.860 W/Binder  ( 1867): 	at android.os.Binder.execTransact(Binder.java:446)
01-01 00:00:12.324 D/BootAnimation( 1647): requestAnimExit exit
01-01 00:00:13.158 I/dex2oat ( 1906): dex2oat took 6.147s (threads: 4) arena alloc=744KB java alloc=5MB native alloc=13MB free=6MB
01-01 00:00:13.185 I/PackageManager( 1867): Adjusting ABI for : com.android.location.fused to armeabi-v7a
01-01 00:00:13.186 I/PackageManager( 1867): Adjusting ABI for : com.suma.midware.home to armeabi-v7a
01-01 00:00:13.187 I/PackageManager( 1867): Adjusting ABI for : com.suma.midware.dvb to armeabi-v7a
01-01 00:00:13.187 I/PackageManager( 1867): Adjusting ABI for : com.android.server.telecom to armeabi-v7a
01-01 00:00:13.187 I/PackageManager( 1867): Adjusting ABI for : com.suma.midware.update to armeabi-v7a
01-01 00:00:13.191 I/PackageManager( 1867): Time to scan packages: 7.257 seconds
01-01 00:00:13.191 W/PackageManager( 1867): Unknown permission android.permission.SYSTEM_OVERLAY_WINDOW in package com.suma.midware.back
01-01 00:00:13.191 W/PackageManager( 1867): Unknown permission com.android.launcher.permission.WRITE_SETTINGS in package com.suma.midware.home
01-01 00:00:13.191 W/PackageManager( 1867): Unknown permission com.android.launcher.permission.READ_SETTINGS in package com.suma.midware.home
01-01 00:00:13.192 W/PackageManager( 1867): Not granting permission android.permission.INSTALL_PACKAGES to package com.sumavision.appstore.client2 (protectionLevel=18 flags=0x8be45)
01-01 00:00:13.192 W/PackageManager( 1867): Not granting permission android.permission.DELETE_PACKAGES to package com.sumavision.appstore.client2 (protectionLevel=18 flags=0x8be45)
01-01 00:00:13.192 W/PackageManager( 1867): Not granting permission android.permission.MOUNT_UNMOUNT_FILESYSTEMS to package com.sumavision.appstore.client2 (protectionLevel=18 flags=0x8be45)
01-01 00:00:13.192 W/PackageManager( 1867): Not granting permission android.permission.CLEAR_APP_USER_DATA to package com.sumavision.appstore.client2 (protectionLevel=2 flags=0x8be45)
01-01 00:00:13.192 W/PackageManager( 1867): Unknown permission com.android.launcher.permission.WRITE_SETTINGS in package com.suma.midware.dvb
01-01 00:00:13.192 W/PackageManager( 1867): Unknown permission com.android.launcher.permission.READ_SETTINGS in package com.suma.midware.dvb
01-01 00:00:13.192 W/PackageManager( 1867): Unknown permission android.permission.WRITE_INTERNAL_STORAGE in package com.sumavision.android.media.v
01-01 00:00:13.192 W/PackageManager( 1867): Unknown permission com.android.launcher.permission.WRITE_SETTINGS in package com.suma.midware.factorymenu
01-01 00:00:13.192 W/PackageManager( 1867): Unknown permission com.android.launcher.permission.READ_SETTINGS in package com.suma.midware.factorymenu
01-01 00:00:13.193 W/PackageManager( 1867): Unknown permission com.google.android.googleapps.permission.GOOGLE_AUTH in package com.android.settings
01-01 00:00:13.193 W/PackageManager( 1867): Unknown permission com.android.launcher.permission.READ_SETTINGS in package com.android.settings
01-01 00:00:13.193 W/PackageManager( 1867): Unknown permission com.android.launcher.permission.WRITE_SETTINGS in package com.android.settings
01-01 00:00:13.193 W/PackageManager( 1867): Unknown permission com.android.smspush.WAPPUSH_MANAGER_BIND in package com.android.phone
01-01 00:00:13.194 W/PackageManager( 1867): Unknown permission com.google.android.gallery3d.permission.GALLERY_PROVIDER in package com.android.bluetooth
01-01 00:00:13.194 W/PackageManager( 1867): Unknown permission com.android.gallery3d.permission.GALLERY_PROVIDER in package com.android.bluetooth
01-01 00:00:13.194 W/PackageManager( 1867): Unknown permission android.permission.MMS_SEND_OUTBOX_MSG in package com.android.bluetooth
01-01 00:00:13.194 W/PackageManager( 1867): Unknown permission com.android.launcher.permission.WRITE_SETTINGS in package com.suma.midware.setting
01-01 00:00:13.194 W/PackageManager( 1867): Unknown permission com.android.launcher.permission.READ_SETTINGS in package com.suma.midware.setting
01-01 00:00:13.277 I/art     ( 1867): Explicit concurrent mark sweep GC freed 7387(527KB) AllocSpace objects, 2(32KB) LOS objects, 34% free, 1926KB/2MB, paused 1.356ms total 35.370ms
01-01 00:00:13.277 I/SystemServer( 1867): User Service
01-01 00:00:13.288 I/lowmemorykiller( 1432): ActivityManager connected
01-01 00:00:13.289 I/SystemServiceManager( 1867): Starting com.android.server.lights.LightsService
