01-01 00:00:17.146 D/PlayerHandler( 2106): getPlayBaseDealer className=com.suma.midware.back.play.PlayFFmpegDealer
01-01 00:00:17.146 D/BackService( 2106): onBind time=20567,intent=Intent { act=com.suma.midware.back.IBackService pkg=com.suma.midware.back }
01-01 00:00:17.147 D/PlayFFmpegDealer( 2106): static time:20568
01-01 00:00:17.148 D/SIDatabase( 2106): nGetNetworkId freq  474000, type 68,onid 16,tsID 320 
01-01 00:00:17.150 D/SIDatabase( 2106): nGetNetworkId freq  474000, type 68,onid 16,tsID 320 
01-01 00:00:17.150 D/ServiceBoot( 2106): addBackServiceListener binder=android.os.BinderProxy@a52efeb
01-01 00:00:17.153 D/SIDatabase( 2106): nGetNetworkId freq  474000, type 68,onid 16,tsID 320 
01-01 00:00:17.155 D/SIDatabase( 2106): nGetNetworkId freq  482000, type 68,onid 16,tsID 336 
01-01 00:00:17.157 D/FFmpegMediaPlayer( 2106): mediPlayer loadLibrary and androidVersion:22
01-01 00:00:17.157 D/SIDatabase( 2106): nGetNetworkId freq  482000, type 68,onid 16,tsID 336 
01-01 00:00:17.159 D/PropManager( 2159): getBaseManager className:DataBaseManager:pkgName:com.suma.midware.home
01-01 00:00:17.160 D/Main3DActivity( 2159): onCreate initOthers endTime:20581
01-01 00:00:17.160 D/SIDatabase( 2106): nGetNetworkId freq  482000, type 68,onid 16,tsID 336 
01-01 00:00:17.161 D/Main3DActivity( 2159): start onResume - time = 20582 - isFirst = true
01-01 00:00:17.164 D/SIDatabase( 2106): nGetNetworkId freq  482000, type 68,onid 16,tsID 336 
01-01 00:00:17.166 D/DataBaseHandler( 2106): addDataListener binder=android.os.BinderProxy@1ce9dbe1
01-01 00:00:17.167 D/Main3DRootView( 2159): setRootState state:0:isSurfaceReady:false:time:20589
01-01 00:00:17.170 D/PropManager( 2159): getBaseManager className:SysEventManager:pkgName:com.suma.midware.home
01-01 00:00:17.170 D/SIDatabase( 2106): nGetNetworkId freq  482000, type 68,onid 16,tsID 336 
01-01 00:00:17.172 E/ClassUtil( 2106): loadClass com.suma.midware.back.play.PlayFFmpegDealer java.lang.UnsatisfiedLinkError
01-01 00:00:17.172 D/PlayerHandler( 2106): getPlayBaseDealer className=com.suma.midware.back.play.PlayZDealer
01-01 00:00:17.172 D/SIDatabase( 2106): nGetNetworkId freq  482000, type 68,onid 16,tsID 336 
01-01 00:00:17.173 D/SysEventBaseDealer( 2106): init maxPlayerNum=1
01-01 00:00:17.173 D/PlayZDealer( 2106): static time:20594
01-01 00:00:17.173 D/SysEventBaseDealer( 2106): init direct 0 info=[PlayStateInfo@32b2d9f4]index[0]signalState[0]caState[-1]channel[null]
01-01 00:00:17.173 D/SysEventBaseDealer( 2106): init dlna 0 info=[PlayStateInfo@1b47551d]index[0]signalState[0]caState[-1]channel[null]
01-01 00:00:17.174 D/ZPlayer ( 2106): loadLibrary android version:5.1
01-01 00:00:17.175 D/SIDatabase( 2106): nGetNetworkId freq  490000, type 68,onid 16,tsID 352 
01-01 00:00:17.175 E/ClassUtil( 2106): loadClass com.suma.midware.back.play.PlayZDealer java.lang.UnsatisfiedLinkError
01-01 00:00:17.175 D/PlayerHandler( 2106): getPlayBaseDealer className=com.suma.midware.back.play.PlayNgbThridDealer
01-01 00:00:17.176 D/PlayNgbThridDealer( 2106): static time:20597
01-01 00:00:17.177 D/NGBPLAYER( 2106): loadLibrary android version:5.1
01-01 00:00:17.177 D/SIDatabase( 2106): nGetNetworkId freq  490000, type 68,onid 16,tsID 352 
01-01 00:00:17.179 D/SIDatabase( 2106): nGetNetworkId freq  490000, type 68,onid 16,tsID 352 
01-01 00:00:17.179 D/SysEventHandler( 2106): addEventListener binder=android.os.BinderProxy@3ab7163
01-01 00:00:17.180 D/SysEventHandler( 2106): addEventListener binder=android.os.BinderProxy@3e092619
01-01 00:00:17.181 D/Main3DActivity( 2159): end onResume - time = 20602
01-01 00:00:17.181 D/PropManager( 2159): getBaseManager className:FrontPanelManager:pkgName:com.suma.midware.home
01-01 00:00:17.181 D/SIDatabase( 2106): nGetNetworkId freq  490000, type 68,onid 16,tsID 352 
01-01 00:00:17.183 D/SoftInputService( 2106): onCreate time=20605
01-01 00:00:17.184 D/SIDatabase( 2106): nGetNetworkId freq  490000, type 68,onid 16,tsID 352 
01-01 00:00:17.185 E/ClassUtil( 2106): loadClass com.suma.midware.back.play.PlayNgbThridDealer java.lang.UnsatisfiedLinkError
01-01 00:00:17.185 D/PlayerHandler( 2106): getPlayBaseDealer className=com.suma.midware.back.play.PlayNgbDealer
01-01 00:00:17.186 D/SIDatabase( 2106): nGetNetworkId freq  490000, type 68,onid 16,tsID 352 
01-01 00:00:17.186 D/PlayerHandler( 2106): init defaultDealer=com.suma.midware.back.play.PlayNgbDealer@217d0ad5
01-01 00:00:17.186 D/PlayBaseDealer( 2106): startRetrieve maxPictureSize=0
01-01 00:00:17.187 D/ServiceBoot( 2106): ethChangeReceiver context=com.suma.midware.back.BackService@2283f471,intent=Intent { act=android.net.ethernet.ETHERNET_STATE_CHANGE flg=0x4000010 (has extras) }
01-01 00:00:17.187 D/EthernetServiceImpl( 1867): getTotalInterface(), count: 1
01-01 00:00:17.187 D/EthernetServiceImpl( 1867): getDeviceNameList() ok
01-01 00:00:17.187 D/SIDatabase( 2106): nGetNetworkId freq  498000, type 68,onid 16,tsID 368 
01-01 00:00:17.189 I/EthernetNetworkFactory( 1867): total found 1 net devices
01-01 00:00:17.189 D/SIDatabase( 2106): nGetNetworkId freq  498000, type 68,onid 16,tsID 368 
01-01 00:00:17.189 D/EthernetServiceImpl( 1867): getDatabaseInterfaceName() InterfaceName: eth0
01-01 00:00:17.191 D/SIDatabase( 2106): nGetNetworkId freq  498000, type 68,onid 16,tsID 368 
01-01 00:00:17.192 I/System.out( 2106): [DEBUG NGB_FRONT_PANEL] To display text on the front panel, and the text is:Menu::the align is 0--align_center
01-01 00:00:17.193 D/SIDatabase( 2106): nGetNetworkId freq  498000, type 68,onid 16,tsID 368 
01-01 00:00:17.195 D/SIDatabase( 2106): nGetNetworkId freq  498000, type 68,onid 16,tsID 368 
01-01 00:00:17.197 D/SIDatabase( 2106): nGetNetworkId freq  498000, type 68,onid 16,tsID 368 
01-01 00:00:17.200 V/SUMA    ( 1443): [adapter][info] rocme_adapter_frontpanel_show_time:on_off=0
01-01 00:00:17.200 D/SIDatabase( 2106): nGetNetworkId freq  506000, type 68,onid 16,tsID 384 
01-01 00:00:17.200 V/SUMA    ( 1443): roc_ss_set_item:param item do nothing ! 
01-01 00:00:17.200 V/SUMA    ( 1443): [NGBM] ngb_media_player_set_system_video_attr enter !!!
01-01 00:00:17.200 V/SUMA    ( 1443): [NGBM] ngb_media_player_set_system_video_attr aspect_ratio=2 aspect_cvrs=4 display=1
01-01 00:00:17.200 V/SUMA    ( 1443): [NGBM] ngb_media_player_set_system_video_attr leave ret=0
01-01 00:00:17.201 D/AVNgbSetting( 2106): forceEffectAll time=20622
01-01 00:00:17.201 V/PT>     ( 1443): SET brightness_level = 50 
01-01 00:00:17.201 V/SUMA    ( 1443): roc_ss_set_item:set ROC_SYSSET_BRIGHTNESS OK 
01-01 00:00:17.201 V/PT>     ( 1443): SET saturation_level = 50 
01-01 00:00:17.201 V/SUMA    ( 1443): roc_ss_set_item:set ROC_SYSSET_SATURATION OK 
01-01 00:00:17.202 V/PT>     ( 1443): SET contrast_level = 50 
01-01 00:00:17.202 V/SUMA    ( 1443): roc_ss_set_item:set ROC_SYSSET_CONTRAST OK 
01-01 00:00:17.203 D/SIDatabase( 2106): nGetNetworkId freq  506000, type 68,onid 16,tsID 384 
01-01 00:00:17.203 V/SUMA    ( 1443): roc_ss_set_item:get PLANE number = 16 
01-01 00:00:17.204 V/SUMA    ( 1443): roc_ss_set_item:set ROC_SYSSET_VIDEO_ALPHA OK 
01-01 00:00:17.204 D/FileIOUtil( 2106): readContentFromFile file=/dvbdata/mainapp/ethernet_eth0.dat,forceCreate=false,offset=0,len=-1
01-01 00:00:17.204 V/PT>     ( 1443): SET saturation_level = 50 
01-01 00:00:17.204 V/SUMA    ( 1443): roc_ss_set_item:set ROC_SYSSET_SATURATION OK 
01-01 00:00:17.205 V/SUMA    ( 1443): >> Roc_Video_Set_VOUT_Standard vout_type=0  vid_formt=213
01-01 00:00:17.205 V/PT>     ( 1443): vout_type=0 vid_formt (213)
01-01 00:00:17.205 V/SUMA    ( 1443): roc_ss_set_item:set ROC_SYSSET_DENC OK 
01-01 00:00:17.205 V/SUMA    ( 1443): >> Roc_Video_Set_VOUT_Standard vout_type=1  vid_formt=27400
01-01 00:00:17.205 V/PT>     ( 1443): vout_type=1 vid_formt (27400)
01-01 00:00:17.205 V/PT>     ( 1443): slm enEncFmtNow=6 enEncFmt=6 error=(0x0)
01-01 00:00:17.205 V/SUMA    ( 1443): roc_ss_set_item:set ROC_SYSSET_RESOLUTION OK 
01-01 00:00:17.206 V/SUMA    ( 1443): roc_ss_set_item:param item do nothing ! 
01-01 00:00:17.206 V/SUMA    ( 1443): [NGBM] ngb_media_player_set_system_video_attr enter !!!
01-01 00:00:17.206 V/SUMA    ( 1443): [NGBM] ngb_media_player_set_system_video_attr aspect_ratio=2 aspect_cvrs=4 display=1
01-01 00:00:17.206 V/SUMA    ( 1443): [NGBM] ngb_media_player_set_system_video_attr leave ret=0
01-01 00:00:17.206 D/FileIOUtil( 2106): readContentFromFile isExist=true,isFile=true
01-01 00:00:17.206 D/UserSetting( 2106): forceEffectAll time=20627
01-01 00:00:17.207 D/SIDatabase( 2106): nGetNetworkId freq  506000, type 68,onid 16,tsID 384 
01-01 00:00:17.207 D/AppSetting( 2106): forceEffectAll xOffset=0,yOffset=0,widthZoom=100,heightZoom=100,width=1280,height=720
01-01 00:00:17.207 D/OpenGLRenderer( 2159): Use EGL_SWAP_BEHAVIOR_PRESERVED: true
01-01 00:00:17.209 D/SIDatabase( 2106): nGetNetworkId freq  506000, type 68,onid 16,tsID 384 
01-01 00:00:17.211 D/SIDatabase( 2106): nGetNetworkId freq  506000, type 68,onid 16,tsID 384 
01-01 00:00:17.213 E/NetUtils( 1867): Interface eth0 LinkUp!
01-01 00:00:17.213 D/EthernetServiceImpl( 1867): getNetLinkStatus(eth0): 1
01-01 00:00:17.213 E/NetUtils( 1867): Interface eth0 LinkUp!
01-01 00:00:17.214 D/SIDatabase( 2106): nGetNetworkId freq  506000, type 68,onid 16,tsID 384 
01-01 00:00:17.215 V/PT>     ( 1443): x=0 y=0 w=1280 h=720
01-01 00:00:17.215 V/PT>     ( 1443): l=0 t=0 r=0 b=0 u32Width=1280 u32Height=720
01-01 00:00:17.215 V/PT>     ( 1443): l=0 t=0 r=0 b=0
01-01 00:00:17.216 D/AppNgbSetting( 2106): setScreenPosition x=0,y=0,width=1280,height=720,result=true
01-01 00:00:17.216 D/SIDatabase( 2106): nGetNetworkId freq  514000, type 68,onid 16,tsID 400 
01-01 00:00:17.217 D/EthSetting5_1( 2106): initEthData ethMode=dhcp,macStr=00:24:68:C9:D6:AB,ethConfig=[EthernetConfig@d73a9db]ethName[eth0]isDown[false]isDefault[false]isDhcp[true]ip[192.166.66.91]netMask[255.255.255.0]gateWay[192.166.66.1]dns1[192.168.1.12]dns2[192.166.66.44]mac[02:5D:6B:B0:A7:3A],devConfig=[EthernetConfig@32623c78]ethName[null]isDown[false]isDefault[false]isDhcp[false]ip[0.0.0.0]netMask[0.0.0.0]gateWay[0.0.0.0]dns1[0.0.0.0]dns2[0.0.0.0]mac[null]
01-01 00:00:17.217 D/EthSetting( 2106): saveEthernetConfig config=[EthernetConfig@1f107f51]ethName[eth0]isDown[false]isDefault[false]isDhcp[true]ip[0.0.0.0]netMask[0.0.0.0]gateWay[0.0.0.0]dns1[0.0.0.0]dns2[0.0.0.0]mac[00:24:68:C9:D6:AB]
01-01 00:00:17.217 D/FileIOUtil( 2106): writeContentToFile filePath=/dvbdata/mainapp/ethernet_eth0.dat,forceCreate=true,data=[B@a7713b6
01-01 00:00:17.217 D/FileIOUtil( 2106): writeContentToFile file=/dvbdata/mainapp/ethernet_eth0.dat,forceCreate=true,data=[B@a7713b6
01-01 00:00:17.218 D/FileIOUtil( 2106): writeContentToFile isExist=true,isFile=true
01-01 00:00:17.218 D/SIDatabase( 2106): nGetNetworkId freq  514000, type 68,onid 16,tsID 400 
01-01 00:00:17.220 D/SIDatabase( 2106): nGetNetworkId freq  514000, type 68,onid 16,tsID 400 
01-01 00:00:17.220 V/PT>     ( 1443):  aud_index=0 aud_type=2 
01-01 00:00:17.220 V/SUMA    ( 1443): roc_ss_set_item:set ROC_SYSSET_HDMI_SOUND OK 
01-01 00:00:17.221 D/AppNgbSetting( 2106): effectHdmiOutputMode hdmiOutputMode=-1,result=true
01-01 00:00:17.222 D/SIDatabase( 2106): nGetNetworkId freq  514000, type 68,onid 16,tsID 400 
01-01 00:00:17.222 D/Atlas   ( 2159): Validating map...
01-01 00:00:17.224 D/AppRuleBaseDealer( 2106): manageAppPermissions time:20645
01-01 00:00:17.224 D/SIDatabase( 2106): nGetNetworkId freq  514000, type 68,onid 16,tsID 400 
01-01 00:00:17.225 V/WindowManager( 1867): Based on layer: Adding window Window{168ecd7 u0 com.suma.midware.home/com.suma.midware.home.localset.view.third.Main3DActivity} at 1 of 3
01-01 00:00:17.226 D/PropManager( 2159): onServiceConnected comp:ComponentInfo{com.suma.midware.back/com.suma.midware.back.BackService}:binder:android.os.BinderProxy@1ce9dbe1:pkgName:com.suma.midware.home:curCount:0
01-01 00:00:17.226 D/SIDatabase( 2106): nGetNetworkId freq  514000, type 68,onid 16,tsID 400 
01-01 00:00:17.227 D/EthernetServiceImpl( 1867): getDatabaseInterfaceName() InterfaceName: eth0
01-01 00:00:17.227 D/EthSetting5_1( 2106): notifyEthStateChange state=18,name=eth0,size=1,index=0
01-01 00:00:17.230 D/SIDatabase( 2106): nGetNetworkId freq  522000, type 68,onid 16,tsID 512 
01-01 00:00:17.232 D/SIDatabase( 2106): nGetNetworkId freq  522000, type 68,onid 16,tsID 512 
01-01 00:00:17.233 V/PT>     ( 1443): sw_info->sw_version=02.00.00.01 
01-01 00:00:17.234 D/SIDatabase( 2106): nGetNetworkId freq  522000, type 68,onid 16,tsID 512 
01-01 00:00:17.235 V/PT>     ( 1443): sw_info->sw_version=02.00.00.01 
01-01 00:00:17.236 V/PT>     ( 1443): sw_info->sw_version=02.00.00.01 
01-01 00:00:17.237 D/SIDatabase( 2106): nGetNetworkId freq  522000, type 68,onid 16,tsID 512 
01-01 00:00:17.237 V/PT>     ( 1443): sw_info->sw_version=02.00.00.01 
01-01 00:00:17.238 V/PT>     ( 1443): sw_info->sw_version=02.00.00.01 
01-01 00:00:17.239 V/PT>     ( 1443): sw_info->sw_version=02.00.00.01 
01-01 00:00:17.240 V/PT>     ( 1443): sw_info->sw_version=02.00.00.01 
01-01 00:00:17.240 D/AppRuleBaseDealer( 2106): manageAppPermissions pkgName:com.suma.midware.back:uid:1000
01-01 00:00:17.240 D/AppRuleBaseDealer( 2106): manageAppPermissions pkgName:com.suma.midware.home:uid:1000
01-01 00:00:17.240 D/SIDatabase( 2106): nGetNetworkId freq  522000, type 68,onid 16,tsID 512 
01-01 00:00:17.240 D/AppRuleBaseDealer( 2106): manageAppPermissions pkgName:com.android.providers.telephony:isPermissionApp:false:permissionResult:0
01-01 00:00:17.240 D/AppRuleBaseDealer( 2106): enablePermission pkgName:com.android.providers.telephony:permissionName:android.permission.RECEIVE_BOOT_COMPLETED:isAble:false
01-01 00:00:17.241 V/PT>     ( 1443): sw_info->sw_version=02.00.00.01 
01-01 00:00:17.241 V/PT>     ( 1443): sw_info->sw_version=02.00.00.01 
01-01 00:00:17.242 D/SIDatabase( 2106): nGetNetworkId freq  522000, type 68,onid 16,tsID 512 
01-01 00:00:17.242 V/PT>     ( 1443): sw_info->sw_version=02.00.00.01 
01-01 00:00:17.243 V/PT>     ( 1443): sw_info->sw_version=02.00.00.01 
01-01 00:00:17.244 V/PT>     ( 1443): sw_info->sw_version=02.00.00.01 
01-01 00:00:17.244 D/SIDatabase( 2106): nGetNetworkId freq  530000, type 68,onid 16,tsID 528 
01-01 00:00:17.245 V/PT>     ( 1443): sw_info->sw_version=02.00.00.01 
01-01 00:00:17.247 V/PT>     ( 1443): sw_info->sw_version=02.00.00.01 
01-01 00:00:17.247 D/SIDatabase( 2106): nGetNetworkId freq  530000, type 68,onid 16,tsID 528 
01-01 00:00:17.247 D/IPLoader( 2106): init softModel:02:hardModel:02:hardVersion:01:softVersion:00:serialNum:0201130016300000001:machineType:13:updateCheckUrl:http://update.sumavision.cc:90/dp-12/iploader/hubei/xianning/:stbInfo:[StbInfo@317908b7]oui[346]serialNum[0201130016300000001]hardVersion[02.01.01.00]softVersion[02.00.00.01]loaderVersion[02.00.00.01]driverVersion[STAPI_SDK-REL_36.2]factoryName[02]factoryID[-1]machineType[13]caVersion[05.02.01]browserVersion[null]hardwareID[Hi3796Mv100]osVersion[2.6.35.7]regionCode[00]batchNum[1630]originalSerialNum[0000001]loaderSerialNum[01]
01-01 00:00:17.248 V/PT>     ( 1443): sw_info->sw_version=02.00.00.01 
01-01 00:00:17.249 D/SIDatabase( 2106): nGetNetworkId freq  530000, type 68,onid 16,tsID 528 
01-01 00:00:17.250 V/PT>     ( 1443): sw_info->sw_version=02.00.00.01 
01-01 00:00:17.251 V/PT>     ( 1443): sw_info->sw_version=02.00.00.01 
01-01 00:00:17.252 V/PT>     ( 1443): sw_info->sw_version=02.00.00.01 
01-01 00:00:17.253 V/PT>     ( 1443): sw_info->sw_version=02.00.00.01 
01-01 00:00:17.253 D/SIDatabase( 2106): nGetNetworkId freq  530000, type 68,onid 16,tsID 528 
01-01 00:00:17.254 V/PT>     ( 1443): sw_info->sw_version=02.00.00.01 
01-01 00:00:17.255 V/PT>     ( 1443): sw_info->sw_version=02.00.00.01 
01-01 00:00:17.255 D/SIDatabase( 2106): nGetNetworkId freq  530000, type 68,onid 16,tsID 528 
01-01 00:00:17.255 V/PT>     ( 1443): sw_info->sw_version=02.00.00.01 
01-01 00:00:17.256 V/PT>     ( 1443): sw_info->sw_version=02.00.00.01 
01-01 00:00:17.257 D/SIDatabase( 2106): nGetNetworkId freq  530000, type 68,onid 16,tsID 528 
01-01 00:00:17.257 V/PT>     ( 1443): sw_info->sw_version=02.00.00.01 
01-01 00:00:17.258 V/PT>     ( 1443): sw_info->sw_version=02.00.00.01 
01-01 00:00:17.258 D/SIDatabase( 2106): nGetNetworkId freq  546000, type 68,onid 16,tsID 560 
01-01 00:00:17.259 V/PT>     ( 1443): sw_info->sw_version=02.00.00.01 
01-01 00:00:17.259 V/PT>     ( 1443): sw_info->sw_version=02.00.00.01 
01-01 00:00:17.260 D/SIDatabase( 2106): nGetNetworkId freq  546000, type 68,onid 16,tsID 560 
01-01 00:00:17.260 V/PT>     ( 1443): sw_info->sw_version=02.00.00.01 
01-01 00:00:17.261 D/IPLoaderXianning( 2106): init softVersion:02.00.00.01:hardVersion:02.01.01.00:stbType:13:batchNum:1630:serialNum:0201130016300000001:regionCode:0:updateCheckUrl:http://update.sumavision.cc:90/dp-12/iploader/hubei/xianning/:stbInfo:[StbInfo@25baa824]oui[346]serialNum[0201130016300000001]hardVersion[02.01.01.00]softVersion[02.00.00.01]loaderVersion[02.00.00.01]driverVersion[STAPI_SDK-REL_36.2]factoryName[02]factoryID[-1]machineType[13]caVersion[05.02.01]browserVersion[null]hardwareID[Hi3796Mv100]osVersion[2.6.35.7]regionCode[00]batchNum[1630]originalSerialNum[0000001]loaderSerialNum[01]
01-01 00:00:17.261 D/BaseLoader( 2106): notifyNetStateChange intent:Intent { act=android.net.ethernet.ETHERNET_STATE_CHANGE flg=0x4000010 (has extras) }
01-01 00:00:17.263 D/SIDatabase( 2106): nGetNetworkId freq  546000, type 68,onid 16,tsID 560 
01-01 00:00:17.264 D/SIDatabase( 2106): nGetNetworkId freq  546000, type 68,onid 16,tsID 560 
01-01 00:00:17.268 D/SIDatabase( 2106): nGetNetworkId freq  546000, type 68,onid 16,tsID 560 
01-01 00:00:17.270 D/SIDatabase( 2106): nGetNetworkId freq  546000, type 68,onid 16,tsID 560 
01-01 00:00:17.271 D/SIDatabase( 2106): nGetNetworkId freq  554000, type 68,onid 16,tsID 576 
01-01 00:00:17.272 D/SIDatabase( 2106): nGetNetworkId freq  554000, type 68,onid 16,tsID 576 
01-01 00:00:17.274 D/SIDatabase( 2106): nGetNetworkId freq  554000, type 68,onid 16,tsID 576 
01-01 00:00:17.275 D/SIDatabase( 2106): nGetNetworkId freq  554000, type 68,onid 16,tsID 576 
01-01 00:00:17.276 D/SIDatabase( 2106): nGetNetworkId freq  554000, type 68,onid 16,tsID 576 
01-01 00:00:17.283 D/SIDatabase( 2106): nGetNetworkId freq  554000, type 68,onid 16,tsID 576 
01-01 00:00:17.286 D/SIDatabase( 2106): nGetNetworkId freq  562000, type 68,onid 16,tsID 592 
01-01 00:00:17.287 D/SIDatabase( 2106): nGetNetworkId freq  562000, type 68,onid 16,tsID 592 
01-01 00:00:17.292 D/SIDatabase( 2106): nGetNetworkId freq  562000, type 68,onid 16,tsID 592 
01-01 00:00:17.294 D/SIDatabase( 2106): nGetNetworkId freq  562000, type 68,onid 16,tsID 592 
01-01 00:00:17.296 D/ServiceBoot( 2106): volumeReceiver context=com.suma.midware.back.BackService@2283f471,intent=Intent { act=android.media.MASTER_MUTE_CHANGED_ACTION flg=0x24000010 (has extras) }
01-01 00:00:17.296 D/ServiceBoot( 2106): onReceive isMute=false
01-01 00:00:17.296 D/SIDatabase( 2106): nGetNetworkId freq  562000, type 68,onid 16,tsID 592 
01-01 00:00:17.298 D/SIDatabase( 2106): nGetNetworkId freq  562000, type 68,onid 16,tsID 592 
01-01 00:00:17.300 D/SIDatabase( 2106): nGetNetworkId freq  570000, type 68,onid 16,tsID 608 
01-01 00:00:17.301 D/SoundAndroidDealer( 2106): init maxVolume:100
01-01 00:00:17.301 D/AppRuleBaseDealer( 2106): manageAppPermissions pkgName:com.android.providers.media:isPermissionApp:false:permissionResult:0
01-01 00:00:17.301 D/AppRuleBaseDealer( 2106): enablePermission pkgName:com.android.providers.media:permissionName:android.permission.RECEIVE_BOOT_COMPLETED:isAble:false
01-01 00:00:17.303 D/SIDatabase( 2106): nGetNetworkId freq  570000, type 68,onid 16,tsID 608 
01-01 00:00:17.304 D/SIDatabase( 2106): nGetNetworkId freq  570000, type 68,onid 16,tsID 608 
01-01 00:00:17.305 V/SUMA    ( 1443): roc_ss_set_item:set ROC_SYSSET_MUTE OK 
01-01 00:00:17.305 D/SoundNgbDealer( 2106): setMute isMute:false:result:true
01-01 00:00:17.305 D/SoundHandler( 2106): handleMasterMute isMute=false,result=true
01-01 00:00:17.306 D/SIDatabase( 2106): nGetNetworkId freq  570000, type 68,onid 16,tsID 608 
01-01 00:00:17.308 D/SIDatabase( 2106): nGetNetworkId freq  570000, type 68,onid 16,tsID 608 
01-01 00:00:17.309 D/SIDatabase( 2106): nGetNetworkId freq  570000, type 68,onid 16,tsID 608 
01-01 00:00:17.310 D/SIDatabase( 2106): nGetNetworkId freq  578000, type 68,onid 16,tsID 624 
01-01 00:00:17.312 D/SIDatabase( 2106): nGetNetworkId freq  578000, type 68,onid 16,tsID 624 
01-01 00:00:17.314 D/SIDatabase( 2106): nGetNetworkId freq  578000, type 68,onid 16,tsID 624 
01-01 00:00:17.315 D/SIDatabase( 2106): nGetNetworkId freq  578000, type 68,onid 16,tsID 624 
01-01 00:00:17.317 D/SIDatabase( 2106): nGetNetworkId freq  578000, type 68,onid 16,tsID 624 
01-01 00:00:17.320 D/SIDatabase( 2106): nGetNetworkId freq  578000, type 68,onid 16,tsID 624 
01-01 00:00:17.322 I/OpenGLRenderer( 2159): Initialized EGL, version 1.4
01-01 00:00:17.323 D/SIDatabase( 2106): nGetNetworkId freq  419000, type 68,onid 16,tsID 768 
01-01 00:00:17.324 D/OpenGLRenderer( 2159): Enabling debug mode 0
01-01 00:00:17.325 D/SIDatabase( 2106): nGetNetworkId freq  419000, type 68,onid 16,tsID 768 
01-01 00:00:17.327 D/SIDatabase( 2106): nGetNetworkId freq  419000, type 68,onid 16,tsID 768 
01-01 00:00:17.330 D/SIDatabase( 2106): nGetNetworkId freq  538000, type 68,onid 16,tsID 544 
01-01 00:00:17.333 D/SIDatabase( 2106): nGetNetworkId freq  538000, type 68,onid 16,tsID 544 
01-01 00:00:17.337 D/SIDatabase( 2106): nGetNetworkId freq  538000, type 68,onid 16,tsID 544 
01-01 00:00:17.339 W/SurfaceView( 2159): onLayout left=0 top=0 right=1280 bottom=720
01-01 00:00:17.339 W/SurfaceView( 2159): Pos is 0,0
01-01 00:00:17.339 D/SIDatabase( 2106): nGetNetworkId freq  538000, type 68,onid 16,tsID 544 
01-01 00:00:17.340 I/SurfaceView( 2159): Changes: creating=true format=true size=true visible=true left=true top=true type=-1 surfacetype=-1
01-01 00:00:17.341 D/SIDatabase( 2106): nGetNetworkId freq  538000, type 68,onid 16,tsID 544 
01-01 00:00:17.342 V/WindowManager( 1867): Adding window Window{146c90ad u0 SurfaceView} at 1 of 4 (before Window{168ecd7 u0 com.suma.midware.home/com.suma.midware.home.localset.view.third.Main3DActivity})
01-01 00:00:17.343 I/SurfaceView( 2159): Cur surface: Surface(name=null)/@0x1975d06
01-01 00:00:17.343 D/SIDatabase( 2106): nGetNetworkId freq  538000, type 68,onid 16,tsID 544 
01-01 00:00:17.357 D/AppRuleBaseDealer( 2106): manageAppPermissions pkgName:com.android.wallpapercropper:isPermissionApp:false:permissionResult:-1
01-01 00:00:17.358 D/AppRuleBaseDealer( 2106): manageAppPermissions pkgName:com.android.documentsui:isPermissionApp:false:permissionResult:-1
01-01 00:00:17.358 D/AppRuleBaseDealer( 2106): manageAppPermissions pkgName:com.android.externalstorage:isPermissionApp:false:permissionResult:-1
01-01 00:00:17.359 D/AppRuleBaseDealer( 2106): manageAppPermissions pkgName:com.android.providers.downloads:isPermissionApp:false:permissionResult:-1
01-01 00:00:17.359 D/AppRuleBaseDealer( 2106): manageAppPermissions pkgName:com.sumavision.appstore.client2:isPermissionApp:false:permissionResult:0
01-01 00:00:17.359 D/AppRuleBaseDealer( 2106): enablePermission pkgName:com.sumavision.appstore.client2:permissionName:android.permission.RECEIVE_BOOT_COMPLETED:isAble:false
01-01 00:00:17.360 V/SurfaceView( 2159): com.suma.midware.home.localset.view.third.af{46e9fc7 VFE..... .F....ID 0,0-1280,720} got resized: w=1280 h=720, cur w=-1 h=-1
01-01 00:00:17.363 I/SurfaceView( 2159): New surface: Surface(name=null)/@0x32b2d9f4, vis=true, frame=Rect(0, 0 - 1280, 720)
01-01 00:00:17.363 I/SurfaceView( 2159): visibleChanged -- surfaceCreated
01-01 00:00:17.364 D/GLRootView( 2159): surfaceCreated holder:android.view.SurfaceView$4@1b47551d
01-01 00:00:17.364 I/SurfaceView( 2159): surfaceChanged -- format=-3 w=1280 h=720
01-01 00:00:17.364 D/GLRootView( 2159): surfaceChanged holder:android.view.SurfaceView$4@1b47551d:format:-3:width:1280:height:720
01-01 00:00:17.364 I/SurfaceView( 2159): surfaceRedrawNeeded
01-01 00:00:17.364 I/SurfaceView( 2159): finishedDrawing
01-01 00:00:17.365 V/SurfaceView( 2159): Layout: x=0 y=0 w=1280 h=720, frame=Rect(0, 0 - 1280, 720)
01-01 00:00:17.375 I/SurfaceView( 2159): Changes: creating=false format=false size=false visible=false left=false top=false type=-1 surfacetype=-1
01-01 00:00:17.375 I/SurfaceView( 2159): Cur surface: Surface(name=null)/@0x1975d06
01-01 00:00:17.380 I/SurfaceView( 2159): New surface: Surface(name=null)/@0x32b2d9f4, vis=true, frame=Rect(0, 0 - 1280, 720)
01-01 00:00:17.380 I/SurfaceView( 2159): surfaceRedrawNeeded
01-01 00:00:17.380 I/SurfaceView( 2159): finishedDrawing
01-01 00:00:17.381 V/SurfaceView( 2159): Layout: x=0 y=0 w=1280 h=720, frame=Rect(0, 0 - 1280, 720)
01-01 00:00:17.392 D/getParameters( 2159):  thread[GLThread 48] GLES20.GL_MAX_COMBINED_TEXTURE_IMAGE_UNITS : 8
01-01 00:00:17.392 D/getParameters( 2159):  thread[GLThread 48] GLES20.GL_MAX_CUBE_MAP_TEXTURE_SIZE : 4096
01-01 00:00:17.392 D/getParameters( 2159):  thread[GLThread 48] GLES20.GL_MAX_FRAGMENT_UNIFORM_VECTORS : 256
01-01 00:00:17.392 D/getParameters( 2159):  thread[GLThread 48] GLES20.GL_MAX_RENDERBUFFER_SIZE : 4096
01-01 00:00:17.393 D/getParameters( 2159):  thread[GLThread 48] GLES20.GL_MAX_TEXTURE_IMAGE_UNITS : 8
01-01 00:00:17.393 D/getParameters( 2159):  thread[GLThread 48] GLES20.GL_MAX_TEXTURE_SIZE : 4096
01-01 00:00:17.393 D/getParameters( 2159):  thread[GLThread 48] GLES20.GL_MAX_VARYING_VECTORS : 12
01-01 00:00:17.393 D/getParameters( 2159):  thread[GLThread 48] GLES20.GL_MAX_VERTEX_ATTRIBS : 16
01-01 00:00:17.393 D/getParameters( 2159):  thread[GLThread 48] GLES20.GL_MAX_VERTEX_TEXTURE_IMAGE_UNITS : 0
01-01 00:00:17.393 D/getParameters( 2159):  thread[GLThread 48] GLES20.GL_MAX_VERTEX_UNIFORM_VECTORS : 256
01-01 00:00:17.393 D/getParameters( 2159):  thread[GLThread 48] GLES20.GL_MAX_VIEWPORT_DIMS0 : 4096
01-01 00:00:17.393 D/getParameters( 2159):  thread[GLThread 48] GLES20.GL_MAX_VIEWPORT_DIMS1 : 4096
01-01 00:00:17.393 D/getParameters( 2159):  thread[GLThread 48] GLES20.GL_EXTENSIONS : GL_EXT_debug_marker GL_OES_texture_npot GL_OES_vertex_array_object GL_OES_compressed_ETC1_RGB8_texture GL_EXT_compressed_ETC1_RGB8_sub_texture GL_OES_standard_derivatives GL_OES_EGL_image GL_OES_depth24 GL_ARM_rgba8 GL_ARM_mali_shader_binary GL_OES_depth_texture GL_OES_packed_depth_stencil GL_EXT_texture_format_BGRA8888 GL_OES_vertex_half_float GL_EXT_blend_minmax GL_OES_EGL_image_external GL_OES_EGL_sync GL_OES_rgb8_rgba8 GL_EXT_multisampled_render_to_texture GL_EXT_discard_framebuffer GL_OES_get_program_binary GL_ARM_mali_program_binary GL_EXT_shader_texture_lod GL_EXT_robustness GL_OES_depth_texture_cube_map GL_KHR_debug GL_ARM_shader_framebuffer_fetch GL_ARM_shader_framebuffer_fetch_depth_stencil GL_OES_mapbuffer
01-01 00:00:17.393 D/getParameters( 2159):  thread[GLThread 48] isSupportNPOT : true
01-01 00:00:17.393 D/Main3DRootView( 2159): initScene time:20815:scene:com.sumavision.engine.core.base.j@221da160
01-01 00:00:17.393 D/Main3DRootView( 2159): initScene end time:20815:scene:com.sumavision.engine.core.base.j@221da160
01-01 00:00:17.394 D/Main3DRootView( 2159): afterinitScene
01-01 00:00:17.394 D/Main3DRootView( 2159): desireState===0
01-01 00:00:17.394 D/Main3DRootView( 2159): switchToState state:0:isViewAnim:false:thisState:2147483647
01-01 00:00:17.401 D/SUMA_ENGINE3d( 2159):  thread[GLThread 48] onSurfaceChanged w: 1280, h : 720
01-01 00:00:17.402 D/SUMA_ENGINE3d( 2159):  thread[GLThread 48] onSurfaceChanged startModeTime:20823
01-01 00:00:17.402 D/SUMA_ENGINE3d( 2159):  thread[GLThread 48] onSurfaceChanged endTime:20824
01-01 00:00:17.442 D/AppRuleBaseDealer( 2106): manageAppPermissions pkgName:com.android.defcontainer:isPermissionApp:false:permissionResult:-1
01-01 00:00:17.442 D/AppRuleBaseDealer( 2106): manageAppPermissions pkgName:com.android.providers.downloads.ui:isPermissionApp:false:permissionResult:-1
01-01 00:00:17.442 D/AppRuleBaseDealer( 2106): manageAppPermissions pkgName:com.android.pacprocessor:isPermissionApp:false:permissionResult:-1
01-01 00:00:17.443 D/AppRuleBaseDealer( 2106): manageAppPermissions pkgName:com.android.certinstaller:isPermissionApp:false:permissionResult:-1
01-01 00:00:17.443 D/AppRuleBaseDealer( 2106): manageAppPermissions pkgName:android:uid:1000
01-01 00:00:17.443 D/AppRuleBaseDealer( 2106): manageAppPermissions pkgName:com.android.backupconfirm:isPermissionApp:false:permissionResult:-1
01-01 00:00:17.443 D/AppRuleBaseDealer( 2106): manageAppPermissions pkgName:com.sumavod:isPermissionApp:true:permissionResult:-1
01-01 00:00:17.443 D/AppRuleBaseDealer( 2106): enablePermission pkgName:com.sumavod:permissionName:android.permission.RECEIVE_BOOT_COMPLETED:isAble:true
01-01 00:00:17.457 D/Main3DRootView( 2159): call dealBoot
01-01 00:00:17.457 D/BootupPanel( 2159): call init isInit=false
01-01 00:00:17.458 D/BootupPanelQWL:::#############( 2159): initResources time:20879
01-01 00:00:17.458 D/BootupPanelQWL:::#############( 2159): initMain time:20879
01-01 00:00:17.466 D/AppResource( 2159): initFilterList uncheckAppList:   checkAppList:
01-01 00:00:17.482 W/SurfaceView( 2159): onLayout left=0 top=0 right=1280 bottom=720
01-01 00:00:17.482 W/SurfaceView( 2159): Pos is 0,0
01-01 00:00:17.485 I/ActivityManager( 1867): Displayed com.suma.midware.home/.localset.view.third.Main3DActivity: +1s771ms
01-01 00:00:17.489 I/SystemServiceManager( 1867): Starting phase 1000
01-01 00:00:17.501 V/KeyguardServiceDelegate( 1867): *** Keyguard started
01-01 00:00:17.501 W/KeyguardServiceDelegate( 1867): onScreenTurnedOn(): no keyguard service!
01-01 00:00:17.502 V/SurfaceView( 2159): com.suma.midware.home.localset.view.third.af{46e9fc7 VFE..... .F....I. 0,0-1280,720} got resized: w=1280 h=720, cur w=-1 h=-1
01-01 00:00:17.503 I/SurfaceView( 2159): Changes: creating=false format=false size=false visible=false left=false top=false type=-1 surfacetype=-1
01-01 00:00:17.503 I/SurfaceView( 2159): Cur surface: Surface(name=null)/@0x1975d06
01-01 00:00:17.506 V/SystemUIService( 2022): Starting SystemUI services.
01-01 00:00:17.508 I/SurfaceView( 2159): New surface: Surface(name=null)/@0x32b2d9f4, vis=true, frame=Rect(0, 0 - 1280, 720)
01-01 00:00:17.508 I/SurfaceView( 2159): surfaceRedrawNeeded
01-01 00:00:17.508 I/SurfaceView( 2159): finishedDrawing
01-01 00:00:17.511 V/SurfaceView( 2159): Layout: x=0 y=0 w=1280 h=720, frame=Rect(0, 0 - 1280, 720)
01-01 00:00:17.513 W/SurfaceView( 2159): onLayout left=0 top=0 right=1280 bottom=720
01-01 00:00:17.513 W/SurfaceView( 2159): Pos is 0,0
01-01 00:00:17.513 D/AppResource( 2159):  name_0 = com.suma.midware.back
01-01 00:00:17.514 D/AppResource( 2159):  name_1 = com.suma.midware.home
01-01 00:00:17.515 D/AppResource( 2159):  name_2 = com.android.providers.telephony
01-01 00:00:17.515 D/AppResource( 2159):  name_3 = com.android.providers.media
01-01 00:00:17.515 D/AppResource( 2159):  name_4 = com.android.wallpapercropper
01-01 00:00:17.515 D/AppResource( 2159):  name_5 = com.android.documentsui
01-01 00:00:17.515 D/AppResource( 2159):  name_6 = com.android.externalstorage
01-01 00:00:17.515 D/AppResource( 2159):  name_7 = com.android.providers.downloads
01-01 00:00:17.515 D/AppResource( 2159):  name_8 = com.sumavision.appstore.client2
01-01 00:00:17.515 D/AppResource( 2159):  name_9 = com.android.defcontainer
01-01 00:00:17.515 D/AppResource( 2159):  name_10 = com.android.providers.downloads.ui
01-01 00:00:17.515 D/AppResource( 2159):  name_11 = com.android.pacprocessor
01-01 00:00:17.515 D/AppResource( 2159):  name_12 = com.android.certinstaller
01-01 00:00:17.515 D/AppResource( 2159):  name_13 = android
01-01 00:00:17.515 D/AppResource( 2159):  name_14 = com.android.backupconfirm
01-01 00:00:17.515 D/AppResource( 2159):  name_15 = com.sumavod
01-01 00:00:17.515 D/AppResource( 2159):  name_16 = com.android.provision
01-01 00:00:17.515 D/AppResource( 2159):  name_17 = com.suma.midware.dvb
01-01 00:00:17.515 D/AppResource( 2159):  name_18 = com.sumavision.android.media.v
01-01 00:00:17.515 D/AppResource( 2159):  name_19 = com.android.providers.settings
01-01 00:00:17.515 D/AppResource( 2159):  name_20 = com.android.sharedstoragebackup
01-01 00:00:17.515 D/AppResource( 2159):  name_21 = com.android.webview
01-01 00:00:17.515 D/AppResource( 2159):  name_22 = com.android.inputdevices
01-01 00:00:17.515 D/AppResource( 2159):  name_23 = com.suma.midware.factorymenu
01-01 00:00:17.515 D/AppResource( 2159):  name_24^C
130|root@generic:/ # 
[END] 2016/11/1 15:51:20
