03-25 14:00:31.461 D/PlayActivity( 2708): dispatchKeyEvent,event:KeyEvent { action=ACTION_UP, keyCode=KEYCODE_DPAD_RIGHT, scanCode=106, metaState=0, flags=0x8, repeatCount=0, eventTime=302908, downTime=302698, deviceId=4, source=0x701 }:window focus:android.widget.RelativeLayout{40d88eb0 VFE..... .F....ID 0,0-1280,720 #7f0a0109 app:id/playcontrol}
03-25 14:00:31.462 D/PlayActivity( 2708): the released keyCode is:22:time:302939
03-25 14:00:31.462 D/PlayActivity( 2708): onKeyUp,selectChannel:[DirectChannel@404fe0]channelID[0]oNetID[16]tsID[320]serviceID[323]freq[650000]name[F275CH3-赵建斌测试频道3]serviceType[2]attr[0]serialNum[3]serialNum4[3]pcrPID[8190]refServiceID[-1]
03-25 14:00:32.398 D/RemoteIME( 2444): RemoteIME--> onKeyDown keyCode = 22
03-25 14:00:32.399 D/PlayActivity( 2708): dispatchKeyEvent,event:KeyEvent { action=ACTION_DOWN, keyCode=KEYCODE_DPAD_RIGHT, scanCode=106, metaState=0, flags=0x8, repeatCount=0, eventTime=303872, downTime=303872, deviceId=4, source=0x701 }:window focus:android.widget.RelativeLayout{40d88eb0 VFE..... .F...... 0,0-1280,720 #7f0a0109 app:id/playcontrol}
03-25 14:00:32.400 D/PlayActivity( 2708): the pressed keyCode is:22:and the pair state is:-1:time:303876:isEventDeal:falsefocus view:android.widget.RelativeLayout{40d88eb0 VFE..... .F...... 0,0-1280,720 #7f0a0109 app:id/playcontrol}
03-25 14:00:32.400 D/PlayActivity( 2708): onKeyDown dealADLink result: false
03-25 14:00:32.400 D/SoundNgbDealer( 2475): setVolume volume:84
03-25 14:00:32.402 V/PT>     ( 1549): >> HI3716M_INFO:rocme_porting_audio_set_volume- 
03-25 14:00:32.402 V/PT>     ( 1549): SET volume = 84 
03-25 14:00:32.402 V/SUMA    ( 1549): roc_ss_set_item:set ROC_SYSSET_VOLUME OK 
03-25 14:00:32.402 D/SoundNgbDealer( 2475): setVolume result:true
03-25 14:00:32.402 D/SoundAndroidDealer( 2475): setVolume volume:84:ratio:1
03-25 14:00:32.403 V/SUMA    ( 1549): roc_ss_get_item:get ROC_SYSSET_MUTE OK 
03-25 14:00:32.403 D/SoundAndroidDealer( 2475): setVolume isMute:false:ratio:1
03-25 14:00:32.408 D/ServiceBoot( 2475): volumeReceiver intent:Intent { act=android.media.MASTER_VOLUME_CHANGED_ACTION flg=0x10 (has extras) }:context:com.suma.midware.back.BackService@40dc5048
03-25 14:00:32.409 D/ServiceBoot( 2475): volumeReceiver nowValue:84:oldValue:78
03-25 14:00:32.409 V/SUMA    ( 1549): roc_ss_get_item:get ROC_SYSSET_MUTE OK 
03-25 14:00:32.411 D/SoundHandler( 2475): handleMasterChange ratio:1:curVolume:84
03-25 14:00:32.411 D/SoundNgbDealer( 2475): setVolume volume:84
03-25 14:00:32.412 V/SUMA    ( 1549): roc_ss_set_item:set ROC_SYSSET_VOLUME OK 
03-25 14:00:32.412 D/SoundNgbDealer( 2475): setVolume result:true
03-25 14:00:32.412 D/PlayActivity( 2708): set the current sound:14: and result is:true
03-25 14:00:32.430 D/PlayActivity( 2708): dealViewAnimation and view is :android.widget.RelativeLayout{419715c8 V.E..... ......ID 441,530-1081,668 #7f0a010f app:id/playcontrol_sound_tile}, oldState is :0, destiState is :0, isNeedAct is :true, type is :0
03-25 14:00:32.607 D/RemoteIME( 2444): RemoteIME--> onKeyUp keyCode = 22
03-25 14:00:32.609 D/PlayActivity( 2708): dispatchKeyEvent,event:KeyEvent { action=ACTION_UP, keyCode=KEYCODE_DPAD_RIGHT, scanCode=106, metaState=0, flags=0x8, repeatCount=0, eventTime=304082, downTime=303872, deviceId=4, source=0x701 }:window focus:android.widget.RelativeLayout{40d88eb0 VFE..... .F...... 0,0-1280,720 #7f0a0109 app:id/playcontrol}
03-25 14:00:32.609 D/PlayActivity( 2708): the released keyCode is:22:time:304086
03-25 14:00:32.610 D/PlayActivity( 2708): onKeyUp,selectChannel:[DirectChannel@404fe0]channelID[0]oNetID[16]tsID[320]serviceID[323]freq[650000]name[F275CH3-赵建斌测试频道3]serviceType[2]attr[0]serialNum[3]serialNum4[3]pcrPID[8190]refServiceID[-1]
03-25 14:00:33.012 D/DirectLoaderXianning( 2475): parseNitSection data:986
03-25 14:00:33.013 D/DirectLoaderXianning( 2475): parseNitSection net tag:161:len:34
03-25 14:00:33.013 D/DirectLoaderXianning( 2475): parseNitSection net tag:64:len:11
03-25 14:00:33.013 D/DirectLoaderXianning( 2475): parseNitSection ts tag:65:len:21
03-25 14:00:33.013 D/DirectLoaderXianning( 2475): parseNitSection ts tag:68:len:11
03-25 14:00:33.013 D/DirectLoaderXianning( 2475): parseNitSection ts tag:65:len:21
03-25 14:00:33.013 D/DirectLoaderXianning( 2475): parseNitSection ts tag:68:len:11
03-25 14:00:33.013 D/DirectLoaderXianning( 2475): parseNitSection ts tag:65:len:21
03-25 14:00:33.013 D/DirectLoaderXianning( 2475): parseNitSection ts tag:68:len:11
03-25 14:00:33.013 D/DirectLoaderXianning( 2475): parseNitSection ts tag:65:len:21
03-25 14:00:33.013 D/DirectLoaderXianning( 2475): parseNitSection ts tag:68:len:11
03-25 14:00:33.013 D/DirectLoaderXianning( 2475): parseNitSection ts tag:65:len:21
03-25 14:00:33.013 D/DirectLoaderXianning( 2475): parseNitSection ts tag:68:len:11
03-25 14:00:33.013 D/DirectLoaderXianning( 2475): parseNitSection ts tag:65:len:21
03-25 14:00:33.013 D/DirectLoaderXianning( 2475): parseNitSection ts tag:68:len:11
03-25 14:00:33.013 D/DirectLoaderXianning( 2475): parseNitSection ts tag:65:len:21
03-25 14:00:33.015 D/DirectLoaderXianning( 2475): parseNitSection ts tag:68:len:11
03-25 14:00:33.015 D/DirectLoaderXianning( 2475): parseNitSection ts tag:65:len:21
03-25 14:00:33.015 D/DirectLoaderXianning( 2475): parseNitSection ts tag:68:len:11
03-25 14:00:33.015 D/DirectLoaderXianning( 2475): parseNitSection ts tag:65:len:21
03-25 14:00:33.015 D/DirectLoaderXianning( 2475): parseNitSection ts tag:68:len:11
03-25 14:00:33.015 D/DirectLoaderXianning( 2475): parseNitSection ts tag:65:len:15
03-25 14:00:33.015 D/DirectLoaderXianning( 2475): parseNitSection ts tag:68:len:11
03-25 14:00:33.015 D/DirectLoaderXianning( 2475): parseNitSection ts tag:65:len:15
03-25 14:00:33.015 D/DirectLoaderXianning( 2475): parseNitSection ts tag:68:len:11
03-25 14:00:33.015 D/DirectLoaderXianning( 2475): parseNitSection ts tag:65:len:21
03-25 14:00:33.016 D/DirectLoaderXianning( 2475): parseNitSection ts tag:68:len:11
03-25 14:00:33.016 D/DirectLoaderXianning( 2475): parseNitSection ts tag:65:len:18
03-25 14:00:33.016 D/DirectLoaderXianning( 2475): parseNitSection ts tag:68:len:11
03-25 14:00:33.016 D/DirectLoaderXianning( 2475): parseNitSection ts tag:65:len:21
03-25 14:00:33.016 D/DirectLoaderXianning( 2475): parseNitSection ts tag:68:len:11
03-25 14:00:33.016 D/DirectLoaderXianning( 2475): parseNitSection ts tag:65:len:21
03-25 14:00:33.016 D/DirectLoaderXianning( 2475): parseNitSection ts tag:68:len:11
03-25 14:00:33.016 D/DirectLoaderXianning( 2475): parseNitSection ts tag:65:len:21
03-25 14:00:33.016 D/DirectLoaderXianning( 2475): parseNitSection ts tag:68:len:11
03-25 14:00:33.016 D/DirectLoaderXianning( 2475): parseNitSection ts tag:65:len:21
03-25 14:00:33.016 D/DirectLoaderXianning( 2475): parseNitSection ts tag:68:len:11
03-25 14:00:33.016 D/DirectLoaderXianning( 2475): parseNitSection ts tag:65:len:9
03-25 14:00:33.016 D/DirectLoaderXianning( 2475): parseNitSection ts tag:68:len:11
03-25 14:00:33.016 D/DirectLoaderXianning( 2475): parseNitSection ts tag:65:len:9
03-25 14:00:33.016 D/DirectLoaderXianning( 2475): parseNitSection ts tag:68:len:11
03-25 14:00:33.016 D/DirectLoaderXianning( 2475): parseNitSection ts tag:65:len:21
03-25 14:00:33.016 D/DirectLoaderXianning( 2475): parseNitSection ts tag:68:len:11
03-25 14:00:33.016 D/DirectLoaderXianning( 2475): parseNitSection ts tag:65:len:21
03-25 14:00:33.016 D/DirectLoaderXianning( 2475): parseNitSection ts tag:68:len:11
03-25 14:00:33.016 D/DirectLoaderXianning( 2475): parseNitSection ts tag:65:len:15
03-25 14:00:33.017 D/DirectLoaderXianning( 2475): parseNitSection ts tag:68:len:11
03-25 14:00:33.017 D/DirectLoaderXianning( 2475): parseNitSection ts tag:65:len:21
03-25 14:00:33.017 D/DirectLoaderXianning( 2475): parseNitSection ts tag:68:len:11
03-25 14:00:33.017 D/DirectLoader( 2475): dealLoaderMonitor updateInfo:null
03-25 14:00:33.216 D/EventCache( 2708): refreshLoop refreshChannelList size:0
03-25 14:00:33.293 D/DlnaHandler( 2475): dealStart cp:org.cybergarage.d.e@40e35818
03-25 14:00:33.320 D/dalvikvm( 2475): GC_CONCURRENT freed 380K, 15% free 3058K/3564K, paused 3ms+3ms, total 22ms
03-25 14:00:33.320 D/dalvikvm( 2475): WAIT_FOR_CONCURRENT_GC blocked 15ms
03-25 14:00:33.327 D/DlnaHandler( 2475): getAllAddrs net:[wlan0][3]:name:wlan0
03-25 14:00:33.327 D/DlnaHandler( 2475): getAllAddrs net:[p2p0][4]:name:p2p0
03-25 14:00:33.327 D/DlnaHandler( 2475): getAllAddrs net:[eth0][2]:name:eth0
03-25 14:00:33.328 D/DlnaHandler( 2475): getAllAddrs net:[lo][1][/::1%1%1][/127.0.0.1]:name:lo
03-25 14:00:33.328 D/DlnaHandler( 2475): getAllAddrs addr:/::1%1%1
03-25 14:00:33.328 D/DlnaHandler( 2475): getAllAddrs addr:/127.0.0.1
03-25 14:00:33.514 D/RemoteIME( 2444): RemoteIME--> onKeyDown keyCode = 22
03-25 14:00:33.515 D/PlayActivity( 2708): dispatchKeyEvent,event:KeyEvent { action=ACTION_DOWN, keyCode=KEYCODE_DPAD_RIGHT, scanCode=106, metaState=0, flags=0x8, repeatCount=0, eventTime=304988, downTime=304988, deviceId=4, source=0x701 }:window focus:android.widget.RelativeLayout{40d88eb0 VFE..... .F...... 0,0-1280,720 #7f0a0109 app:id/playcontrol}
03-25 14:00:33.515 D/PlayActivity( 2708): the pressed keyCode is:22:and the pair state is:-1:time:304992:isEventDeal:falsefocus view:android.widget.RelativeLayout{40d88eb0 VFE..... .F...... 0,0-1280,720 #7f0a0109 app:id/playcontrol}
03-25 14:00:33.515 D/PlayActivity( 2708): onKeyDown dealADLink result: false
03-25 14:00:33.516 D/SoundNgbDealer( 2475): setVolume volume:90
03-25 14:00:33.517 V/PT>     ( 1549): >> HI3716M_INFO:rocme_porting_audio_set_volume- 
03-25 14:00:33.517 V/PT>     ( 1549): SET volume = 90 
03-25 14:00:33.517 V/SUMA    ( 1549): roc_ss_set_item:set ROC_SYSSET_VOLUME OK 
03-25 14:00:33.517 D/SoundNgbDealer( 2475): setVolume result:true
03-25 14:00:33.517 D/SoundAndroidDealer( 2475): setVolume volume:90:ratio:1
03-25 14:00:33.518 V/SUMA    ( 1549): roc_ss_get_item:get ROC_SYSSET_MUTE OK 
03-25 14:00:33.518 D/SoundAndroidDealer( 2475): setVolume isMute:false:ratio:1
03-25 14:00:33.524 D/ServiceBoot( 2475): volumeReceiver intent:Intent { act=android.media.MASTER_VOLUME_CHANGED_ACTION flg=0x10 (has extras) }:context:com.suma.midware.back.BackService@40dc5048
03-25 14:00:33.524 D/ServiceBoot( 2475): volumeReceiver nowValue:90:oldValue:84
03-25 14:00:33.525 V/SUMA    ( 1549): roc_ss_get_item:get ROC_SYSSET_MUTE OK 
03-25 14:00:33.526 D/PlayActivity( 2708): set the current sound:15: and result is:true
03-25 14:00:33.527 D/IvideoUtil( 2475): requestIvideoData reqParam:{"serverAddress":"http:\/\/192.166.66.33:8080\/PortalServer-App\/services\/PortalServer4Client?wsdl","location":"100085","sessionId":"","token":"","serialNumber":"0029040011070000002","method":"getPortalServerIP","type":"8","user":"","version":"030101","protalVersion":""}
03-25 14:00:33.529 D/SoundHandler( 2475): handleMasterChange ratio:1:curVolume:90
03-25 14:00:33.529 D/SoundNgbDealer( 2475): setVolume volume:90
03-25 14:00:33.530 V/SUMA    ( 1549): roc_ss_set_item:set ROC_SYSSET_VOLUME OK 
03-25 14:00:33.530 D/SoundNgbDealer( 2475): setVolume result:true
03-25 14:00:33.534 D/ConnectivityService( 2214): mActiveDefaultNetwork = -1
03-25 14:00:33.535 I/EthernetManager( 2214): getWifiDisguiseState0
03-25 14:00:33.535 E/LoadHttpHandler( 2475): startLoad net-unavailable
03-25 14:00:33.536 D/IvideoUtil( 2475): requestIvideoData isSuccess:false
03-25 14:00:33.540 D/IvideoUtil( 2475): requestIvideoData reqParam:{"serverAddress":"http:\/\/192.166.66.33:8080\/PortalServer-App\/services\/PortalServer4Client?wsdl","location":"100085","sessionId":"","token":"","serialNumber":"0029040011070000002","method":"getLocation","type":"8","user":"","version":"030101","protalVersion":""}
03-25 14:00:33.545 I/EthernetManager( 2214): getWifiDisguiseState0
03-25 14:00:33.545 D/ConnectivityService( 2214): mActiveDefaultNetwork = -1
03-25 14:00:33.546 E/LoadHttpHandler( 2475): startLoad net-unavailable
03-25 14:00:33.547 D/IvideoUtil( 2475): requestIvideoData isSuccess:false
03-25 14:00:33.547 E/IvideoConfig( 2475): getLocationMap locations null
03-25 14:00:33.548 D/PlayActivity( 2708): dealViewAnimation and view is :android.widget.RelativeLayout{419715c8 V.E..... ......ID 441,530-1081,668 #7f0a010f app:id/playcontrol_sound_tile}, oldState is :0, destiState is :0, isNeedAct is :true, type is :0
03-25 14:00:33.549 D/IvideoUtil( 2475): requestIvideoData reqParam:{"serverAddress":"http:\/\/192.166.66.33:8080\/PortalServer-App\/services\/PortalServer4Client?wsdl","location":"100085","sessionId":"","token":"","serialNumber":"0029040011070000002","method":"getServerTime","parameters":{"dateFormat":"yyyyMMddHHmmss"},"type":"8","user":"","version":"030101","protalVersion":""}
03-25 14:00:33.553 D/ConnectivityService( 2214): mActiveDefaultNetwork = -1
03-25 14:00:33.554 I/EthernetManager( 2214): getWifiDisguiseState0
03-25 14:00:33.554 E/LoadHttpHandler( 2475): startLoad net-unavailable
03-25 14:00:33.554 D/IvideoUtil( 2475): requestIvideoData isSuccess:false
03-25 14:00:33.555 D/IvideoUtil( 2475): requestIvideoData reqParam:{"serverAddress":"http:\/\/192.166.66.33:8080\/PortalServer-App\/services\/PortalServer4Client?wsdl","location":"100085","sessionId":"","token":"","serialNumber":"0029040011070000002","method":"getConfig","parameters":{"what":"0"},"type":"8","user":"","version":"030101","protalVersion":""}
03-25 14:00:33.557 D/ConnectivityService( 2214): mActiveDefaultNetwork = -1
03-25 14:00:33.558 I/EthernetManager( 2214): getWifiDisguiseState0
03-25 14:00:33.558 E/LoadHttpHandler( 2475): startLoad net-unavailable
03-25 14:00:33.559 D/IvideoUtil( 2475): requestIvideoData isSuccess:false
03-25 14:00:33.560 D/IvideoUtil( 2475): requestIvideoData reqParam:{"serverAddress":"http:\/\/192.166.66.33:8080\/PortalServer-App\/services\/PortalServer4Client?wsdl","location":"100085","sessionId":"","token":"","serialNumber":"0029040011070000002","method":"getResolution","type":"8","user":"","version":"030101","protalVersion":""}
03-25 14:00:33.561 D/ConnectivityService( 2214): mActiveDefaultNetwork = -1
03-25 14:00:33.562 I/EthernetManager( 2214): getWifiDisguiseState0
03-25 14:00:33.562 E/LoadHttpHandler( 2475): startLoad net-unavailable
03-25 14:00:33.562 D/IvideoUtil( 2475): requestIvideoData isSuccess:false
03-25 14:00:33.562 E/IvideoConfig( 2475): getResolutionList resolutions null
03-25 14:00:33.723 D/RemoteIME( 2444): RemoteIME--> onKeyUp keyCode = 22
03-25 14:00:33.725 D/PlayActivity( 2708): dispatchKeyEvent,event:KeyEvent { action=ACTION_UP, keyCode=KEYCODE_DPAD_RIGHT, scanCode=106, metaState=0, flags=0x8, repeatCount=0, eventTime=305198, downTime=304988, deviceId=4, source=0x701 }:window focus:android.widget.RelativeLayout{40d88eb0 VFE..... .F...... 0,0-1280,720 #7f0a0109 app:id/playcontrol}
03-25 14:00:33.725 D/PlayActivity( 2708): the released keyCode is:22:time:305202
03-25 14:00:33.725 D/PlayActivity( 2708): onKeyUp,selectChannel:[DirectChannel@404fe0]channelID[0]oNetID[16]tsID[320]serviceID[323]freq[650000]name[F275CH3-赵建斌测试频道3]serviceType[2]attr[0]serialNum[3]serialNum4[3]pcrPID[8190]refServiceID[-1]
03-25 14:00:33.787 I/System.out( 2475): [DEBUG QueryRequest] execute doQuery
03-25 14:00:33.788 D/SIDatabase( 2475): ^^^^Num of Network:0
03-25 14:00:34.655 D/RemoteIME( 2444): RemoteIME--> onKeyDown keyCode = 22
03-25 14:00:34.656 D/PlayActivity( 2708): dispatchKeyEvent,event:KeyEvent { action=ACTION_DOWN, keyCode=KEYCODE_DPAD_RIGHT, scanCode=106, metaState=0, flags=0x8, repeatCount=0, eventTime=306129, downTime=306129, deviceId=4, source=0x701 }:window focus:android.widget.RelativeLayout{40d88eb0 VFE..... .F...... 0,0-1280,720 #7f0a0109 app:id/playcontrol}
03-25 14:00:34.657 D/PlayActivity( 2708): the pressed keyCode is:22:and the pair state is:-1:time:306133:isEventDeal:falsefocus view:android.widget.RelativeLayout{40d88eb0 VFE..... .F...... 0,0-1280,720 #7f0a0109 app:id/playcontrol}
03-25 14:00:34.657 D/PlayActivity( 2708): onKeyDown dealADLink result: false
03-25 14:00:34.675 D/PlayActivity( 2708): dealViewAnimation and view is :android.widget.RelativeLayout{419715c8 V.E..... ......ID 441,530-1081,668 #7f0a010f app:id/playcontrol_sound_tile}, oldState is :0, destiState is :0, isNeedAct is :true, type is :0
03-25 14:00:34.864 D/RemoteIME( 2444): RemoteIME--> onKeyUp keyCode = 22
03-25 14:00:34.865 D/PlayActivity( 2708): dispatchKeyEvent,event:KeyEvent { action=ACTION_UP, keyCode=KEYCODE_DPAD_RIGHT, scanCode=106, metaState=0, flags=0x8, repeatCount=0, eventTime=306339, downTime=306129, deviceId=4, source=0x701 }:window focus:android.widget.RelativeLayout{40d88eb0 VFE..... .F...... 0,0-1280,720 #7f0a0109 app:id/playcontrol}
03-25 14:00:34.866 D/PlayActivity( 2708): the released keyCode is:22:time:306343
03-25 14:00:34.866 D/PlayActivity( 2708): onKeyUp,selectChannel:[DirectChannel@404fe0]channelID[0]oNetID[16]tsID[320]serviceID[323]freq[650000]name[F275CH3-赵建斌测试频道3]serviceType[2]attr[0]serialNum[3]serialNum4[3]pcrPID[8190]refServiceID[-1]
03-25 14:00:35.689 D/RemoteIME( 2444): RemoteIME--> onKeyDown keyCode = 21
03-25 14:00:35.691 D/PlayActivity( 2708): dispatchKeyEvent,event:KeyEvent { action=ACTION_DOWN, keyCode=KEYCODE_DPAD_LEFT, scanCode=105, metaState=0, flags=0x8, repeatCount=0, eventTime=307163, downTime=307163, deviceId=4, source=0x701 }:window focus:android.widget.RelativeLayout{40d88eb0 VFE..... .F...... 0,0-1280,720 #7f0a0109 app:id/playcontrol}
03-25 14:00:35.692 D/PlayActivity( 2708): the pressed keyCode is:21:and the pair state is:-1:time:307169:isEventDeal:falsefocus view:android.widget.RelativeLayout{40d88eb0 VFE..... .F...... 0,0-1280,720 #7f0a0109 app:id/playcontrol}
03-25 14:00:35.692 D/PlayActivity( 2708): onKeyDown dealADLink result: false
03-25 14:00:35.693 D/SoundNgbDealer( 2475): setVolume volume:84
03-25 14:00:35.693 V/PT>     ( 1549): >> HI3716M_INFO:rocme_porting_audio_set_volume- 
03-25 14:00:35.693 V/PT>     ( 1549): SET volume = 84 
03-25 14:00:35.693 V/SUMA    ( 1549): roc_ss_set_item:set ROC_SYSSET_VOLUME OK 
03-25 14:00:35.693 D/SoundNgbDealer( 2475): setVolume result:true
03-25 14:00:35.693 D/SoundAndroidDealer( 2475): setVolume volume:84:ratio:1
03-25 14:00:35.694 V/SUMA    ( 1549): roc_ss_get_item:get ROC_SYSSET_MUTE OK 
03-25 14:00:35.695 D/SoundAndroidDealer( 2475): setVolume isMute:false:ratio:1
03-25 14:00:35.699 D/ServiceBoot( 2475): volumeReceiver intent:Intent { act=android.media.MASTER_VOLUME_CHANGED_ACTION flg=0x10 (has extras) }:context:com.suma.midware.back.BackService@40dc5048
03-25 14:00:35.699 D/ServiceBoot( 2475): volumeReceiver nowValue:84:oldValue:90
03-25 14:00:35.699 V/SUMA    ( 1549): roc_ss_get_item:get ROC_SYSSET_MUTE OK 
03-25 14:00:35.701 D/SoundHandler( 2475): handleMasterChange ratio:1:curVolume:84
03-25 14:00:35.701 D/SoundNgbDealer( 2475): setVolume volume:84
03-25 14:00:35.701 V/SUMA    ( 1549): roc_ss_set_item:set ROC_SYSSET_VOLUME OK 
03-25 14:00:35.701 D/SoundNgbDealer( 2475): setVolume result:true
03-25 14:00:35.702 D/PlayActivity( 2708): set the current sound:14: and result is:true
03-25 14:00:35.723 D/PlayActivity( 2708): dealViewAnimation and view is :android.widget.RelativeLayout{419715c8 V.E..... ......ID 441,530-1081,668 #7f0a010f app:id/playcontrol_sound_tile}, oldState is :0, destiState is :0, isNeedAct is :true, type is :0
03-25 14:00:35.898 D/RemoteIME( 2444): RemoteIME--> onKeyUp keyCode = 21
03-25 14:00:35.899 D/PlayActivity( 2708): dispatchKeyEvent,event:KeyEvent { action=ACTION_UP, keyCode=KEYCODE_DPAD_LEFT, scanCode=105, metaState=0, flags=0x8, repeatCount=0, eventTime=307373, downTime=307163, deviceId=4, source=0x701 }:window focus:android.widget.RelativeLayout{40d88eb0 VFE..... .F...... 0,0-1280,720 #7f0a0109 app:id/playcontrol}
03-25 14:00:35.900 D/PlayActivity( 2708): the released keyCode is:21:time:307377
03-25 14:00:35.901 D/PlayActivity( 2708): onKeyUp,selectChannel:[DirectChannel@404fe0]channelID[0]oNetID[16]tsID[320]serviceID[323]freq[650000]name[F275CH3-赵建斌测试频道3]serviceType[2]attr[0]serialNum[3]serialNum4[3]pcrPID[8190]refServiceID[-1]
03-25 14:00:36.125 D/RemoteIME( 2444): RemoteIME--> onKeyDown keyCode = 21
03-25 14:00:36.127 D/PlayActivity( 2708): dispatchKeyEvent,event:KeyEvent { action=ACTION_DOWN, keyCode=KEYCODE_DPAD_LEFT, scanCode=105, metaState=0, flags=0x8, repeatCount=0, eventTime=307600, downTime=307600, deviceId=4, source=0x701 }:window focus:android.widget.RelativeLayout{40d88eb0 VFE..... .F...... 0,0-1280,720 #7f0a0109 app:id/playcontrol}
03-25 14:00:36.127 D/PlayActivity( 2708): the pressed keyCode is:21:and the pair state is:-1:time:307604:isEventDeal:falsefocus view:android.widget.RelativeLayout{40d88eb0 VFE..... .F...... 0,0-1280,720 #7f0a0109 app:id/playcontrol}
03-25 14:00:36.127 D/PlayActivity( 2708): onKeyDown dealADLink result: false
03-25 14:00:36.128 D/SoundNgbDealer( 2475): setVolume volume:78
03-25 14:00:36.129 V/PT>     ( 1549): >> HI3716M_INFO:rocme_porting_audio_set_volume- 
03-25 14:00:36.129 V/PT>     ( 1549): SET volume = 78 
03-25 14:00:36.129 V/SUMA    ( 1549): roc_ss_set_item:set ROC_SYSSET_VOLUME OK 
03-25 14:00:36.129 D/SoundNgbDealer( 2475): setVolume result:true
03-25 14:00:36.129 D/SoundAndroidDealer( 2475): setVolume volume:78:ratio:1
03-25 14:00:36.129 V/SUMA    ( 1549): roc_ss_get_item:get ROC_SYSSET_MUTE OK 
03-25 14:00:36.130 D/SoundAndroidDealer( 2475): setVolume isMute:false:ratio:1
03-25 14:00:36.135 D/PlayActivity( 2708): set the current sound:13: and result is:true
03-25 14:00:36.136 D/ServiceBoot( 2475): volumeReceiver intent:Intent { act=android.media.MASTER_VOLUME_CHANGED_ACTION flg=0x10 (has extras) }:context:com.suma.midware.back.BackService@40dc5048
03-25 14:00:36.137 D/ServiceBoot( 2475): volumeReceiver nowValue:78:oldValue:84
03-25 14:00:36.138 V/SUMA    ( 1549): roc_ss_get_item:get ROC_SYSSET_MUTE OK 
03-25 14:00:36.139 D/SoundHandler( 2475): handleMasterChange ratio:1:curVolume:78
03-25 14:00:36.139 D/SoundNgbDealer( 2475): setVolume volume:78
03-25 14:00:36.140 V/SUMA    ( 1549): roc_ss_set_item:set ROC_SYSSET_VOLUME OK 
03-25 14:00:36.140 D/SoundNgbDealer( 2475): setVolume result:true
03-25 14:00:36.157 D/PlayActivity( 2708): dealViewAnimation and view is :android.widget.RelativeLayout{419715c8 V.E..... ......ID 441,530-1081,668 #7f0a010f app:id/playcontrol_sound_tile}, oldState is :0, destiState is :0, isNeedAct is :true, type is :0
03-25 14:00:36.233 D/dalvikvm( 2708): GC_CONCURRENT freed 1854K, 7% free 28575K/30452K, paused 3ms+6ms, total 40ms
03-25 14:00:36.335 D/RemoteIME( 2444): RemoteIME--> onKeyUp keyCode = 21
03-25 14:00:36.338 D/PlayActivity( 2708): dispatchKeyEvent,event:KeyEvent { action=ACTION_UP, keyCode=KEYCODE_DPAD_LEFT, scanCode=105, metaState=0, flags=0x8, repeatCount=0, eventTime=307810, downTime=307600, deviceId=4, source=0x701 }:window focus:android.widget.RelativeLayout{40d88eb0 VFE..... .F...... 0,0-1280,720 #7f0a0109 app:id/playcontrol}
03-25 14:00:36.338 D/PlayActivity( 2708): the released keyCode is:21:time:307815
03-25 14:00:36.339 D/PlayActivity( 2708): onKeyUp,selectChannel:[DirectChannel@404fe0]channelID[0]oNetID[16]tsID[320]serviceID[323]freq[650000]name[F275CH3-赵建斌测试频道3]serviceType[2]attr[0]serialNum[3]serialNum4[3]pcrPID[8190]refServiceID[-1]
03-25 14:00:37.578 I/System.out( 2475): [DEBUG QueryRequest] execute doQuery
03-25 14:00:37.579 D/SIDatabase( 2475): ^^^^Num of Network:0
03-25 14:00:38.017 D/DirectLoaderXianning( 2475): parseNitSection data:986
03-25 14:00:38.017 D/DirectLoaderXianning( 2475): parseNitSection net tag:161:len:34
03-25 14:00:38.017 D/DirectLoaderXianning( 2475): parseNitSection net tag:64:len:11
03-25 14:00:38.017 D/DirectLoaderXianning( 2475): parseNitSection ts tag:65:len:21
03-25 14:00:38.017 D/DirectLoaderXianning( 2475): parseNitSection ts tag:68:len:11
03-25 14:00:38.017 D/DirectLoaderXianning( 2475): parseNitSection ts tag:65:len:21
03-25 14:00:38.017 D/DirectLoaderXianning( 2475): parseNitSection ts tag:68:len:11
03-25 14:00:38.017 D/DirectLoaderXianning( 2475): parseNitSection ts tag:65:len:21
03-25 14:00:38.018 D/DirectLoaderXianning( 2475): parseNitSection ts tag:68:len:11
03-25 14:00:38.018 D/DirectLoaderXianning( 2475): parseNitSection ts tag:65:len:21
03-25 14:00:38.018 D/DirectLoaderXianning( 2475): parseNitSection ts tag:68:len:11
03-25 14:00:38.018 D/DirectLoaderXianning( 2475): parseNitSection ts tag:65:len:21
03-25 14:00:38.018 D/DirectLoaderXianning( 2475): parseNitSection ts tag:68:len:11
03-25 14:00:38.018 D/DirectLoaderXianning( 2475): parseNitSection ts tag:65:len:21
03-25 14:00:38.018 D/DirectLoaderXianning( 2475): parseNitSection ts tag:68:len:11
03-25 14:00:38.018 D/DirectLoaderXianning( 2475): parseNitSection ts tag:65:len:21
03-25 14:00:38.018 D/DirectLoaderXianning( 2475): parseNitSection ts tag:68:len:11
03-25 14:00:38.018 D/DirectLoaderXianning( 2475): parseNitSection ts tag:65:len:21
03-25 14:00:38.018 D/DirectLoaderXianning( 2475): parseNitSection ts tag:68:len:11
03-25 14:00:38.018 D/DirectLoaderXianning( 2475): parseNitSection ts tag:65:len:21
03-25 14:00:38.018 D/DirectLoaderXianning( 2475): parseNitSection ts tag:68:len:11
03-25 14:00:38.018 D/DirectLoaderXianning( 2475): parseNitSection ts tag:65:len:15
03-25 14:00:38.018 D/DirectLoaderXianning( 2475): parseNitSection ts tag:68:len:11
03-25 14:00:38.018 D/DirectLoaderXianning( 2475): parseNitSection ts tag:65:len:15
03-25 14:00:38.018 D/DirectLoaderXianning( 2475): parseNitSection ts tag:68:len:11
03-25 14:00:38.018 D/DirectLoaderXianning( 2475): parseNitSection ts tag:65:len:21
03-25 14:00:38.019 D/DirectLoaderXianning( 2475): parseNitSection ts tag:68:len:11
03-25 14:00:38.019 D/DirectLoaderXianning( 2475): parseNitSection ts tag:65:len:18
03-25 14:00:38.019 D/DirectLoaderXianning( 2475): parseNitSection ts tag:68:len:11
03-25 14:00:38.019 D/DirectLoaderXianning( 2475): parseNitSection ts tag:65:len:21
03-25 14:00:38.019 D/DirectLoaderXianning( 2475): parseNitSection ts tag:68:len:11
03-25 14:00:38.019 D/DirectLoaderXianning( 2475): parseNitSection ts tag:65:len:21
03-25 14:00:38.019 D/DirectLoaderXianning( 2475): parseNitSection ts tag:68:len:11
03-25 14:00:38.019 D/DirectLoaderXianning( 2475): parseNitSection ts tag:65:len:21
03-25 14:00:38.019 D/DirectLoaderXianning( 2475): parseNitSection ts tag:68:len:11
03-25 14:00:38.019 D/DirectLoaderXianning( 2475): parseNitSection ts tag:65:len:21
03-25 14:00:38.019 D/DirectLoaderXianning( 2475): parseNitSection ts tag:68:len:11
03-25 14:00:38.019 D/DirectLoaderXianning( 2475): parseNitSection ts tag:65:len:9
03-25 14:00:38.019 D/DirectLoaderXianning( 2475): parseNitSection ts tag:68:len:11
03-25 14:00:38.019 D/DirectLoaderXianning( 2475): parseNitSection ts tag:65:len:9
03-25 14:00:38.019 D/DirectLoaderXianning( 2475): parseNitSection ts tag:68:len:11
03-25 14:00:38.020 D/DirectLoaderXianning( 2475): parseNitSection ts tag:65:len:21
03-25 14:00:38.020 D/DirectLoaderXianning( 2475): parseNitSection ts tag:68:len:11
03-25 14:00:38.020 D/DirectLoaderXianning( 2475): parseNitSection ts tag:65:len:21
03-25 14:00:38.020 D/DirectLoaderXianning( 2475): parseNitSection ts tag:68:len:11
03-25 14:00:38.020 D/DirectLoaderXianning( 2475): parseNitSection ts tag:65:len:15
03-25 14:00:38.020 D/DirectLoaderXianning( 2475): parseNitSection ts tag:68:len:11
03-25 14:00:38.020 D/DirectLoaderXianning( 2475): parseNitSection ts tag:65:len:21
03-25 14:00:38.020 D/DirectLoaderXianning( 2475): parseNitSection ts tag:68:len:11
03-25 14:00:38.020 D/DirectLoader( 2475): dealLoaderMonitor updateInfo:null
03-25 14:00:38.217 D/EventCache( 2708): refreshLoop refreshChannelList size:0
03-25 14:00:38.292 D/DlnaHandler( 2475): dealStart cp:org.cybergarage.d.e@40e35818
03-25 14:00:38.321 D/dalvikvm( 2475): GC_CONCURRENT freed 525K, 16% free 3034K/3584K, paused 4ms+3ms, total 27ms
03-25 14:00:38.322 D/dalvikvm( 2475): WAIT_FOR_CONCURRENT_GC blocked 14ms
03-25 14:00:38.324 D/DlnaHandler( 2475): getAllAddrs net:[wlan0][3]:name:wlan0
03-25 14:00:38.324 D/DlnaHandler( 2475): getAllAddrs net:[p2p0][4]:name:p2p0
03-25 14:00:38.324 D/DlnaHandler( 2475): getAllAddrs net:[eth0][2]:name:eth0
03-25 14:00:38.325 D/DlnaHandler( 2475): getAllAddrs net:[lo][1][/::1%1%1][/127.0.0.1]:name:lo
03-25 14:00:38.325 D/DlnaHandler( 2475): getAllAddrs addr:/::1%1%1
03-25 14:00:38.325 D/DlnaHandler( 2475): getAllAddrs addr:/127.0.0.1
03-25 14:00:38.406 D/Main3DActivity( 2489): requestWelcomList count:3:columnID:
03-25 14:00:38.406 D/IvideoUtil( 2475): requestWelcomeList columnID::count:3
03-25 14:00:38.406 D/IvideoUtil( 2475): requestPrograms column:null:category:null:startIndex:0:endIndex:3:keyWord:null:sortType:0:year:-1:location:0:programName:null
03-25 14:00:38.407 D/IvideoUtil( 2475): requestIvideoData reqParam:{"serverAddress":"http:\/\/192.166.66.33:8080\/PortalServer-App\/services\/PortalServer4Client?wsdl","location":"100085","sessionId":"","token":"","serialNumber":"0029040011070000002","method":"getWelcomeList","parameters":{"columnId":"","counts":"3"},"type":"8","user":"","version":"030101","protalVersion":""}
03-25 14:00:38.407 D/IvideoUtil( 2475): requestIvideoData reqParam:{"serverAddress":"http:\/\/192.166.66.33:8080\/PortalServer-App\/services\/PortalServer4Client?wsdl","location":"100085","sessionId":"","token":"","serialNumber":"0029040011070000002","method":"getProgramInfoList","parameters":{"location":"0","start":"0","queryValue":"","categoryId":"","sortType":"0","year":"","columnId":"","end":"3","programName":""},"type":"8","user":"","version":"030101","protalVersion":""}
03-25 14:00:38.409 I/EthernetManager( 2214): getWifiDisguiseState0
03-25 14:00:38.409 D/ConnectivityService( 2214): mActiveDefaultNetwork = -1
03-25 14:00:38.410 I/EthernetManager( 2214): getWifiDisguiseState0
03-25 14:00:38.410 E/LoadHttpHandler( 2475): startLoad net-unavailable
03-25 14:00:38.410 D/IvideoUtil( 2475): requestIvideoData isSuccess:false
03-25 14:00:38.410 E/IvideoUtil( 2475): requestWelcomeList jObj null
03-25 14:00:38.410 D/ConnectivityService( 2214): mActiveDefaultNetwork = -1
03-25 14:00:38.411 E/LoadHttpHandler( 2475): startLoad net-unavailable
03-25 14:00:38.411 D/IvideoUtil( 2475): requestIvideoData isSuccess:false
03-25 14:00:38.411 E/IvideoUtil( 2475): requestPrograms jObj null
03-25 14:00:39.160 D/PlayActivity( 2708): dealViewAnimation and view is :android.widget.RelativeLayout{419715c8 I.E..... ......ID 441,530-1081,668 #7f0a010f app:id/playcontrol_sound_tile}, oldState is :0, destiState is :4, isNeedAct is :true, type is :0
03-25 14:00:39.161 D/PlayActivity( 2708): requestCornerMarkDisplay
03-25 14:00:39.162 D/PlayActivity( 2708): requestAdv adv advType :10:channel:null
03-25 14:00:39.163 D/EsgBaseDealer( 2475): getAdvs adType:10:locator:[EsgLocator@404fe0]oNetID[16]tsID[320]serviceID[323]freq[650000]
03-25 14:00:39.163 D/EsgRunner( 2475): getAdvs reqType:10:locator:[EsgLocator@404fe0]oNetID[16]tsID[320]serviceID[323]freq[650000]
03-25 14:00:39.164 D/PlayActivity( 2708): getAdvs end,advType:10:advs:null
